Archive member included to satisfy reference by file (symbol)

/opt/homebrew/Cellar/arm-none-eabi-gcc/10.3-2021.07/gcc/bin/../lib/gcc/arm-none-eabi/10.3.1/thumb/v6-m/nofp/libgcc.a(_dvmd_tls.o)
                              CMakeFiles/test.dir/Users/jonah/pico/pico-sdk/src/rp2_common/pico_divider/divider.S.obj (__aeabi_idiv0)
/opt/homebrew/Cellar/arm-none-eabi-gcc/10.3-2021.07/gcc/bin/../lib/gcc/arm-none-eabi/10.3.1/../../../../arm-none-eabi/lib/thumb/v6-m/nofp/libc.a(lib_a-calloc.o)
                              CMakeFiles/test.dir/Users/jonah/pico/pico-sdk/src/rp2_common/pico_malloc/pico_malloc.c.obj (calloc)
/opt/homebrew/Cellar/arm-none-eabi-gcc/10.3-2021.07/gcc/bin/../lib/gcc/arm-none-eabi/10.3.1/../../../../arm-none-eabi/lib/thumb/v6-m/nofp/libc.a(lib_a-callocr.o)
                              /opt/homebrew/Cellar/arm-none-eabi-gcc/10.3-2021.07/gcc/bin/../lib/gcc/arm-none-eabi/10.3.1/../../../../arm-none-eabi/lib/thumb/v6-m/nofp/libc.a(lib_a-calloc.o) (_calloc_r)
/opt/homebrew/Cellar/arm-none-eabi-gcc/10.3-2021.07/gcc/bin/../lib/gcc/arm-none-eabi/10.3.1/../../../../arm-none-eabi/lib/thumb/v6-m/nofp/libc.a(lib_a-difftime.o)
                              CMakeFiles/test.dir/main.cpp.obj (difftime)
/opt/homebrew/Cellar/arm-none-eabi-gcc/10.3-2021.07/gcc/bin/../lib/gcc/arm-none-eabi/10.3.1/../../../../arm-none-eabi/lib/thumb/v6-m/nofp/libc.a(lib_a-errno.o)
                              /opt/homebrew/Cellar/arm-none-eabi-gcc/10.3-2021.07/gcc/bin/../lib/gcc/arm-none-eabi/10.3.1/../../../../arm-none-eabi/lib/thumb/v6-m/nofp/libc.a(lib_a-callocr.o) (__errno)
/opt/homebrew/Cellar/arm-none-eabi-gcc/10.3-2021.07/gcc/bin/../lib/gcc/arm-none-eabi/10.3.1/../../../../arm-none-eabi/lib/thumb/v6-m/nofp/libc.a(lib_a-impure.o)
                              /opt/homebrew/Cellar/arm-none-eabi-gcc/10.3-2021.07/gcc/bin/../lib/gcc/arm-none-eabi/10.3.1/../../../../arm-none-eabi/lib/thumb/v6-m/nofp/libc.a(lib_a-calloc.o) (_impure_ptr)
/opt/homebrew/Cellar/arm-none-eabi-gcc/10.3-2021.07/gcc/bin/../lib/gcc/arm-none-eabi/10.3.1/../../../../arm-none-eabi/lib/thumb/v6-m/nofp/libc.a(lib_a-init.o)
                              /opt/homebrew/Cellar/arm-none-eabi-gcc/10.3-2021.07/gcc/bin/../lib/gcc/arm-none-eabi/10.3.1/../../../../arm-none-eabi/lib/thumb/v6-m/nofp/crt0.o (__libc_init_array)
/opt/homebrew/Cellar/arm-none-eabi-gcc/10.3-2021.07/gcc/bin/../lib/gcc/arm-none-eabi/10.3.1/../../../../arm-none-eabi/lib/thumb/v6-m/nofp/libc.a(lib_a-malloc.o)
                              CMakeFiles/test.dir/Users/jonah/pico/pico-sdk/src/rp2_common/pico_malloc/pico_malloc.c.obj (malloc)
/opt/homebrew/Cellar/arm-none-eabi-gcc/10.3-2021.07/gcc/bin/../lib/gcc/arm-none-eabi/10.3.1/../../../../arm-none-eabi/lib/thumb/v6-m/nofp/libc.a(lib_a-mallocr.o)
                              /opt/homebrew/Cellar/arm-none-eabi-gcc/10.3-2021.07/gcc/bin/../lib/gcc/arm-none-eabi/10.3.1/../../../../arm-none-eabi/lib/thumb/v6-m/nofp/libc.a(lib_a-callocr.o) (_malloc_r)
/opt/homebrew/Cellar/arm-none-eabi-gcc/10.3-2021.07/gcc/bin/../lib/gcc/arm-none-eabi/10.3.1/../../../../arm-none-eabi/lib/thumb/v6-m/nofp/libc.a(lib_a-memmove.o)
                              CMakeFiles/test.dir/AlgoOver.cpp.obj (memmove)
/opt/homebrew/Cellar/arm-none-eabi-gcc/10.3-2021.07/gcc/bin/../lib/gcc/arm-none-eabi/10.3.1/../../../../arm-none-eabi/lib/thumb/v6-m/nofp/libc.a(lib_a-mktime.o)
                              CMakeFiles/test.dir/main.cpp.obj (mktime)
/opt/homebrew/Cellar/arm-none-eabi-gcc/10.3-2021.07/gcc/bin/../lib/gcc/arm-none-eabi/10.3.1/../../../../arm-none-eabi/lib/thumb/v6-m/nofp/libc.a(lib_a-mlock.o)
                              /opt/homebrew/Cellar/arm-none-eabi-gcc/10.3-2021.07/gcc/bin/../lib/gcc/arm-none-eabi/10.3.1/../../../../arm-none-eabi/lib/thumb/v6-m/nofp/libc.a(lib_a-mallocr.o) (__malloc_lock)
/opt/homebrew/Cellar/arm-none-eabi-gcc/10.3-2021.07/gcc/bin/../lib/gcc/arm-none-eabi/10.3.1/../../../../arm-none-eabi/lib/thumb/v6-m/nofp/libc.a(lib_a-rand.o)
                              CMakeFiles/test.dir/main.cpp.obj (srand)
/opt/homebrew/Cellar/arm-none-eabi-gcc/10.3-2021.07/gcc/bin/../lib/gcc/arm-none-eabi/10.3.1/../../../../arm-none-eabi/lib/thumb/v6-m/nofp/libc.a(lib_a-random.o)
                              CMakeFiles/test.dir/jfunc.cpp.obj (srandom)
/opt/homebrew/Cellar/arm-none-eabi-gcc/10.3-2021.07/gcc/bin/../lib/gcc/arm-none-eabi/10.3.1/../../../../arm-none-eabi/lib/thumb/v6-m/nofp/libc.a(lib_a-realloc.o)
                              CMakeFiles/test.dir/Users/jonah/pico/pico-sdk/src/rp2_common/pico_malloc/pico_malloc.c.obj (realloc)
/opt/homebrew/Cellar/arm-none-eabi-gcc/10.3-2021.07/gcc/bin/../lib/gcc/arm-none-eabi/10.3.1/../../../../arm-none-eabi/lib/thumb/v6-m/nofp/libc.a(lib_a-reallocr.o)
                              /opt/homebrew/Cellar/arm-none-eabi-gcc/10.3-2021.07/gcc/bin/../lib/gcc/arm-none-eabi/10.3.1/../../../../arm-none-eabi/lib/thumb/v6-m/nofp/libc.a(lib_a-realloc.o) (_realloc_r)
[...]
Memory Configuration

Name             Origin             Length             Attributes
FLASH            0x0000000010000000 0x0000000000200000 xr
RAM              0x0000000020000000 0x0000000000040000 xrw
SCRATCH_X        0x0000000020040000 0x0000000000001000 xrw
SCRATCH_Y        0x0000000020041000 0x0000000000001000 xrw
*default*        0x0000000000000000 0xffffffffffffffff

Linker script and memory map

LOAD /opt/homebrew/Cellar/arm-none-eabi-gcc/10.3-2021.07/gcc/bin/../lib/gcc/arm-none-eabi/10.3.1/thumb/v6-m/nofp/crti.o
LOAD /opt/homebrew/Cellar/arm-none-eabi-gcc/10.3-2021.07/gcc/bin/../lib/gcc/arm-none-eabi/10.3.1/thumb/v6-m/nofp/crtbegin.o
LOAD /opt/homebrew/Cellar/arm-none-eabi-gcc/10.3-2021.07/gcc/bin/../lib/gcc/arm-none-eabi/10.3.1/../../../../arm-none-eabi/lib/thumb/v6-m/nofp/crt0.o

.flash_begin    0x0000000010000000        0x0
                0x0000000010000000                __flash_binary_start = .

.boot2          0x0000000010000000      0x100
                0x0000000010000000                __boot2_start__ = .
 *(.boot2)
 .boot2         0x0000000010000000      0x100 /var/folders/fq/wmz1g5w10fx__flx76qdnhl00000gn/T//cc502w2C.o
                0x0000000010000100                __boot2_end__ = .
                0x0000000000000001                ASSERT (((__boot2_end__ - __boot2_start__) == 0x100), ERROR: Pico second stage bootloader must be 256 bytes in size)

.text           0x0000000010000100     0xc9c0
                0x0000000010000100                __logical_binary_start = .
 *(.vectors)
 .vectors       0x0000000010000100       0xd4 CMakeFiles/test.dir/Users/jonah/pico/pico-sdk/src/rp2_common/pico_standard_link/crt0.S.obj
                0x0000000010000100                __VECTOR_TABLE
                0x0000000010000100                __vectors
                0x00000000100001c0                __default_isrs_start
                0x00000000100001c0                isr_invalid
                0x00000000100001c2                isr_nmi
                0x00000000100001c4                isr_hardfault
                0x00000000100001c6                isr_svcall
                0x00000000100001c8                isr_pendsv
                0x00000000100001ca                isr_systick
                0x00000000100001cc                isr_irq28
                0x00000000100001cc                isr_irq19
                0x00000000100001cc                isr_irq0
                0x00000000100001cc                isr_irq6
                0x00000000100001cc                isr_irq22
                0x00000000100001cc                isr_irq17
                0x00000000100001cc                isr_irq14
                0x00000000100001cc                isr_irq2
                0x00000000100001cc                isr_irq10
                0x00000000100001cc                isr_irq8
                0x00000000100001cc                isr_irq24
                0x00000000100001cc                isr_irq1
                0x00000000100001cc                isr_irq7
                0x00000000100001cc                isr_irq21
                0x00000000100001cc                isr_irq20
                0x00000000100001cc                isr_irq15
                0x00000000100001cc                isr_irq25
                0x00000000100001cc                isr_irq4
                0x00000000100001cc                isr_irq16
                0x00000000100001cc                isr_irq29
                0x00000000100001cc                isr_irq26
                0x00000000100001cc                __default_isrs_end
                0x00000000100001cc                isr_irq3
                0x00000000100001cc                isr_irq9
                0x00000000100001cc                __unhandled_user_irq
                0x00000000100001cc                isr_irq13
                0x00000000100001cc                isr_irq27
                0x00000000100001cc                isr_irq31
                0x00000000100001cc                isr_irq5
                0x00000000100001cc                isr_irq11
                0x00000000100001cc                isr_irq23
                0x00000000100001cc                isr_irq18
                0x00000000100001cc                isr_irq30
                0x00000000100001cc                isr_irq12
                0x00000000100001d2                unhandled_user_irq_num_in_r0
 *(.binary_info_header)
 .binary_info_header
                0x00000000100001d4       0x14 CMakeFiles/test.dir/Users/jonah/pico/pico-sdk/src/rp2_common/pico_standard_link/crt0.S.obj
                0x00000000100001e8                __binary_info_header_end = .
 *(.reset)
 .reset         0x00000000100001e8       0xa8 CMakeFiles/test.dir/Users/jonah/pico/pico-sdk/src/rp2_common/pico_standard_link/crt0.S.obj
                0x00000000100001e8                _entry_point
                0x0000000010000266                __get_current_exception
 .reset         0x0000000010000290       0x30 CMakeFiles/test.dir/Users/jonah/pico/pico-sdk/src/rp2_common/pico_standard_link/binary_info.c.obj
 *(.init)
 .init          0x00000000100002c0        0x4 /opt/homebrew/Cellar/arm-none-eabi-gcc/10.3-2021.07/gcc/bin/../lib/gcc/arm-none-eabi/10.3.1/thumb/v6-m/nofp/crti.o
                0x00000000100002c0                _init
 *(EXCLUDE_FILE(*libm.a: *libc.a:*lib_a-mem*.o *libgcc.a:) .text*)
 .text          0x00000000100002c4       0x48 /opt/homebrew/Cellar/arm-none-eabi-gcc/10.3-2021.07/gcc/bin/../lib/gcc/arm-none-eabi/10.3.1/thumb/v6-m/nofp/crtbegin.o
 .text._Z6randoml
                0x000000001000030c       0x18 CMakeFiles/test.dir/jfunc.cpp.obj
                0x000000001000030c                random(long)
 .text._Z6randomll
                0x0000000010000324       0x1c CMakeFiles/test.dir/jfunc.cpp.obj
                0x0000000010000324                random(long, long)
 .text._Z3maplllll
                0x0000000010000340       0x18 CMakeFiles/test.dir/jfunc.cpp.obj
                0x0000000010000340                map(long, long, long, long, long)
 .text.set_sys_clock_khz.constprop.0.isra.0
                0x0000000010000358       0x24 CMakeFiles/test.dir/main.cpp.obj
 .text._ZN5Light9setLightsEiii
                0x000000001000037c      0x124 CMakeFiles/test.dir/main.cpp.obj
                0x000000001000037c                Light::setLights(int, int, int)
 .text._Z5setupv
                0x00000000100004a0       0xf0 CMakeFiles/test.dir/main.cpp.obj
                0x00000000100004a0                setup()
 .text._Z10clockSetupv
                0x0000000010000590      0x16c CMakeFiles/test.dir/main.cpp.obj
                0x0000000010000590                clockSetup()
 .text._Z9algoSetupv
                0x00000000100006fc      0x348 CMakeFiles/test.dir/main.cpp.obj
                0x00000000100006fc                algoSetup()
 .text.startup.main
                0x0000000010000a44      0x2a4 CMakeFiles/test.dir/main.cpp.obj
                0x0000000010000a44                main
 .text.startup._GLOBAL__sub_I_usbWait
                0x0000000010000ce8       0x40 CMakeFiles/test.dir/main.cpp.obj
 .text._ZN8AlgoOverC2Ev
                0x0000000010000d28       0x70 CMakeFiles/test.dir/AlgoOver.cpp.obj
                0x0000000010000d28                AlgoOver::AlgoOver()
                0x0000000010000d28                AlgoOver::AlgoOver()
 .text._ZN8AlgoOver4initEiiii
                0x0000000010000d98      0x16c CMakeFiles/test.dir/AlgoOver.cpp.obj
                0x0000000010000d98                AlgoOver::init(int, int, int, int)
 .text._ZN8AlgoOver4tickEv
                0x0000000010000f04      0x118 CMakeFiles/test.dir/AlgoOver.cpp.obj
                0x0000000010000f04                AlgoOver::tick()
 .text._ZN9AlgoPlainC2Eiiii
                0x000000001000101c       0x48 CMakeFiles/test.dir/AlgoPlain.cpp.obj
                0x000000001000101c                AlgoPlain::AlgoPlain(int, int, int, int)
                0x000000001000101c                AlgoPlain::AlgoPlain(int, int, int, int)
 .text._ZN9AlgoPlain4initEv
                0x0000000010001064       0xd4 CMakeFiles/test.dir/AlgoPlain.cpp.obj
                0x0000000010001064                AlgoPlain::init()
 .text._ZN9AlgoPlain4tickEv
                0x0000000010001138       0x7c CMakeFiles/test.dir/AlgoPlain.cpp.obj
                0x0000000010001138                AlgoPlain::tick()
 .text._ZN9AlgoReichC2Ev
                0x00000000100011b4       0x38 CMakeFiles/test.dir/AlgoReich.cpp.obj
                0x00000000100011b4                AlgoReich::AlgoReich()
                0x00000000100011b4                AlgoReich::AlgoReich()
 .text._ZN9AlgoReich4initEbiiii
                0x00000000100011ec      0x1c0 CMakeFiles/test.dir/AlgoReich.cpp.obj
                0x00000000100011ec                AlgoReich::init(bool, int, int, int, int)
 .text._ZN9AlgoReich4tickEv
                0x00000000100013ac       0xe8 CMakeFiles/test.dir/AlgoReich.cpp.obj
                0x00000000100013ac                AlgoReich::tick()
 .text._ZN11AlgoCultureC2Ev
                0x0000000010001494       0xf8 CMakeFiles/test.dir/AlgoCulture.cpp.obj
                0x0000000010001494                AlgoCulture::AlgoCulture()
                0x0000000010001494                AlgoCulture::AlgoCulture()
 .text._ZN11AlgoCulture4initEiiii
                0x000000001000158c      0x100 CMakeFiles/test.dir/AlgoCulture.cpp.obj
                0x000000001000158c                AlgoCulture::init(int, int, int, int)
 .text._ZN11AlgoCulture4tickEv
                0x000000001000168c       0xa0 CMakeFiles/test.dir/AlgoCulture.cpp.obj
                0x000000001000168c                AlgoCulture::tick()
 .text._ZN10AlgoBlocksC2Ev
                0x000000001000172c       0x40 CMakeFiles/test.dir/AlgoBlocks.cpp.obj
                0x000000001000172c                AlgoBlocks::AlgoBlocks()
                0x000000001000172c                AlgoBlocks::AlgoBlocks()
 .text._ZN10AlgoBlocks4initEiiii
                0x000000001000176c       0x68 CMakeFiles/test.dir/AlgoBlocks.cpp.obj
                0x000000001000176c                AlgoBlocks::init(int, int, int, int)
 .text._ZN10AlgoBlocks4tickEv
                0x00000000100017d4       0x78 CMakeFiles/test.dir/AlgoBlocks.cpp.obj
                0x00000000100017d4                AlgoBlocks::tick()
 .text._ZN8AlgoWonkC2Ev
                0x000000001000184c       0x28 CMakeFiles/test.dir/AlgoWonk.cpp.obj
                0x000000001000184c                AlgoWonk::AlgoWonk()
                0x000000001000184c                AlgoWonk::AlgoWonk()
 .text._ZN8AlgoWonk4initEiiii
                0x0000000010001874       0xc8 CMakeFiles/test.dir/AlgoWonk.cpp.obj
                0x0000000010001874                AlgoWonk::init(int, int, int, int)
 .text._ZN8AlgoWonk4tickEv
                0x000000001000193c       0x78 CMakeFiles/test.dir/AlgoWonk.cpp.obj
                0x000000001000193c                AlgoWonk::tick()
 .text._ZN10AlgoSparseC2Ev
                0x00000000100019b4       0x1c CMakeFiles/test.dir/AlgoSparse.cpp.obj
                0x00000000100019b4                AlgoSparse::AlgoSparse()
                0x00000000100019b4                AlgoSparse::AlgoSparse()
 .text._ZN10AlgoSparse4initEiiii
                0x00000000100019d0      0x108 CMakeFiles/test.dir/AlgoSparse.cpp.obj
                0x00000000100019d0                AlgoSparse::init(int, int, int, int)
 .text._ZN10AlgoSparse4tickEv
                0x0000000010001ad8       0x8c CMakeFiles/test.dir/AlgoSparse.cpp.obj
                0x0000000010001ad8                AlgoSparse::tick()
 .text._ZN5Clock5resetEv
                0x0000000010001b64       0x3c CMakeFiles/test.dir/Clock.cpp.obj
                0x0000000010001b64                Clock::reset()
 .text._ZN5Clock9initClockEv
                0x0000000010001ba0       0x38 CMakeFiles/test.dir/Clock.cpp.obj
                0x0000000010001ba0                Clock::initClock()
 .text._ZN5Clock10writeClockEv
                0x0000000010001bd8       0x54 CMakeFiles/test.dir/Clock.cpp.obj
                0x0000000010001bd8                Clock::writeClock()
 .text._ZN5Clock9readClockEv
                0x0000000010001c2c       0xb4 CMakeFiles/test.dir/Clock.cpp.obj
                0x0000000010001c2c                Clock::readClock()
 .text.set_sys_clock_pll
                0x0000000010001ce0       0x78 CMakeFiles/test.dir/Users/jonah/pico/pico-sdk/src/rp2_common/pico_stdlib/stdlib.c.obj
                0x0000000010001ce0                set_sys_clock_pll
 .text.check_sys_clock_khz
                0x0000000010001d58      0x178 CMakeFiles/test.dir/Users/jonah/pico/pico-sdk/src/rp2_common/pico_stdlib/stdlib.c.obj
                0x0000000010001d58                check_sys_clock_khz
 .text.gpio_set_function
                0x0000000010001ed0       0x30 CMakeFiles/test.dir/Users/jonah/pico/pico-sdk/src/rp2_common/hardware_gpio/gpio.c.obj
                0x0000000010001ed0                gpio_set_function
 .text.gpio_set_pulls
                0x0000000010001f00       0x30 CMakeFiles/test.dir/Users/jonah/pico/pico-sdk/src/rp2_common/hardware_gpio/gpio.c.obj
                0x0000000010001f00                gpio_set_pulls
 .text.gpio_init
                0x0000000010001f30       0x3c CMakeFiles/test.dir/Users/jonah/pico/pico-sdk/src/rp2_common/hardware_gpio/gpio.c.obj
                0x0000000010001f30                gpio_init
 .text.hw_claim_or_assert
                0x0000000010001f6c       0x44 CMakeFiles/test.dir/Users/jonah/pico/pico-sdk/src/rp2_common/hardware_claim/claim.c.obj
                0x0000000010001f6c                hw_claim_or_assert
 .text.hw_claim_unused_from_range
                0x0000000010001fb0       0x9c CMakeFiles/test.dir/Users/jonah/pico/pico-sdk/src/rp2_common/hardware_claim/claim.c.obj
                0x0000000010001fb0                hw_claim_unused_from_range
 .text.running_on_fpga
                0x000000001000204c       0x10 CMakeFiles/test.dir/Users/jonah/pico/pico-sdk/src/rp2_common/pico_platform/platform.c.obj
                0x000000001000204c                running_on_fpga
 .text.spin_locks_reset
                0x000000001000205c       0x1c CMakeFiles/test.dir/Users/jonah/pico/pico-sdk/src/rp2_common/hardware_sync/sync.c.obj
                0x000000001000205c                spin_locks_reset
 .text.next_striped_spin_lock_num
                0x0000000010002078       0x18 CMakeFiles/test.dir/Users/jonah/pico/pico-sdk/src/rp2_common/hardware_sync/sync.c.obj
                0x0000000010002078                next_striped_spin_lock_num
 .text.spin_lock_claim_unused
                0x0000000010002090       0x20 CMakeFiles/test.dir/Users/jonah/pico/pico-sdk/src/rp2_common/hardware_sync/sync.c.obj
                0x0000000010002090                spin_lock_claim_unused
 .text.irq_set_enabled
                0x00000000100020b0       0x24 CMakeFiles/test.dir/Users/jonah/pico/pico-sdk/src/rp2_common/hardware_irq/irq.c.obj
                0x00000000100020b0                irq_set_enabled
 .text.irq_set_pending
                0x00000000100020d4       0x10 CMakeFiles/test.dir/Users/jonah/pico/pico-sdk/src/rp2_common/hardware_irq/irq.c.obj
                0x00000000100020d4                irq_set_pending
 .text.irq_has_shared_handler
                0x00000000100020e4       0x2c CMakeFiles/test.dir/Users/jonah/pico/pico-sdk/src/rp2_common/hardware_irq/irq.c.obj
                0x00000000100020e4                irq_has_shared_handler
 .text.irq_get_vtable_handler
                0x0000000010002110       0x10 CMakeFiles/test.dir/Users/jonah/pico/pico-sdk/src/rp2_common/hardware_irq/irq.c.obj
                0x0000000010002110                irq_get_vtable_handler
 .text.irq_set_exclusive_handler
                0x0000000010002120       0x54 CMakeFiles/test.dir/Users/jonah/pico/pico-sdk/src/rp2_common/hardware_irq/irq.c.obj
                0x0000000010002120                irq_set_exclusive_handler
 .text.irq_add_shared_handler
                0x0000000010002174      0x1e4 CMakeFiles/test.dir/Users/jonah/pico/pico-sdk/src/rp2_common/hardware_irq/irq.c.obj
                0x0000000010002174                irq_add_shared_handler
 .text.irq_remove_handler
                0x0000000010002358      0x1b4 CMakeFiles/test.dir/Users/jonah/pico/pico-sdk/src/rp2_common/hardware_irq/irq.c.obj
                0x0000000010002358                irq_remove_handler
 .text.irq_add_tail_to_free_list
                0x000000001000250c       0xb4 CMakeFiles/test.dir/Users/jonah/pico/pico-sdk/src/rp2_common/hardware_irq/irq.c.obj
                0x000000001000250c                irq_add_tail_to_free_list
 .text.irq_init_priorities
                0x00000000100025c0       0x24 CMakeFiles/test.dir/Users/jonah/pico/pico-sdk/src/rp2_common/hardware_irq/irq.c.obj
                0x00000000100025c0                irq_init_priorities
 .text.user_irq_claim_unused
                0x00000000100025e4       0x30 CMakeFiles/test.dir/Users/jonah/pico/pico-sdk/src/rp2_common/hardware_irq/irq.c.obj
                0x00000000100025e4                user_irq_claim_unused
 .text.lock_init
                0x0000000010002614       0x10 CMakeFiles/test.dir/Users/jonah/pico/pico-sdk/src/common/pico_sync/lock_core.c.obj
                0x0000000010002614                lock_init
 .text.timer_pool_entry_comparator
                0x0000000010002624       0x34 CMakeFiles/test.dir/Users/jonah/pico/pico-sdk/src/common/pico_time/time.c.obj
                0x0000000010002624                timer_pool_entry_comparator
 .text.sleep_until_callback
                0x0000000010002658       0x30 CMakeFiles/test.dir/Users/jonah/pico/pico-sdk/src/common/pico_time/time.c.obj
 .text.add_alarm_under_lock.isra.0
                0x0000000010002688      0x100 CMakeFiles/test.dir/Users/jonah/pico/pico-sdk/src/common/pico_time/time.c.obj
 .text.alarm_pool_alarm_callback
                0x0000000010002788      0x1c8 CMakeFiles/test.dir/Users/jonah/pico/pico-sdk/src/common/pico_time/time.c.obj
 .text.alarm_pool_add_alarm_at.constprop.0
                0x0000000010002950      0x11c CMakeFiles/test.dir/Users/jonah/pico/pico-sdk/src/common/pico_time/time.c.obj
 .text.alarm_pool_init_default
                0x0000000010002a6c       0x64 CMakeFiles/test.dir/Users/jonah/pico/pico-sdk/src/common/pico_time/time.c.obj
                0x0000000010002a6c                alarm_pool_init_default
 .text.alarm_pool_get_default
                0x0000000010002ad0        0x8 CMakeFiles/test.dir/Users/jonah/pico/pico-sdk/src/common/pico_time/time.c.obj
                0x0000000010002ad0                alarm_pool_get_default
 .text.alarm_pool_add_alarm_at
                0x0000000010002ad8      0x194 CMakeFiles/test.dir/Users/jonah/pico/pico-sdk/src/common/pico_time/time.c.obj
                0x0000000010002ad8                alarm_pool_add_alarm_at
 .text.sleep_until
                0x0000000010002c6c       0xac CMakeFiles/test.dir/Users/jonah/pico/pico-sdk/src/common/pico_time/time.c.obj
                0x0000000010002c6c                sleep_until
 .text.sleep_ms
                0x0000000010002d18       0x38 CMakeFiles/test.dir/Users/jonah/pico/pico-sdk/src/common/pico_time/time.c.obj
                0x0000000010002d18                sleep_ms
 .text.best_effort_wfe_or_timeout
                0x0000000010002d50       0xd4 CMakeFiles/test.dir/Users/jonah/pico/pico-sdk/src/common/pico_time/time.c.obj
                0x0000000010002d50                best_effort_wfe_or_timeout
 .text.hardware_alarm_irq_handler
                0x0000000010002e24       0xb8 CMakeFiles/test.dir/Users/jonah/pico/pico-sdk/src/rp2_common/hardware_timer/timer.c.obj
 .text.hardware_alarm_claim
                0x0000000010002edc       0x18 CMakeFiles/test.dir/Users/jonah/pico/pico-sdk/src/rp2_common/hardware_timer/timer.c.obj
                0x0000000010002edc                hardware_alarm_claim
 .text.time_us_64
                0x0000000010002ef4       0x14 CMakeFiles/test.dir/Users/jonah/pico/pico-sdk/src/rp2_common/hardware_timer/timer.c.obj
                0x0000000010002ef4                time_us_64
 .text.busy_wait_until
                0x0000000010002f08       0x20 CMakeFiles/test.dir/Users/jonah/pico/pico-sdk/src/rp2_common/hardware_timer/timer.c.obj
                0x0000000010002f08                busy_wait_until
 .text.hardware_alarm_set_callback
                0x0000000010002f28       0x8c CMakeFiles/test.dir/Users/jonah/pico/pico-sdk/src/rp2_common/hardware_timer/timer.c.obj
                0x0000000010002f28                hardware_alarm_set_callback
 .text.hardware_alarm_set_target
                0x0000000010002fb4       0xe0 CMakeFiles/test.dir/Users/jonah/pico/pico-sdk/src/rp2_common/hardware_timer/timer.c.obj
                0x0000000010002fb4                hardware_alarm_set_target
 .text.hardware_alarm_cancel
                0x0000000010003094       0x3c CMakeFiles/test.dir/Users/jonah/pico/pico-sdk/src/rp2_common/hardware_timer/timer.c.obj
                0x0000000010003094                hardware_alarm_cancel
 .text.ph_merge_nodes
                0x00000000100030d0       0x68 CMakeFiles/test.dir/Users/jonah/pico/pico-sdk/src/common/pico_util/pheap.c.obj
 .text.ph_post_alloc_init
                0x0000000010003138       0x3c CMakeFiles/test.dir/Users/jonah/pico/pico-sdk/src/common/pico_util/pheap.c.obj
                0x0000000010003138                ph_post_alloc_init
 .text.ph_merge_two_pass
                0x0000000010003174       0x90 CMakeFiles/test.dir/Users/jonah/pico/pico-sdk/src/common/pico_util/pheap.c.obj
                0x0000000010003174                ph_merge_two_pass
 .text.ph_remove_any_head
                0x0000000010003204       0xf8 CMakeFiles/test.dir/Users/jonah/pico/pico-sdk/src/common/pico_util/pheap.c.obj
 .text.ph_remove_head
                0x00000000100032fc       0xfc CMakeFiles/test.dir/Users/jonah/pico/pico-sdk/src/common/pico_util/pheap.c.obj
                0x00000000100032fc                ph_remove_head
 .text.ph_remove_and_free_node
                0x00000000100033f8       0x7c CMakeFiles/test.dir/Users/jonah/pico/pico-sdk/src/common/pico_util/pheap.c.obj
                0x00000000100033f8                ph_remove_and_free_node
 .text.mutex_init
                0x0000000010003474       0x1c CMakeFiles/test.dir/Users/jonah/pico/pico-sdk/src/common/pico_sync/mutex.c.obj
                0x0000000010003474                mutex_init
 .text.recursive_mutex_init
                0x0000000010003490       0x1c CMakeFiles/test.dir/Users/jonah/pico/pico-sdk/src/common/pico_sync/mutex.c.obj
                0x0000000010003490                recursive_mutex_init
 .text.critical_section_init
                0x00000000100034ac       0x20 CMakeFiles/test.dir/Users/jonah/pico/pico-sdk/src/common/pico_sync/critical_section.c.obj
                0x00000000100034ac                critical_section_init
 .text.uart_init
                0x00000000100034cc       0xe0 CMakeFiles/test.dir/Users/jonah/pico/pico-sdk/src/rp2_common/hardware_uart/uart.c.obj
                0x00000000100034cc                uart_init
 .text.runtime_init
                0x00000000100035ac       0xf0 CMakeFiles/test.dir/Users/jonah/pico/pico-sdk/src/rp2_common/pico_runtime/runtime.c.obj
                0x00000000100035ac                runtime_init
 .text._sbrk    0x000000001000369c       0x34 CMakeFiles/test.dir/Users/jonah/pico/pico-sdk/src/rp2_common/pico_runtime/runtime.c.obj
                0x000000001000369c                _sbrk
 .text.exit     0x00000000100036d0        0x4 CMakeFiles/test.dir/Users/jonah/pico/pico-sdk/src/rp2_common/pico_runtime/runtime.c.obj
                0x00000000100036d0                exit
 .text.panic    0x00000000100036d4       0x30 CMakeFiles/test.dir/Users/jonah/pico/pico-sdk/src/rp2_common/pico_runtime/runtime.c.obj
                0x00000000100036d4                panic
 .text.hard_assertion_failure
                0x0000000010003704        0xc CMakeFiles/test.dir/Users/jonah/pico/pico-sdk/src/rp2_common/pico_runtime/runtime.c.obj
                0x0000000010003704                hard_assertion_failure
 .text.clock_configure
                0x0000000010003710      0x114 CMakeFiles/test.dir/Users/jonah/pico/pico-sdk/src/rp2_common/hardware_clocks/clocks.c.obj
                0x0000000010003710                clock_configure
 .text.clocks_init
                0x0000000010003824      0x2bc CMakeFiles/test.dir/Users/jonah/pico/pico-sdk/src/rp2_common/hardware_clocks/clocks.c.obj
                0x0000000010003824                clocks_init
 .text.clock_get_hz
                0x0000000010003ae0        0xc CMakeFiles/test.dir/Users/jonah/pico/pico-sdk/src/rp2_common/hardware_clocks/clocks.c.obj
                0x0000000010003ae0                clock_get_hz
 .text.pll_init
                0x0000000010003aec       0xb0 CMakeFiles/test.dir/Users/jonah/pico/pico-sdk/src/rp2_common/hardware_pll/pll.c.obj
                0x0000000010003aec                pll_init
 .text.watchdog_start_tick
                0x0000000010003b9c       0x10 CMakeFiles/test.dir/Users/jonah/pico/pico-sdk/src/rp2_common/hardware_watchdog/watchdog.c.obj
                0x0000000010003b9c                watchdog_start_tick
 .text.watchdog_reboot
                0x0000000010003bac       0x98 CMakeFiles/test.dir/Users/jonah/pico/pico-sdk/src/rp2_common/hardware_watchdog/watchdog.c.obj
                0x0000000010003bac                watchdog_reboot
 .text.xosc_init
                0x0000000010003c44       0x28 CMakeFiles/test.dir/Users/jonah/pico/pico-sdk/src/rp2_common/hardware_xosc/xosc.c.obj
                0x0000000010003c44                xosc_init
 .text._out_null
                0x0000000010003c6c        0x4 CMakeFiles/test.dir/Users/jonah/pico/pico-sdk/src/rp2_common/pico_printf/printf.c.obj
 .text._out_rev
                0x0000000010003c70       0x9c CMakeFiles/test.dir/Users/jonah/pico/pico-sdk/src/rp2_common/pico_printf/printf.c.obj
 .text._ntoa_format
                0x0000000010003d0c      0x1cc CMakeFiles/test.dir/Users/jonah/pico/pico-sdk/src/rp2_common/pico_printf/printf.c.obj
 .text._out_char
                0x0000000010003ed8       0x10 CMakeFiles/test.dir/Users/jonah/pico/pico-sdk/src/rp2_common/pico_printf/printf.c.obj
 .text._out_fct
                0x0000000010003ee8       0x10 CMakeFiles/test.dir/Users/jonah/pico/pico-sdk/src/rp2_common/pico_printf/printf.c.obj
 .text._etoa    0x0000000010003ef8      0x44c CMakeFiles/test.dir/Users/jonah/pico/pico-sdk/src/rp2_common/pico_printf/printf.c.obj
 .text._ftoa    0x0000000010004344      0x398 CMakeFiles/test.dir/Users/jonah/pico/pico-sdk/src/rp2_common/pico_printf/printf.c.obj
 .text._vsnprintf
                0x00000000100046dc      0xb04 CMakeFiles/test.dir/Users/jonah/pico/pico-sdk/src/rp2_common/pico_printf/printf.c.obj
 .text.vfctprintf
                0x00000000100051e0       0x20 CMakeFiles/test.dir/Users/jonah/pico/pico-sdk/src/rp2_common/pico_printf/printf.c.obj
                0x00000000100051e0                vfctprintf
 .text.weak_raw_vprintf
                0x0000000010005200       0x30 CMakeFiles/test.dir/Users/jonah/pico/pico-sdk/src/rp2_common/pico_printf/printf.c.obj
                0x0000000010005200                weak_raw_vprintf
 .text          0x0000000010005230       0x10 CMakeFiles/test.dir/Users/jonah/pico/pico-sdk/src/rp2_common/pico_bit_ops/bit_ops_aeabi.S.obj
 .text.rom_func_lookup
                0x0000000010005240       0x10 CMakeFiles/test.dir/Users/jonah/pico/pico-sdk/src/rp2_common/pico_bootrom/bootrom.c.obj
                0x0000000010005240                rom_func_lookup
 .text.rom_data_lookup
                0x0000000010005250       0x10 CMakeFiles/test.dir/Users/jonah/pico/pico-sdk/src/rp2_common/pico_bootrom/bootrom.c.obj
                0x0000000010005250                rom_data_lookup
 .text.rom_funcs_lookup
                0x0000000010005260       0x44 CMakeFiles/test.dir/Users/jonah/pico/pico-sdk/src/rp2_common/pico_bootrom/bootrom.c.obj
                0x0000000010005260                rom_funcs_lookup
 .text.__wrap___aeabi_idiv
                0x00000000100052a4       0x50 CMakeFiles/test.dir/Users/jonah/pico/pico-sdk/src/rp2_common/pico_divider/divider.S.obj
                0x00000000100052a4                __wrap___aeabi_idivmod
                0x00000000100052a4                divmod_s32s32
                0x00000000100052a4                div_s32s32
                0x00000000100052a4                __wrap___aeabi_idiv
                0x00000000100052ac                divmod_s32s32_unsafe
                0x00000000100052d8                divmod_s32s32_savestate
 .text.__wrap___aeabi_uidiv
                0x00000000100052f4       0x4c CMakeFiles/test.dir/Users/jonah/pico/pico-sdk/src/rp2_common/pico_divider/divider.S.obj
                0x00000000100052f4                __wrap___aeabi_uidiv
                0x00000000100052f4                __wrap___aeabi_uidivmod
                0x00000000100052f4                div_u32u32
                0x00000000100052f4                divmod_u32u32
                0x00000000100052fc                divmod_u32u32_unsafe
                0x0000000010005324                divmod_u32u32_savestate
 .text.__wrap___aeabi_ldiv
                0x0000000010005340      0x434 CMakeFiles/test.dir/Users/jonah/pico/pico-sdk/src/rp2_common/pico_divider/divider.S.obj
                0x0000000010005340                __wrap___aeabi_ldivmod
                0x0000000010005340                div_s64s64
                0x0000000010005340                divmod_s64s64
                0x0000000010005378                divmod_u64u64
                0x0000000010005378                div_u64u64
                0x0000000010005378                __wrap___aeabi_uldivmod
                0x0000000010005388                divmod_u64u64_savestate
                0x00000000100053b0                divmod_s64s64_unsafe
                0x0000000010005438                divmod_u64u64_unsafe
 .text.__wrap___aeabi_darithmetic
                0x0000000010005774       0x80 CMakeFiles/test.dir/Users/jonah/pico/pico-sdk/src/rp2_common/pico_double/double_aeabi.S.obj
                0x0000000010005774                __wrap___aeabi_drsub
                0x000000001000577a                __wrap___aeabi_dsub
                0x000000001000578c                __wrap___aeabi_dadd
                0x000000001000579e                __wrap___aeabi_ddiv
                0x00000000100057da                __wrap___aeabi_dmul
 .text.__wrap___aeabi_cdcmple
                0x00000000100057f4       0x6c CMakeFiles/test.dir/Users/jonah/pico/pico-sdk/src/rp2_common/pico_double/double_aeabi.S.obj
                0x00000000100057f4                __wrap___aeabi_cdrcmple
                0x0000000010005804                __wrap___aeabi_cdcmple
                0x0000000010005804                __wrap___aeabi_cdcmpeq
 .text.__wrap___aeabi_dcmplt
                0x0000000010005860        0xc CMakeFiles/test.dir/Users/jonah/pico/pico-sdk/src/rp2_common/pico_double/double_aeabi.S.obj
                0x0000000010005860                __wrap___aeabi_dcmplt
 .text.__wrap___aeabi_dcmple
                0x000000001000586c       0x10 CMakeFiles/test.dir/Users/jonah/pico/pico-sdk/src/rp2_common/pico_double/double_aeabi.S.obj
                0x000000001000586c                __wrap___aeabi_dcmple
 .text.__wrap___aeabi_dcmpge
                0x000000001000587c       0x10 CMakeFiles/test.dir/Users/jonah/pico/pico-sdk/src/rp2_common/pico_double/double_aeabi.S.obj
                0x000000001000587c                __wrap___aeabi_dcmpge
 .text.__wrap___aeabi_dcmpgt
                0x000000001000588c        0xa CMakeFiles/test.dir/Users/jonah/pico/pico-sdk/src/rp2_common/pico_double/double_aeabi.S.obj
                0x000000001000588c                __wrap___aeabi_dcmpgt
 .text.__wrap___aeabi_dcmpun
                0x0000000010005896       0x1c CMakeFiles/test.dir/Users/jonah/pico/pico-sdk/src/rp2_common/pico_double/double_aeabi.S.obj
                0x0000000010005896                __wrap___aeabi_dcmpun
 *fill*         0x00000000100058b2        0x2 
 .text.__wrap___aeabi_i2d
                0x00000000100058b4       0x38 CMakeFiles/test.dir/Users/jonah/pico/pico-sdk/src/rp2_common/pico_double/double_aeabi.S.obj
                0x00000000100058b4                __wrap___aeabi_ui2d
                0x00000000100058bc                __wrap___aeabi_i2d
 .text.__wrap___aeabi_d2iz
                0x00000000100058ec       0x48 CMakeFiles/test.dir/Users/jonah/pico/pico-sdk/src/rp2_common/pico_double/double_aeabi.S.obj
                0x00000000100058ec                __wrap___aeabi_d2iz
                0x00000000100058ec                double2int_z
 .text.__wrap___aeabi_d2uiz
                0x0000000010005934       0x18 CMakeFiles/test.dir/Users/jonah/pico/pico-sdk/src/rp2_common/pico_double/double_aeabi.S.obj
                0x0000000010005934                double2uint
                0x0000000010005934                __wrap___aeabi_d2uiz
 .text.__wrap___aeabi_l2d
                0x000000001000594c       0x18 CMakeFiles/test.dir/Users/jonah/pico/pico-sdk/src/rp2_common/pico_double/double_aeabi.S.obj
                0x000000001000594c                __wrap___aeabi_l2d
 .text.__aeabi_double_init
                0x0000000010005964       0x94 CMakeFiles/test.dir/Users/jonah/pico/pico-sdk/src/rp2_common/pico_double/double_init_rom.c.obj
                0x0000000010005964                __aeabi_double_init
 .text.double_table_shim_on_use_helper
                0x00000000100059f8       0x2c CMakeFiles/test.dir/Users/jonah/pico/pico-sdk/src/rp2_common/pico_double/double_v1_rom_shim.S.obj
                0x00000000100059f8                double_table_shim_on_use_helper
 .text.__wrap___aeabi_dsub
                0x0000000010005a24       0x10 CMakeFiles/test.dir/Users/jonah/pico/pico-sdk/src/rp2_common/pico_double/double_v1_rom_shim.S.obj
                0x0000000010005a24                drsub_shim
                0x0000000010005a2a                dsub_shim
 .text.dadd_shim
                0x0000000010005a34      0x15c CMakeFiles/test.dir/Users/jonah/pico/pico-sdk/src/rp2_common/pico_double/double_v1_rom_shim.S.obj
                0x0000000010005a34                dadd_shim
 .text.dmul_shim
                0x0000000010005b90      0x15c CMakeFiles/test.dir/Users/jonah/pico/pico-sdk/src/rp2_common/pico_double/double_v1_rom_shim.S.obj
                0x0000000010005b90                dmul_shim
 .text.ddiv_shim
                0x0000000010005cec      0x1b0 CMakeFiles/test.dir/Users/jonah/pico/pico-sdk/src/rp2_common/pico_double/double_v1_rom_shim.S.obj
                0x0000000010005cec                ddiv_shim
 .text.double2uint_shim
                0x0000000010005e9c        0xe CMakeFiles/test.dir/Users/jonah/pico/pico-sdk/src/rp2_common/pico_double/double_v1_rom_shim.S.obj
                0x0000000010005e9c                double2uint_shim
                0x0000000010005e9e                double2ufix_shim
 *fill*         0x0000000010005eaa        0x2 
 .text.double2uint64_shim
                0x0000000010005eac       0x70 CMakeFiles/test.dir/Users/jonah/pico/pico-sdk/src/rp2_common/pico_double/double_v1_rom_shim.S.obj
                0x0000000010005eac                double2uint64_shim
                0x0000000010005eae                double2ufix64_shim
                0x0000000010005ece                d2fix_a
 .text.x2double_shims
                0x0000000010005f1c       0x90 CMakeFiles/test.dir/Users/jonah/pico/pico-sdk/src/rp2_common/pico_double/double_v1_rom_shim.S.obj
                0x0000000010005f1c                uint2double_shim
                0x0000000010005f1e                ufix2double_shim
                0x0000000010005f24                int2double_shim
                0x0000000010005f26                fix2double_shim
                0x0000000010005f2c                uint642double_shim
                0x0000000010005f2e                ufix642double_shim
                0x0000000010005f34                int642double_shim
                0x0000000010005f36                fix642double_shim
 .text.dunpacks
                0x0000000010005fac       0x3c CMakeFiles/test.dir/Users/jonah/pico/pico-sdk/src/rp2_common/pico_double/double_v1_rom_shim.S.obj
                0x0000000010005fac                dunpacks
 .text.__aeabi_lmul
                0x0000000010005fe8       0x32 CMakeFiles/test.dir/Users/jonah/pico/pico-sdk/src/rp2_common/pico_int64_ops/pico_int64_ops_aeabi.S.obj
                0x0000000010005fe8                __wrap___aeabi_lmul
 *fill*         0x000000001000601a        0x2 
 .text.__aeabi_float_init
                0x000000001000601c       0x64 CMakeFiles/test.dir/Users/jonah/pico/pico-sdk/src/rp2_common/pico_float/float_init_rom.c.obj
                0x000000001000601c                __aeabi_float_init
 .text.float_table_shim_on_use_helper
                0x0000000010006080       0x2c CMakeFiles/test.dir/Users/jonah/pico/pico-sdk/src/rp2_common/pico_float/float_v1_rom_shim.S.obj
                0x0000000010006080                float_table_shim_on_use_helper
 .text.__wrap_malloc
                0x00000000100060ac       0x24 CMakeFiles/test.dir/Users/jonah/pico/pico-sdk/src/rp2_common/pico_malloc/pico_malloc.c.obj
                0x00000000100060ac                __wrap_malloc
 .text.__wrap_realloc
                0x00000000100060d0       0x24 CMakeFiles/test.dir/Users/jonah/pico/pico-sdk/src/rp2_common/pico_malloc/pico_malloc.c.obj
                0x00000000100060d0                __wrap_realloc
 .text.__wrap_free
                0x00000000100060f4        0x8 CMakeFiles/test.dir/Users/jonah/pico/pico-sdk/src/rp2_common/pico_malloc/pico_malloc.c.obj
                0x00000000100060f4                __wrap_free
 .text          0x00000000100060fc       0x10 CMakeFiles/test.dir/Users/jonah/pico/pico-sdk/src/rp2_common/pico_mem_ops/mem_ops_aeabi.S.obj
                0x00000000100060fc                __aeabi_mem_init
 .text.memset   0x000000001000610c        0xc CMakeFiles/test.dir/Users/jonah/pico/pico-sdk/src/rp2_common/pico_mem_ops/mem_ops_aeabi.S.obj
                0x000000001000610c                __wrap_memset
 .text.memcpy   0x0000000010006118        0xc CMakeFiles/test.dir/Users/jonah/pico/pico-sdk/src/rp2_common/pico_mem_ops/mem_ops_aeabi.S.obj
                0x0000000010006118                __wrap___aeabi_memcpy
                0x0000000010006118                __wrap_memcpy
 .text._Znwj    0x0000000010006124        0x8 CMakeFiles/test.dir/Users/jonah/pico/pico-sdk/src/rp2_common/pico_standard_link/new_delete.cpp.obj
                0x0000000010006124                operator new(unsigned int)
 .text.stdio_out_chars_no_crlf
                0x000000001000612c       0x10 CMakeFiles/test.dir/Users/jonah/pico/pico-sdk/src/rp2_common/pico_stdio/stdio.c.obj
 .text.stdio_out_chars_crlf
                0x000000001000613c       0xb4 CMakeFiles/test.dir/Users/jonah/pico/pico-sdk/src/rp2_common/pico_stdio/stdio.c.obj
 .text.stdio_buffered_printer
                0x00000000100061f0       0x64 CMakeFiles/test.dir/Users/jonah/pico/pico-sdk/src/rp2_common/pico_stdio/stdio.c.obj
 .text.stdio_put_string.isra.0
                0x0000000010006254       0xfc CMakeFiles/test.dir/Users/jonah/pico/pico-sdk/src/rp2_common/pico_stdio/stdio.c.obj
 .text.__wrap_putchar
                0x0000000010006350       0xa0 CMakeFiles/test.dir/Users/jonah/pico/pico-sdk/src/rp2_common/pico_stdio/stdio.c.obj
                0x0000000010006350                __wrap_putchar
 .text.__wrap_puts
                0x00000000100063f0       0x3c CMakeFiles/test.dir/Users/jonah/pico/pico-sdk/src/rp2_common/pico_stdio/stdio.c.obj
                0x00000000100063f0                __wrap_puts
 .text.stdio_set_driver_enabled
                0x000000001000642c       0x30 CMakeFiles/test.dir/Users/jonah/pico/pico-sdk/src/rp2_common/pico_stdio/stdio.c.obj
                0x000000001000642c                stdio_set_driver_enabled
 .text.__wrap_vprintf
                0x000000001000645c       0xd8 CMakeFiles/test.dir/Users/jonah/pico/pico-sdk/src/rp2_common/pico_stdio/stdio.c.obj
                0x000000001000645c                __wrap_vprintf
 .text.__wrap_printf
                0x0000000010006534       0x18 CMakeFiles/test.dir/Users/jonah/pico/pico-sdk/src/rp2_common/pico_stdio/stdio.c.obj
                0x0000000010006534                __wrap_printf
 .text.stdio_init_all
                0x000000001000654c        0xc CMakeFiles/test.dir/Users/jonah/pico/pico-sdk/src/rp2_common/pico_stdio/stdio.c.obj
                0x000000001000654c                stdio_init_all
 .text.stdio_uart_out_chars
                0x0000000010006558       0x4c CMakeFiles/test.dir/Users/jonah/pico/pico-sdk/src/rp2_common/pico_stdio_uart/stdio_uart.c.obj
 .text.stdio_uart_in_chars
                0x00000000100065a4       0x38 CMakeFiles/test.dir/Users/jonah/pico/pico-sdk/src/rp2_common/pico_stdio_uart/stdio_uart.c.obj
                0x00000000100065a4                stdio_uart_in_chars
 .text.stdio_uart_init
                0x00000000100065dc       0x48 CMakeFiles/test.dir/Users/jonah/pico/pico-sdk/src/rp2_common/pico_stdio_uart/stdio_uart.c.obj
                0x00000000100065dc                stdio_uart_init
 .text.resetd_init
                0x0000000010006624        0x4 CMakeFiles/test.dir/Users/jonah/pico/pico-sdk/src/rp2_common/pico_stdio_usb/reset_interface.c.obj
 .text.resetd_reset
                0x0000000010006628        0xc CMakeFiles/test.dir/Users/jonah/pico/pico-sdk/src/rp2_common/pico_stdio_usb/reset_interface.c.obj
 .text.resetd_open
                0x0000000010006634       0x28 CMakeFiles/test.dir/Users/jonah/pico/pico-sdk/src/rp2_common/pico_stdio_usb/reset_interface.c.obj
 .text.resetd_xfer_cb
                0x000000001000665c        0x4 CMakeFiles/test.dir/Users/jonah/pico/pico-sdk/src/rp2_common/pico_stdio_usb/reset_interface.c.obj
 .text.resetd_control_xfer_cb
                0x0000000010006660       0x64 CMakeFiles/test.dir/Users/jonah/pico/pico-sdk/src/rp2_common/pico_stdio_usb/reset_interface.c.obj
 .text.usbd_app_driver_get_cb
                0x00000000100066c4        0xc CMakeFiles/test.dir/Users/jonah/pico/pico-sdk/src/rp2_common/pico_stdio_usb/reset_interface.c.obj
                0x00000000100066c4                usbd_app_driver_get_cb
 .text.tud_cdc_line_coding_cb
                0x00000000100066d0       0x34 CMakeFiles/test.dir/Users/jonah/pico/pico-sdk/src/rp2_common/pico_stdio_usb/reset_interface.c.obj
                0x00000000100066d0                tud_cdc_line_coding_cb
 .text.stdio_usb_in_chars
                0x0000000010006704       0x68 CMakeFiles/test.dir/Users/jonah/pico/pico-sdk/src/rp2_common/pico_stdio_usb/stdio_usb.c.obj
                0x0000000010006704                stdio_usb_in_chars
 .text.stdio_usb_out_chars
                0x000000001000676c       0xe4 CMakeFiles/test.dir/Users/jonah/pico/pico-sdk/src/rp2_common/pico_stdio_usb/stdio_usb.c.obj
 .text.timer_task
                0x0000000010006850       0x18 CMakeFiles/test.dir/Users/jonah/pico/pico-sdk/src/rp2_common/pico_stdio_usb/stdio_usb.c.obj
 .text.usb_irq  0x0000000010006868       0x10 CMakeFiles/test.dir/Users/jonah/pico/pico-sdk/src/rp2_common/pico_stdio_usb/stdio_usb.c.obj
 .text.low_priority_worker_irq
                0x0000000010006878       0x24 CMakeFiles/test.dir/Users/jonah/pico/pico-sdk/src/rp2_common/pico_stdio_usb/stdio_usb.c.obj
 .text.stdio_usb_init
                0x000000001000689c       0xb0 CMakeFiles/test.dir/Users/jonah/pico/pico-sdk/src/rp2_common/pico_stdio_usb/stdio_usb.c.obj
                0x000000001000689c                stdio_usb_init
 .text.tud_descriptor_device_cb
                0x000000001000694c        0x8 CMakeFiles/test.dir/Users/jonah/pico/pico-sdk/src/rp2_common/pico_stdio_usb/stdio_usb_descriptors.c.obj
                0x000000001000694c                tud_descriptor_device_cb
 .text.tud_descriptor_configuration_cb
                0x0000000010006954        0x8 CMakeFiles/test.dir/Users/jonah/pico/pico-sdk/src/rp2_common/pico_stdio_usb/stdio_usb_descriptors.c.obj
                0x0000000010006954                tud_descriptor_configuration_cb
 .text.tud_descriptor_string_cb
                0x000000001000695c       0x74 CMakeFiles/test.dir/Users/jonah/pico/pico-sdk/src/rp2_common/pico_stdio_usb/stdio_usb_descriptors.c.obj
                0x000000001000695c                tud_descriptor_string_cb
 .text.dcd_rp2040_irq
                0x00000000100069d0      0x21c CMakeFiles/test.dir/Users/jonah/pico/pico-sdk/lib/tinyusb/src/portable/raspberrypi/rp2040/dcd_rp2040.c.obj
 .text.dcd_int_enable
                0x0000000010006bec        0xc CMakeFiles/test.dir/Users/jonah/pico/pico-sdk/lib/tinyusb/src/portable/raspberrypi/rp2040/dcd_rp2040.c.obj
                0x0000000010006bec                dcd_int_enable
 .text.dcd_set_address
                0x0000000010006bf8       0x14 CMakeFiles/test.dir/Users/jonah/pico/pico-sdk/lib/tinyusb/src/portable/raspberrypi/rp2040/dcd_rp2040.c.obj
                0x0000000010006bf8                dcd_set_address
 .text.dcd_connect
                0x0000000010006c0c       0x10 CMakeFiles/test.dir/Users/jonah/pico/pico-sdk/lib/tinyusb/src/portable/raspberrypi/rp2040/dcd_rp2040.c.obj
                0x0000000010006c0c                dcd_connect
 .text.dcd_init
                0x0000000010006c1c      0x144 CMakeFiles/test.dir/Users/jonah/pico/pico-sdk/lib/tinyusb/src/portable/raspberrypi/rp2040/dcd_rp2040.c.obj
                0x0000000010006c1c                dcd_init
 .text.dcd_edpt0_status_complete
                0x0000000010006d60       0x1c CMakeFiles/test.dir/Users/jonah/pico/pico-sdk/lib/tinyusb/src/portable/raspberrypi/rp2040/dcd_rp2040.c.obj
                0x0000000010006d60                dcd_edpt0_status_complete
 .text.dcd_edpt_open
                0x0000000010006d7c       0xf0 CMakeFiles/test.dir/Users/jonah/pico/pico-sdk/lib/tinyusb/src/portable/raspberrypi/rp2040/dcd_rp2040.c.obj
                0x0000000010006d7c                dcd_edpt_open
 .text.dcd_edpt_close_all
                0x0000000010006e6c       0xbc CMakeFiles/test.dir/Users/jonah/pico/pico-sdk/lib/tinyusb/src/portable/raspberrypi/rp2040/dcd_rp2040.c.obj
                0x0000000010006e6c                dcd_edpt_close_all
 .text.dcd_edpt_xfer
                0x0000000010006f28       0x24 CMakeFiles/test.dir/Users/jonah/pico/pico-sdk/lib/tinyusb/src/portable/raspberrypi/rp2040/dcd_rp2040.c.obj
                0x0000000010006f28                dcd_edpt_xfer
 .text.dcd_edpt_stall
                0x0000000010006f4c       0x38 CMakeFiles/test.dir/Users/jonah/pico/pico-sdk/lib/tinyusb/src/portable/raspberrypi/rp2040/dcd_rp2040.c.obj
                0x0000000010006f4c                dcd_edpt_stall
 .text.dcd_edpt_clear_stall
                0x0000000010006f84       0x30 CMakeFiles/test.dir/Users/jonah/pico/pico-sdk/lib/tinyusb/src/portable/raspberrypi/rp2040/dcd_rp2040.c.obj
                0x0000000010006f84                dcd_edpt_clear_stall
 .text._hw_endpoint_buffer_control_update32.part.0.isra.0
                0x0000000010006fb4       0x1c CMakeFiles/test.dir/Users/jonah/pico/pico-sdk/lib/tinyusb/src/portable/raspberrypi/rp2040/rp2040_usb.c.obj
 .text.rp2040_usb_init
                0x0000000010006fd0       0x4c CMakeFiles/test.dir/Users/jonah/pico/pico-sdk/lib/tinyusb/src/portable/raspberrypi/rp2040/rp2040_usb.c.obj
                0x0000000010006fd0                rp2040_usb_init
 .text.hw_endpoint_reset_transfer
                0x000000001000701c        0xc CMakeFiles/test.dir/Users/jonah/pico/pico-sdk/lib/tinyusb/src/portable/raspberrypi/rp2040/rp2040_usb.c.obj
                0x000000001000701c                hw_endpoint_reset_transfer
 .text._hw_endpoint_buffer_control_update32
                0x0000000010007028       0x44 CMakeFiles/test.dir/Users/jonah/pico/pico-sdk/lib/tinyusb/src/portable/raspberrypi/rp2040/rp2040_usb.c.obj
                0x0000000010007028                _hw_endpoint_buffer_control_update32
 .text.hw_endpoint_xfer_start
                0x000000001000706c      0x138 CMakeFiles/test.dir/Users/jonah/pico/pico-sdk/lib/tinyusb/src/portable/raspberrypi/rp2040/rp2040_usb.c.obj
                0x000000001000706c                hw_endpoint_xfer_start
 .text.hw_endpoint_xfer_continue
                0x00000000100071a4      0x1e4 CMakeFiles/test.dir/Users/jonah/pico/pico-sdk/lib/tinyusb/src/portable/raspberrypi/rp2040/rp2040_usb.c.obj
                0x00000000100071a4                hw_endpoint_xfer_continue
 .text.tud_mounted
                0x0000000010007388       0x10 CMakeFiles/test.dir/Users/jonah/pico/pico-sdk/lib/tinyusb/src/device/usbd.c.obj
                0x0000000010007388                tud_mounted
 .text.tud_suspended
                0x0000000010007398       0x10 CMakeFiles/test.dir/Users/jonah/pico/pico-sdk/lib/tinyusb/src/device/usbd.c.obj
                0x0000000010007398                tud_suspended
 .text.tud_inited
                0x00000000100073a8        0xc CMakeFiles/test.dir/Users/jonah/pico/pico-sdk/lib/tinyusb/src/device/usbd.c.obj
                0x00000000100073a8                tud_inited
 .text.tud_init
                0x00000000100073b4       0xd8 CMakeFiles/test.dir/Users/jonah/pico/pico-sdk/lib/tinyusb/src/device/usbd.c.obj
                0x00000000100073b4                tud_init
 .text.tud_task
                0x000000001000748c      0x8ec CMakeFiles/test.dir/Users/jonah/pico/pico-sdk/lib/tinyusb/src/device/usbd.c.obj
                0x000000001000748c                tud_task
 .text.dcd_event_bus_signal
                0x0000000010007d78      0x120 CMakeFiles/test.dir/Users/jonah/pico/pico-sdk/lib/tinyusb/src/device/usbd.c.obj
                0x0000000010007d78                dcd_event_bus_signal
 .text.dcd_event_bus_reset
                0x0000000010007e98       0x54 CMakeFiles/test.dir/Users/jonah/pico/pico-sdk/lib/tinyusb/src/device/usbd.c.obj
                0x0000000010007e98                dcd_event_bus_reset
 .text.dcd_event_setup_received
                0x0000000010007eec       0x50 CMakeFiles/test.dir/Users/jonah/pico/pico-sdk/lib/tinyusb/src/device/usbd.c.obj
                0x0000000010007eec                dcd_event_setup_received
 .text.dcd_event_xfer_complete
                0x0000000010007f3c       0x68 CMakeFiles/test.dir/Users/jonah/pico/pico-sdk/lib/tinyusb/src/device/usbd.c.obj
                0x0000000010007f3c                dcd_event_xfer_complete
 .text.usbd_open_edpt_pair
                0x0000000010007fa4       0x80 CMakeFiles/test.dir/Users/jonah/pico/pico-sdk/lib/tinyusb/src/device/usbd.c.obj
                0x0000000010007fa4                usbd_open_edpt_pair
 .text.usbd_edpt_open
                0x0000000010008024       0x30 CMakeFiles/test.dir/Users/jonah/pico/pico-sdk/lib/tinyusb/src/device/usbd.c.obj
                0x0000000010008024                usbd_edpt_open
 .text.usbd_edpt_claim
                0x0000000010008054       0x64 CMakeFiles/test.dir/Users/jonah/pico/pico-sdk/lib/tinyusb/src/device/usbd.c.obj
                0x0000000010008054                usbd_edpt_claim
 .text.usbd_edpt_release
                0x00000000100080b8       0x4c CMakeFiles/test.dir/Users/jonah/pico/pico-sdk/lib/tinyusb/src/device/usbd.c.obj
                0x00000000100080b8                usbd_edpt_release
 .text.usbd_edpt_xfer
                0x0000000010008104       0x48 CMakeFiles/test.dir/Users/jonah/pico/pico-sdk/lib/tinyusb/src/device/usbd.c.obj
                0x0000000010008104                usbd_edpt_xfer
 .text.tud_control_status
                0x000000001000814c       0x30 CMakeFiles/test.dir/Users/jonah/pico/pico-sdk/lib/tinyusb/src/device/usbd_control.c.obj
                0x000000001000814c                tud_control_status
 .text.tud_control_xfer
                0x000000001000817c       0xbc CMakeFiles/test.dir/Users/jonah/pico/pico-sdk/lib/tinyusb/src/device/usbd_control.c.obj
                0x000000001000817c                tud_control_xfer
 .text.usbd_control_reset
                0x0000000010008238       0x14 CMakeFiles/test.dir/Users/jonah/pico/pico-sdk/lib/tinyusb/src/device/usbd_control.c.obj
                0x0000000010008238                usbd_control_reset
 .text.usbd_control_set_complete_callback
                0x000000001000824c        0xc CMakeFiles/test.dir/Users/jonah/pico/pico-sdk/lib/tinyusb/src/device/usbd_control.c.obj
                0x000000001000824c                usbd_control_set_complete_callback
 .text.usbd_control_set_request
                0x0000000010008258       0x1c CMakeFiles/test.dir/Users/jonah/pico/pico-sdk/lib/tinyusb/src/device/usbd_control.c.obj
                0x0000000010008258                usbd_control_set_request
 .text.usbd_control_xfer_cb
                0x0000000010008274       0xfc CMakeFiles/test.dir/Users/jonah/pico/pico-sdk/lib/tinyusb/src/device/usbd_control.c.obj
                0x0000000010008274                usbd_control_xfer_cb
 .text.tud_cdc_n_connected
                0x0000000010008370       0x30 CMakeFiles/test.dir/Users/jonah/pico/pico-sdk/lib/tinyusb/src/class/cdc/cdc_device.c.obj
                0x0000000010008370                tud_cdc_n_connected
 .text.tud_cdc_n_available
                0x00000000100083a0       0x18 CMakeFiles/test.dir/Users/jonah/pico/pico-sdk/lib/tinyusb/src/class/cdc/cdc_device.c.obj
                0x00000000100083a0                tud_cdc_n_available
 .text.tud_cdc_n_read
                0x00000000100083b8       0x70 CMakeFiles/test.dir/Users/jonah/pico/pico-sdk/lib/tinyusb/src/class/cdc/cdc_device.c.obj
                0x00000000100083b8                tud_cdc_n_read
 .text.tud_cdc_n_write_flush
                0x0000000010008428       0x78 CMakeFiles/test.dir/Users/jonah/pico/pico-sdk/lib/tinyusb/src/class/cdc/cdc_device.c.obj
                0x0000000010008428                tud_cdc_n_write_flush
 .text.tud_cdc_n_write
                0x00000000100084a0       0x34 CMakeFiles/test.dir/Users/jonah/pico/pico-sdk/lib/tinyusb/src/class/cdc/cdc_device.c.obj
                0x00000000100084a0                tud_cdc_n_write
 .text.tud_cdc_n_write_available
                0x00000000100084d4       0x18 CMakeFiles/test.dir/Users/jonah/pico/pico-sdk/lib/tinyusb/src/class/cdc/cdc_device.c.obj
                0x00000000100084d4                tud_cdc_n_write_available
 .text.cdcd_init
                0x00000000100084ec       0x7c CMakeFiles/test.dir/Users/jonah/pico/pico-sdk/lib/tinyusb/src/class/cdc/cdc_device.c.obj
                0x00000000100084ec                cdcd_init
 .text.cdcd_reset
                0x0000000010008568       0x2c CMakeFiles/test.dir/Users/jonah/pico/pico-sdk/lib/tinyusb/src/class/cdc/cdc_device.c.obj
                0x0000000010008568                cdcd_reset
 .text.cdcd_open
                0x0000000010008594       0xe4 CMakeFiles/test.dir/Users/jonah/pico/pico-sdk/lib/tinyusb/src/class/cdc/cdc_device.c.obj
                0x0000000010008594                cdcd_open
 .text.cdcd_control_xfer_cb
                0x0000000010008678       0xe4 CMakeFiles/test.dir/Users/jonah/pico/pico-sdk/lib/tinyusb/src/class/cdc/cdc_device.c.obj
                0x0000000010008678                cdcd_control_xfer_cb
 .text.cdcd_xfer_cb
                0x000000001000875c      0x148 CMakeFiles/test.dir/Users/jonah/pico/pico-sdk/lib/tinyusb/src/class/cdc/cdc_device.c.obj
                0x000000001000875c                cdcd_xfer_cb
 .text.tusb_init
                0x00000000100088a4        0xc CMakeFiles/test.dir/Users/jonah/pico/pico-sdk/lib/tinyusb/src/tusb.c.obj
                0x00000000100088a4                tusb_init
 .text.tusb_inited
                0x00000000100088b0        0x8 CMakeFiles/test.dir/Users/jonah/pico/pico-sdk/lib/tinyusb/src/tusb.c.obj
                0x00000000100088b0                tusb_inited
 .text.tu_edpt_validate
                0x00000000100088b8       0x78 CMakeFiles/test.dir/Users/jonah/pico/pico-sdk/lib/tinyusb/src/tusb.c.obj
                0x00000000100088b8                tu_edpt_validate
 .text.tu_edpt_bind_driver
                0x0000000010008930       0x2c CMakeFiles/test.dir/Users/jonah/pico/pico-sdk/lib/tinyusb/src/tusb.c.obj
                0x0000000010008930                tu_edpt_bind_driver
 .text.tu_fifo_config
                0x000000001000895c       0x78 CMakeFiles/test.dir/Users/jonah/pico/pico-sdk/lib/tinyusb/src/common/tusb_fifo.c.obj
                0x000000001000895c                tu_fifo_config
 .text.tu_fifo_count
                0x00000000100089d4       0x20 CMakeFiles/test.dir/Users/jonah/pico/pico-sdk/lib/tinyusb/src/common/tusb_fifo.c.obj
                0x00000000100089d4                tu_fifo_count
 .text.tu_fifo_empty
                0x00000000100089f4       0x10 CMakeFiles/test.dir/Users/jonah/pico/pico-sdk/lib/tinyusb/src/common/tusb_fifo.c.obj
                0x00000000100089f4                tu_fifo_empty
 .text.tu_fifo_remaining
                0x0000000010008a04       0x1c CMakeFiles/test.dir/Users/jonah/pico/pico-sdk/lib/tinyusb/src/common/tusb_fifo.c.obj
                0x0000000010008a04                tu_fifo_remaining
 .text.tu_fifo_read
                0x0000000010008a20       0x9c CMakeFiles/test.dir/Users/jonah/pico/pico-sdk/lib/tinyusb/src/common/tusb_fifo.c.obj
                0x0000000010008a20                tu_fifo_read
 .text.tu_fifo_read_n
                0x0000000010008abc      0x100 CMakeFiles/test.dir/Users/jonah/pico/pico-sdk/lib/tinyusb/src/common/tusb_fifo.c.obj
                0x0000000010008abc                tu_fifo_read_n
 .text.tu_fifo_write
                0x0000000010008bbc       0x7c CMakeFiles/test.dir/Users/jonah/pico/pico-sdk/lib/tinyusb/src/common/tusb_fifo.c.obj
                0x0000000010008bbc                tu_fifo_write
 .text.tu_fifo_write_n
                0x0000000010008c38      0x100 CMakeFiles/test.dir/Users/jonah/pico/pico-sdk/lib/tinyusb/src/common/tusb_fifo.c.obj
                0x0000000010008c38                tu_fifo_write_n
 .text.tu_fifo_clear
                0x0000000010008d38       0x4c CMakeFiles/test.dir/Users/jonah/pico/pico-sdk/lib/tinyusb/src/common/tusb_fifo.c.obj
                0x0000000010008d38                tu_fifo_clear
 .text.tu_fifo_set_overwritable
                0x0000000010008d84       0x3c CMakeFiles/test.dir/Users/jonah/pico/pico-sdk/lib/tinyusb/src/common/tusb_fifo.c.obj
                0x0000000010008d84                tu_fifo_set_overwritable
 .text.startup._retrieve_unique_id_on_boot
                0x0000000010008dc0       0x10 CMakeFiles/test.dir/Users/jonah/pico/pico-sdk/src/rp2_common/pico_unique_id/unique_id.c.obj
 .text.pico_get_unique_board_id_string
                0x0000000010008dd0      0x1a8 CMakeFiles/test.dir/Users/jonah/pico/pico-sdk/src/rp2_common/pico_unique_id/unique_id.c.obj
                0x0000000010008dd0                pico_get_unique_board_id_string
 .text.flash_get_unique_id
                0x0000000010008f78       0x40 CMakeFiles/test.dir/Users/jonah/pico/pico-sdk/src/rp2_common/hardware_flash/flash.c.obj
                0x0000000010008f78                flash_get_unique_id
 .text.i2c_set_baudrate
                0x0000000010008fb8       0xc4 CMakeFiles/test.dir/Users/jonah/pico/pico-sdk/src/rp2_common/hardware_i2c/i2c.c.obj
                0x0000000010008fb8                i2c_set_baudrate
 .text.i2c_init
                0x000000001000907c       0x54 CMakeFiles/test.dir/Users/jonah/pico/pico-sdk/src/rp2_common/hardware_i2c/i2c.c.obj
                0x000000001000907c                i2c_init
 .text.i2c_write_blocking
                0x00000000100090d0       0xd0 CMakeFiles/test.dir/Users/jonah/pico/pico-sdk/src/rp2_common/hardware_i2c/i2c.c.obj
                0x00000000100090d0                i2c_write_blocking
 .text.i2c_read_blocking
                0x00000000100091a0       0xac CMakeFiles/test.dir/Users/jonah/pico/pico-sdk/src/rp2_common/hardware_i2c/i2c.c.obj
                0x00000000100091a0                i2c_read_blocking
 .text.difftime
                0x000000001000924c        0xc /opt/homebrew/Cellar/arm-none-eabi-gcc/10.3-2021.07/gcc/bin/../lib/gcc/arm-none-eabi/10.3.1/../../../../arm-none-eabi/lib/thumb/v6-m/nofp/libc.a(lib_a-difftime.o)
                0x000000001000924c                difftime
 .text.__errno  0x0000000010009258        0xc /opt/homebrew/Cellar/arm-none-eabi-gcc/10.3-2021.07/gcc/bin/../lib/gcc/arm-none-eabi/10.3.1/../../../../arm-none-eabi/lib/thumb/v6-m/nofp/libc.a(lib_a-errno.o)
                0x0000000010009258                __errno
 .text.malloc   0x0000000010009264       0x14 /opt/homebrew/Cellar/arm-none-eabi-gcc/10.3-2021.07/gcc/bin/../lib/gcc/arm-none-eabi/10.3.1/../../../../arm-none-eabi/lib/thumb/v6-m/nofp/libc.a(lib_a-malloc.o)
                0x0000000010009264                malloc
 .text.free     0x0000000010009278       0x14 /opt/homebrew/Cellar/arm-none-eabi-gcc/10.3-2021.07/gcc/bin/../lib/gcc/arm-none-eabi/10.3.1/../../../../arm-none-eabi/lib/thumb/v6-m/nofp/libc.a(lib_a-malloc.o)
                0x0000000010009278                free
 .text._malloc_r
                0x000000001000928c      0x584 /opt/homebrew/Cellar/arm-none-eabi-gcc/10.3-2021.07/gcc/bin/../lib/gcc/arm-none-eabi/10.3.1/../../../../arm-none-eabi/lib/thumb/v6-m/nofp/libc.a(lib_a-mallocr.o)
                0x000000001000928c                _malloc_r
 .text.validate_structure
                0x0000000010009810      0x1e0 /opt/homebrew/Cellar/arm-none-eabi-gcc/10.3-2021.07/gcc/bin/../lib/gcc/arm-none-eabi/10.3.1/../../../../arm-none-eabi/lib/thumb/v6-m/nofp/libc.a(lib_a-mktime.o)
 .text.mktime   0x00000000100099f0      0x3f8 /opt/homebrew/Cellar/arm-none-eabi-gcc/10.3-2021.07/gcc/bin/../lib/gcc/arm-none-eabi/10.3.1/../../../../arm-none-eabi/lib/thumb/v6-m/nofp/libc.a(lib_a-mktime.o)
                0x00000000100099f0                mktime
 .text.__malloc_lock
                0x0000000010009de8       0x10 /opt/homebrew/Cellar/arm-none-eabi-gcc/10.3-2021.07/gcc/bin/../lib/gcc/arm-none-eabi/10.3.1/../../../../arm-none-eabi/lib/thumb/v6-m/nofp/libc.a(lib_a-mlock.o)
                0x0000000010009de8                __malloc_lock
 .text.__malloc_unlock
                0x0000000010009df8       0x10 /opt/homebrew/Cellar/arm-none-eabi-gcc/10.3-2021.07/gcc/bin/../lib/gcc/arm-none-eabi/10.3.1/../../../../arm-none-eabi/lib/thumb/v6-m/nofp/libc.a(lib_a-mlock.o)
                0x0000000010009df8                __malloc_unlock
 .text.srand    0x0000000010009e08       0x14 /opt/homebrew/Cellar/arm-none-eabi-gcc/10.3-2021.07/gcc/bin/../lib/gcc/arm-none-eabi/10.3.1/../../../../arm-none-eabi/lib/thumb/v6-m/nofp/libc.a(lib_a-rand.o)
                0x0000000010009e08                srand
 .text.random   0x0000000010009e1c       0x34 /opt/homebrew/Cellar/arm-none-eabi-gcc/10.3-2021.07/gcc/bin/../lib/gcc/arm-none-eabi/10.3.1/../../../../arm-none-eabi/lib/thumb/v6-m/nofp/libc.a(lib_a-random.o)
                0x0000000010009e1c                random
 .text.realloc  0x0000000010009e50       0x18 /opt/homebrew/Cellar/arm-none-eabi-gcc/10.3-2021.07/gcc/bin/../lib/gcc/arm-none-eabi/10.3.1/../../../../arm-none-eabi/lib/thumb/v6-m/nofp/libc.a(lib_a-realloc.o)
                0x0000000010009e50                realloc
 .text._realloc_r
                0x0000000010009e68      0x354 /opt/homebrew/Cellar/arm-none-eabi-gcc/10.3-2021.07/gcc/bin/../lib/gcc/arm-none-eabi/10.3.1/../../../../arm-none-eabi/lib/thumb/v6-m/nofp/libc.a(lib_a-reallocr.o)
                0x0000000010009e68                _realloc_r
 .text._sbrk_r  0x000000001000a1bc       0x24 /opt/homebrew/Cellar/arm-none-eabi-gcc/10.3-2021.07/gcc/bin/../lib/gcc/arm-none-eabi/10.3.1/../../../../arm-none-eabi/lib/thumb/v6-m/nofp/libc.a(lib_a-sbrkr.o)
                0x000000001000a1bc                _sbrk_r
 .text.strlen   0x000000001000a1e0       0x5c /opt/homebrew/Cellar/arm-none-eabi-gcc/10.3-2021.07/gcc/bin/../lib/gcc/arm-none-eabi/10.3.1/../../../../arm-none-eabi/lib/thumb/v6-m/nofp/libc.a(lib_a-strlen-stub.o)
                0x000000001000a1e0                strlen
 .text.__tzcalc_limits
                0x000000001000a23c      0x1a8 /opt/homebrew/Cellar/arm-none-eabi-gcc/10.3-2021.07/gcc/bin/../lib/gcc/arm-none-eabi/10.3.1/../../../../arm-none-eabi/lib/thumb/v6-m/nofp/libc.a(lib_a-tzcalc_limits.o)
                0x000000001000a23c                __tzcalc_limits
 .text.__tz_lock
                0x000000001000a3e4       0x10 /opt/homebrew/Cellar/arm-none-eabi-gcc/10.3-2021.07/gcc/bin/../lib/gcc/arm-none-eabi/10.3.1/../../../../arm-none-eabi/lib/thumb/v6-m/nofp/libc.a(lib_a-tzlock.o)
                0x000000001000a3e4                __tz_lock
 .text.__tz_unlock
                0x000000001000a3f4       0x10 /opt/homebrew/Cellar/arm-none-eabi-gcc/10.3-2021.07/gcc/bin/../lib/gcc/arm-none-eabi/10.3.1/../../../../arm-none-eabi/lib/thumb/v6-m/nofp/libc.a(lib_a-tzlock.o)
                0x000000001000a3f4                __tz_unlock
 .text._tzset_unlocked
                0x000000001000a404       0x10 /opt/homebrew/Cellar/arm-none-eabi-gcc/10.3-2021.07/gcc/bin/../lib/gcc/arm-none-eabi/10.3.1/../../../../arm-none-eabi/lib/thumb/v6-m/nofp/libc.a(lib_a-tzset.o)
                0x000000001000a404                _tzset_unlocked
 .text._tzset_unlocked_r
                0x000000001000a414      0x350 /opt/homebrew/Cellar/arm-none-eabi-gcc/10.3-2021.07/gcc/bin/../lib/gcc/arm-none-eabi/10.3.1/../../../../arm-none-eabi/lib/thumb/v6-m/nofp/libc.a(lib_a-tzset_r.o)
                0x000000001000a414                _tzset_unlocked_r
 .text.div      0x000000001000a764       0x30 /opt/homebrew/Cellar/arm-none-eabi-gcc/10.3-2021.07/gcc/bin/../lib/gcc/arm-none-eabi/10.3.1/../../../../arm-none-eabi/lib/thumb/v6-m/nofp/libc.a(lib_a-div.o)
                0x000000001000a764                div
 .text._malloc_trim_r
                0x000000001000a794       0x9c /opt/homebrew/Cellar/arm-none-eabi-gcc/10.3-2021.07/gcc/bin/../lib/gcc/arm-none-eabi/10.3.1/../../../../arm-none-eabi/lib/thumb/v6-m/nofp/libc.a(lib_a-freer.o)
                0x000000001000a794                _malloc_trim_r
 .text._free_r  0x000000001000a830      0x1c4 /opt/homebrew/Cellar/arm-none-eabi-gcc/10.3-2021.07/gcc/bin/../lib/gcc/arm-none-eabi/10.3.1/../../../../arm-none-eabi/lib/thumb/v6-m/nofp/libc.a(lib_a-freer.o)
                0x000000001000a830                _free_r
 .text._findenv_r
                0x000000001000a9f4       0x90 /opt/homebrew/Cellar/arm-none-eabi-gcc/10.3-2021.07/gcc/bin/../lib/gcc/arm-none-eabi/10.3.1/../../../../arm-none-eabi/lib/thumb/v6-m/nofp/libc.a(lib_a-getenv_r.o)
                0x000000001000a9f4                _findenv_r
 .text._getenv_r
                0x000000001000aa84       0x10 /opt/homebrew/Cellar/arm-none-eabi-gcc/10.3-2021.07/gcc/bin/../lib/gcc/arm-none-eabi/10.3.1/../../../../arm-none-eabi/lib/thumb/v6-m/nofp/libc.a(lib_a-getenv_r.o)
                0x000000001000aa84                _getenv_r
 .text.__gettzinfo
                0x000000001000aa94        0x8 /opt/homebrew/Cellar/arm-none-eabi-gcc/10.3-2021.07/gcc/bin/../lib/gcc/arm-none-eabi/10.3.1/../../../../arm-none-eabi/lib/thumb/v6-m/nofp/libc.a(lib_a-gettzinfo.o)
                0x000000001000aa94                __gettzinfo
 .text.__retarget_lock_acquire
                0x000000001000aa9c        0x4 /opt/homebrew/Cellar/arm-none-eabi-gcc/10.3-2021.07/gcc/bin/../lib/gcc/arm-none-eabi/10.3.1/../../../../arm-none-eabi/lib/thumb/v6-m/nofp/libc.a(lib_a-lock.o)
                0x000000001000aa9c                __retarget_lock_acquire
 .text.__retarget_lock_acquire_recursive
                0x000000001000aaa0        0x4 /opt/homebrew/Cellar/arm-none-eabi-gcc/10.3-2021.07/gcc/bin/../lib/gcc/arm-none-eabi/10.3.1/../../../../arm-none-eabi/lib/thumb/v6-m/nofp/libc.a(lib_a-lock.o)
                0x000000001000aaa0                __retarget_lock_acquire_recursive
 .text.__retarget_lock_release
                0x000000001000aaa4        0x4 /opt/homebrew/Cellar/arm-none-eabi-gcc/10.3-2021.07/gcc/bin/../lib/gcc/arm-none-eabi/10.3.1/../../../../arm-none-eabi/lib/thumb/v6-m/nofp/libc.a(lib_a-lock.o)
                0x000000001000aaa4                __retarget_lock_release
 .text.__retarget_lock_release_recursive
                0x000000001000aaa8        0x4 /opt/homebrew/Cellar/arm-none-eabi-gcc/10.3-2021.07/gcc/bin/../lib/gcc/arm-none-eabi/10.3.1/../../../../arm-none-eabi/lib/thumb/v6-m/nofp/libc.a(lib_a-lock.o)
                0x000000001000aaa8                __retarget_lock_release_recursive
 .text.siscanf  0x000000001000aaac       0x50 /opt/homebrew/Cellar/arm-none-eabi-gcc/10.3-2021.07/gcc/bin/../lib/gcc/arm-none-eabi/10.3.1/../../../../arm-none-eabi/lib/thumb/v6-m/nofp/libc.a(lib_a-siscanf.o)
                0x000000001000aaac                siscanf
 .text.__seofread
                0x000000001000aafc        0x4 /opt/homebrew/Cellar/arm-none-eabi-gcc/10.3-2021.07/gcc/bin/../lib/gcc/arm-none-eabi/10.3.1/../../../../arm-none-eabi/lib/thumb/v6-m/nofp/libc.a(lib_a-stdio.o)
                0x000000001000aafc                __seofread
 .text          0x000000001000ab00       0x88 /opt/homebrew/Cellar/arm-none-eabi-gcc/10.3-2021.07/gcc/bin/../lib/gcc/arm-none-eabi/10.3.1/../../../../arm-none-eabi/lib/thumb/v6-m/nofp/libc.a(lib_a-strcmp.o)
                0x000000001000ab00                strcmp
 .text.strcpy   0x000000001000ab88       0x10 /opt/homebrew/Cellar/arm-none-eabi-gcc/10.3-2021.07/gcc/bin/../lib/gcc/arm-none-eabi/10.3.1/../../../../arm-none-eabi/lib/thumb/v6-m/nofp/libc.a(lib_a-strcpy.o)
                0x000000001000ab88                strcpy
 .text.strncmp  0x000000001000ab98       0x74 /opt/homebrew/Cellar/arm-none-eabi-gcc/10.3-2021.07/gcc/bin/../lib/gcc/arm-none-eabi/10.3.1/../../../../arm-none-eabi/lib/thumb/v6-m/nofp/libc.a(lib_a-strncmp.o)
                0x000000001000ab98                strncmp
 .text._strtoul_l.constprop.0
                0x000000001000ac0c      0x148 /opt/homebrew/Cellar/arm-none-eabi-gcc/10.3-2021.07/gcc/bin/../lib/gcc/arm-none-eabi/10.3.1/../../../../arm-none-eabi/lib/thumb/v6-m/nofp/libc.a(lib_a-strtoul.o)
 .text._strtoul_r
                0x000000001000ad54        0x8 /opt/homebrew/Cellar/arm-none-eabi-gcc/10.3-2021.07/gcc/bin/../lib/gcc/arm-none-eabi/10.3.1/../../../../arm-none-eabi/lib/thumb/v6-m/nofp/libc.a(lib_a-strtoul.o)
                0x000000001000ad54                _strtoul_r
 .text.strtoul  0x000000001000ad5c       0x18 /opt/homebrew/Cellar/arm-none-eabi-gcc/10.3-2021.07/gcc/bin/../lib/gcc/arm-none-eabi/10.3.1/../../../../arm-none-eabi/lib/thumb/v6-m/nofp/libc.a(lib_a-strtoul.o)
                0x000000001000ad5c                strtoul
 .text._sungetc_r
                0x000000001000ad74       0x84 /opt/homebrew/Cellar/arm-none-eabi-gcc/10.3-2021.07/gcc/bin/../lib/gcc/arm-none-eabi/10.3.1/../../../../arm-none-eabi/lib/thumb/v6-m/nofp/libc.a(lib_a-svfiscanf.o)
                0x000000001000ad74                _sungetc_r
 .text._sfread_r
                0x000000001000adf8       0xc4 /opt/homebrew/Cellar/arm-none-eabi-gcc/10.3-2021.07/gcc/bin/../lib/gcc/arm-none-eabi/10.3.1/../../../../arm-none-eabi/lib/thumb/v6-m/nofp/libc.a(lib_a-svfiscanf.o)
                0x000000001000adf8                _sfread_r
 .text.__ssvfiscanf_r
                0x000000001000aebc     0x14d0 /opt/homebrew/Cellar/arm-none-eabi-gcc/10.3-2021.07/gcc/bin/../lib/gcc/arm-none-eabi/10.3.1/../../../../arm-none-eabi/lib/thumb/v6-m/nofp/libc.a(lib_a-svfiscanf.o)
                0x000000001000aebc                __ssvfiscanf_r
 .text.__submore
                0x000000001000c38c       0x84 /opt/homebrew/Cellar/arm-none-eabi-gcc/10.3-2021.07/gcc/bin/../lib/gcc/arm-none-eabi/10.3.1/../../../../arm-none-eabi/lib/thumb/v6-m/nofp/libc.a(lib_a-ungetc.o)
                0x000000001000c38c                __submore
 .text.__env_lock
                0x000000001000c410       0x10 /opt/homebrew/Cellar/arm-none-eabi-gcc/10.3-2021.07/gcc/bin/../lib/gcc/arm-none-eabi/10.3.1/../../../../arm-none-eabi/lib/thumb/v6-m/nofp/libc.a(lib_a-envlock.o)
                0x000000001000c410                __env_lock
 .text.__env_unlock
                0x000000001000c420       0x10 /opt/homebrew/Cellar/arm-none-eabi-gcc/10.3-2021.07/gcc/bin/../lib/gcc/arm-none-eabi/10.3.1/../../../../arm-none-eabi/lib/thumb/v6-m/nofp/libc.a(lib_a-envlock.o)
                0x000000001000c420                __env_unlock
 .text.iswspace
                0x000000001000c430        0xc /opt/homebrew/Cellar/arm-none-eabi-gcc/10.3-2021.07/gcc/bin/../lib/gcc/arm-none-eabi/10.3.1/../../../../arm-none-eabi/lib/thumb/v6-m/nofp/libc.a(lib_a-iswspace.o)
                0x000000001000c430                iswspace
 .text.iswspace_l
                0x000000001000c43c       0x18 /opt/homebrew/Cellar/arm-none-eabi-gcc/10.3-2021.07/gcc/bin/../lib/gcc/arm-none-eabi/10.3.1/../../../../arm-none-eabi/lib/thumb/v6-m/nofp/libc.a(lib_a-iswspace_l.o)
                0x000000001000c43c                iswspace_l
 .text.__locale_mb_cur_max
                0x000000001000c454       0x10 /opt/homebrew/Cellar/arm-none-eabi-gcc/10.3-2021.07/gcc/bin/../lib/gcc/arm-none-eabi/10.3.1/../../../../arm-none-eabi/lib/thumb/v6-m/nofp/libc.a(lib_a-locale.o)
                0x000000001000c454                __locale_mb_cur_max
 .text._mbrtowc_r
                0x000000001000c464       0x4c /opt/homebrew/Cellar/arm-none-eabi-gcc/10.3-2021.07/gcc/bin/../lib/gcc/arm-none-eabi/10.3.1/../../../../arm-none-eabi/lib/thumb/v6-m/nofp/libc.a(lib_a-mbrtowc.o)
                0x000000001000c464                _mbrtowc_r
 .text.__ascii_mbtowc
                0x000000001000c4b0       0x2c /opt/homebrew/Cellar/arm-none-eabi-gcc/10.3-2021.07/gcc/bin/../lib/gcc/arm-none-eabi/10.3.1/../../../../arm-none-eabi/lib/thumb/v6-m/nofp/libc.a(lib_a-mbtowc_r.o)
                0x000000001000c4b0                __ascii_mbtowc
 .text.__sccl   0x000000001000c4dc       0x80 /opt/homebrew/Cellar/arm-none-eabi-gcc/10.3-2021.07/gcc/bin/../lib/gcc/arm-none-eabi/10.3.1/../../../../arm-none-eabi/lib/thumb/v6-m/nofp/libc.a(lib_a-sccl.o)
                0x000000001000c4dc                __sccl
 .text._strtol_l.part.0
                0x000000001000c55c      0x144 /opt/homebrew/Cellar/arm-none-eabi-gcc/10.3-2021.07/gcc/bin/../lib/gcc/arm-none-eabi/10.3.1/../../../../arm-none-eabi/lib/thumb/v6-m/nofp/libc.a(lib_a-strtol.o)
 .text._strtol_r
                0x000000001000c6a0       0x1c /opt/homebrew/Cellar/arm-none-eabi-gcc/10.3-2021.07/gcc/bin/../lib/gcc/arm-none-eabi/10.3.1/../../../../arm-none-eabi/lib/thumb/v6-m/nofp/libc.a(lib_a-strtol.o)
                0x000000001000c6a0                _strtol_r
 .text._strtoll_l.constprop.0
                0x000000001000c6bc      0x198 /opt/homebrew/Cellar/arm-none-eabi-gcc/10.3-2021.07/gcc/bin/../lib/gcc/arm-none-eabi/10.3.1/../../../../arm-none-eabi/lib/thumb/v6-m/nofp/libc.a(lib_a-strtoll.o)
 .text._strtoll_r
                0x000000001000c854        0x8 /opt/homebrew/Cellar/arm-none-eabi-gcc/10.3-2021.07/gcc/bin/../lib/gcc/arm-none-eabi/10.3.1/../../../../arm-none-eabi/lib/thumb/v6-m/nofp/libc.a(lib_a-strtoll.o)
                0x000000001000c854                _strtoll_r
 .text._strtoull_l.constprop.0
                0x000000001000c85c      0x1bc /opt/homebrew/Cellar/arm-none-eabi-gcc/10.3-2021.07/gcc/bin/../lib/gcc/arm-none-eabi/10.3.1/../../../../arm-none-eabi/lib/thumb/v6-m/nofp/libc.a(lib_a-strtoull.o)
 .text._strtoull_r
                0x000000001000ca18        0x8 /opt/homebrew/Cellar/arm-none-eabi-gcc/10.3-2021.07/gcc/bin/../lib/gcc/arm-none-eabi/10.3.1/../../../../arm-none-eabi/lib/thumb/v6-m/nofp/libc.a(lib_a-strtoull.o)
                0x000000001000ca18                _strtoull_r
 .text.__ascii_wctomb
                0x000000001000ca20       0x1c /opt/homebrew/Cellar/arm-none-eabi-gcc/10.3-2021.07/gcc/bin/../lib/gcc/arm-none-eabi/10.3.1/../../../../arm-none-eabi/lib/thumb/v6-m/nofp/libc.a(lib_a-wctomb_r.o)
                0x000000001000ca20                __ascii_wctomb
 *(.fini)
 .fini          0x000000001000ca3c        0x4 /opt/homebrew/Cellar/arm-none-eabi-gcc/10.3-2021.07/gcc/bin/../lib/gcc/arm-none-eabi/10.3.1/thumb/v6-m/nofp/crti.o
                0x000000001000ca3c                _fini
 .fini.__stub   0x000000001000ca40       0x80 linker stubs
 *crtbegin.o(.ctors)
 *crtbegin?.o(.ctors)
 *(EXCLUDE_FILE(*crtend.o *crtend?.o) .ctors)
 *(SORT_BY_NAME(.ctors.*))
 *(.ctors)
 *crtbegin.o(.dtors)
 *crtbegin?.o(.dtors)
 *(EXCLUDE_FILE(*crtend.o *crtend?.o) .dtors)
 *(SORT_BY_NAME(.dtors.*))
 *(.dtors)
 *(.eh_frame*)
 .eh_frame      0x000000001000cac0        0x0 /opt/homebrew/Cellar/arm-none-eabi-gcc/10.3-2021.07/gcc/bin/../lib/gcc/arm-none-eabi/10.3.1/thumb/v6-m/nofp/crtbegin.o
                0x000000001000cac0                . = ALIGN (0x4)

.glue_7         0x000000001000cac0        0x0
 .glue_7        0x000000001000cac0        0x0 linker stubs

.glue_7t        0x000000001000cac0        0x0
 .glue_7t       0x000000001000cac0        0x0 linker stubs

.vfp11_veneer   0x000000001000cac0        0x0
 .vfp11_veneer  0x000000001000cac0        0x0 linker stubs

.v4_bx          0x000000001000cac0        0x0
 .v4_bx         0x000000001000cac0        0x0 linker stubs

.iplt           0x000000001000cac0        0x0
 .iplt          0x000000001000cac0        0x0 /opt/homebrew/Cellar/arm-none-eabi-gcc/10.3-2021.07/gcc/bin/../lib/gcc/arm-none-eabi/10.3.1/thumb/v6-m/nofp/crtbegin.o

.rodata         0x000000001000cac0     0x1134
 *(EXCLUDE_FILE(*libm.a: *libc.a:*lib_a-mem*.o *libgcc.a:) .rodata*)
 .rodata._ZN5Light9setLightsEiii.str1.4
                0x000000001000cac0       0x1c CMakeFiles/test.dir/main.cpp.obj
 .rodata._Z5setupv.str1.4
                0x000000001000cadc       0x4d CMakeFiles/test.dir/main.cpp.obj
 *fill*         0x000000001000cb29        0x3 
 .rodata._Z10clockSetupv.str1.4
                0x000000001000cb2c       0x9e CMakeFiles/test.dir/main.cpp.obj
 *fill*         0x000000001000cbca        0x2 
 .rodata._Z9algoSetupv.str1.4
                0x000000001000cbcc       0xc7 CMakeFiles/test.dir/main.cpp.obj
 *fill*         0x000000001000cc93        0x1 
 .rodata._Z9algoSetupv
                0x000000001000cc94       0x1c CMakeFiles/test.dir/main.cpp.obj
 .rodata.main.str1.4
                0x000000001000ccb0       0x54 CMakeFiles/test.dir/main.cpp.obj
                                         0x58 (size before relaxing)
 .rodata.main   0x000000001000cd04       0x1c CMakeFiles/test.dir/main.cpp.obj
 .rodata        0x000000001000cd20       0x3c CMakeFiles/test.dir/main.cpp.obj
 .rodata._ZN8AlgoOver4initEiiii.str1.4
                0x000000001000cd5c       0x23 CMakeFiles/test.dir/AlgoOver.cpp.obj
 *fill*         0x000000001000cd7f        0x1 
 .rodata._ZN8AlgoOver4tickEv.str1.4
                0x000000001000cd80        0xc CMakeFiles/test.dir/AlgoOver.cpp.obj
 .rodata        0x000000001000cd8c       0x80 CMakeFiles/test.dir/AlgoOver.cpp.obj
 .rodata._ZN9AlgoPlain4initEv.str1.4
                0x000000001000ce0c       0x1c CMakeFiles/test.dir/AlgoPlain.cpp.obj
                                         0x24 (size before relaxing)
 .rodata._ZN9AlgoPlain4initEv
                0x000000001000ce28       0x20 CMakeFiles/test.dir/AlgoPlain.cpp.obj
 .rodata._ZN9AlgoPlain4tickEv.str1.4
                0x000000001000ce48        0x5 CMakeFiles/test.dir/AlgoPlain.cpp.obj
 *fill*         0x000000001000ce4d        0x3 
 .rodata._ZN9AlgoReich4initEbiiii.str1.4
                0x000000001000ce50       0x3c CMakeFiles/test.dir/AlgoReich.cpp.obj
                                         0x40 (size before relaxing)
 .rodata._ZN9AlgoReich4tickEv.str1.4
                0x000000001000ce8c       0x16 CMakeFiles/test.dir/AlgoReich.cpp.obj
 *fill*         0x000000001000cea2        0x2 
 .rodata._ZN11AlgoCulture4initEiiii.str1.4
                0x000000001000cea4        0x6 CMakeFiles/test.dir/AlgoCulture.cpp.obj
                                          0xc (size before relaxing)
 *fill*         0x000000001000ceaa        0x2 
 .rodata._ZN11AlgoCulture4initEiiii
                0x000000001000ceac       0x24 CMakeFiles/test.dir/AlgoCulture.cpp.obj
 .rodata._ZN11AlgoCulture4tickEv.str1.4
                0x000000001000ced0       0x1c CMakeFiles/test.dir/AlgoCulture.cpp.obj
 .rodata        0x000000001000ceec      0x200 CMakeFiles/test.dir/AlgoCulture.cpp.obj
 .rodata        0x000000001000d0ec       0x80 CMakeFiles/test.dir/AlgoBlocks.cpp.obj
 .rodata._ZN8AlgoWonk4tickEv.str1.4
                0x000000001000d16c        0xa CMakeFiles/test.dir/AlgoWonk.cpp.obj
 *fill*         0x000000001000d176        0x2 
 .rodata._ZN10AlgoSparse4initEiiii.str1.4
                0x000000001000d178       0x2c CMakeFiles/test.dir/AlgoSparse.cpp.obj
                                         0x30 (size before relaxing)
 .rodata._ZN10AlgoSparse4tickEv.str1.4
                0x000000001000d1a4       0x17 CMakeFiles/test.dir/AlgoSparse.cpp.obj
 *fill*         0x000000001000d1bb        0x1 
 .rodata._ZZN5Clock9initClockEvE7__bi_34
                0x000000001000d1bc        0x8 CMakeFiles/test.dir/Clock.cpp.obj
 .rodata.spin_lock_claim_unused.str1.4
                0x000000001000d1c4       0x1b CMakeFiles/test.dir/Users/jonah/pico/pico-sdk/src/rp2_common/hardware_sync/sync.c.obj
 *fill*         0x000000001000d1df        0x1 
 .rodata.user_irq_claim_unused.str1.4
                0x000000001000d1e0       0x1b CMakeFiles/test.dir/Users/jonah/pico/pico-sdk/src/rp2_common/hardware_irq/irq.c.obj
 *fill*         0x000000001000d1fb        0x1 
 .rodata.hardware_alarm_claim.str1.4
                0x000000001000d1fc       0x22 CMakeFiles/test.dir/Users/jonah/pico/pico-sdk/src/rp2_common/hardware_timer/timer.c.obj
 *fill*         0x000000001000d21e        0x2 
 .rodata.panic.str1.4
                0x000000001000d220       0x10 CMakeFiles/test.dir/Users/jonah/pico/pico-sdk/src/rp2_common/pico_runtime/runtime.c.obj
                                         0x12 (size before relaxing)
 .rodata.hard_assertion_failure.str1.4
                0x000000001000d230        0xc CMakeFiles/test.dir/Users/jonah/pico/pico-sdk/src/rp2_common/pico_runtime/runtime.c.obj
 .rodata._ftoa.str1.4
                0x000000001000d23c       0x15 CMakeFiles/test.dir/Users/jonah/pico/pico-sdk/src/rp2_common/pico_printf/printf.c.obj
 *fill*         0x000000001000d251        0x3 
 .rodata._vsnprintf
                0x000000001000d254      0x1e0 CMakeFiles/test.dir/Users/jonah/pico/pico-sdk/src/rp2_common/pico_printf/printf.c.obj
 *fill*         0x000000001000d434        0x4 
 .rodata.pow10.0
                0x000000001000d438       0x50 CMakeFiles/test.dir/Users/jonah/pico/pico-sdk/src/rp2_common/pico_printf/printf.c.obj
 .rodata.__wrap_malloc.str1.4
                0x000000001000d488        0xe CMakeFiles/test.dir/Users/jonah/pico/pico-sdk/src/rp2_common/pico_malloc/pico_malloc.c.obj
 *fill*         0x000000001000d496        0x2 
 .rodata.str1.4
                0x000000001000d498       0x3c CMakeFiles/test.dir/Users/jonah/pico/pico-sdk/src/rp2_common/pico_standard_link/binary_info.c.obj
 .rodata.__bi_44
                0x000000001000d4d4        0xc CMakeFiles/test.dir/Users/jonah/pico/pico-sdk/src/rp2_common/pico_standard_link/binary_info.c.obj
 .rodata.__bi_75
                0x000000001000d4e0        0xc CMakeFiles/test.dir/Users/jonah/pico/pico-sdk/src/rp2_common/pico_standard_link/binary_info.c.obj
 .rodata.__bi_81
                0x000000001000d4ec        0xc CMakeFiles/test.dir/Users/jonah/pico/pico-sdk/src/rp2_common/pico_standard_link/binary_info.c.obj
 .rodata.crlf_str.0
                0x000000001000d4f8        0x2 CMakeFiles/test.dir/Users/jonah/pico/pico-sdk/src/rp2_common/pico_stdio/stdio.c.obj
 *fill*         0x000000001000d4fa        0x2 
 .rodata.str1.4
                0x000000001000d4fc       0x2c CMakeFiles/test.dir/Users/jonah/pico/pico-sdk/src/rp2_common/pico_stdio_uart/stdio_uart.c.obj
 .rodata.__bi_28.4
                0x000000001000d528        0xc CMakeFiles/test.dir/Users/jonah/pico/pico-sdk/src/rp2_common/pico_stdio_uart/stdio_uart.c.obj
 .rodata.__bi_29.5
                0x000000001000d534        0x8 CMakeFiles/test.dir/Users/jonah/pico/pico-sdk/src/rp2_common/pico_stdio_uart/stdio_uart.c.obj
 .rodata._resetd_driver
                0x000000001000d53c       0x18 CMakeFiles/test.dir/Users/jonah/pico/pico-sdk/src/rp2_common/pico_stdio_usb/reset_interface.c.obj
 .rodata.str1.4
                0x000000001000d554       0x13 CMakeFiles/test.dir/Users/jonah/pico/pico-sdk/src/rp2_common/pico_stdio_usb/stdio_usb.c.obj
 *fill*         0x000000001000d567        0x1 
 .rodata.__bi_118.0
                0x000000001000d568        0xc CMakeFiles/test.dir/Users/jonah/pico/pico-sdk/src/rp2_common/pico_stdio_usb/stdio_usb.c.obj
 .rodata.str1.4
                0x000000001000d574       0x22 CMakeFiles/test.dir/Users/jonah/pico/pico-sdk/src/rp2_common/pico_stdio_usb/stdio_usb_descriptors.c.obj
                                         0x2a (size before relaxing)
 *fill*         0x000000001000d596        0x2 
 .rodata.usbd_desc_cfg
                0x000000001000d598       0x54 CMakeFiles/test.dir/Users/jonah/pico/pico-sdk/src/rp2_common/pico_stdio_usb/stdio_usb_descriptors.c.obj
 .rodata.usbd_desc_device
                0x000000001000d5ec       0x12 CMakeFiles/test.dir/Users/jonah/pico/pico-sdk/src/rp2_common/pico_stdio_usb/stdio_usb_descriptors.c.obj
 *fill*         0x000000001000d5fe        0x2 
 .rodata.usbd_desc_str
                0x000000001000d600       0x18 CMakeFiles/test.dir/Users/jonah/pico/pico-sdk/src/rp2_common/pico_stdio_usb/stdio_usb_descriptors.c.obj
 .rodata.dcd_rp2040_irq.str1.4
                0x000000001000d618       0x14 CMakeFiles/test.dir/Users/jonah/pico/pico-sdk/lib/tinyusb/src/portable/raspberrypi/rp2040/dcd_rp2040.c.obj
 .rodata._hw_endpoint_buffer_control_update32.part.0.isra.0.str1.4
                0x000000001000d62c       0x1f CMakeFiles/test.dir/Users/jonah/pico/pico-sdk/lib/tinyusb/src/portable/raspberrypi/rp2040/rp2040_usb.c.obj
 *fill*         0x000000001000d64b        0x1 
 .rodata.hw_endpoint_xfer_continue.str1.4
                0x000000001000d64c       0x29 CMakeFiles/test.dir/Users/jonah/pico/pico-sdk/lib/tinyusb/src/portable/raspberrypi/rp2040/rp2040_usb.c.obj
 .rodata.str1.4
                0x000000001000d675       0x29 CMakeFiles/test.dir/Users/jonah/pico/pico-sdk/lib/tinyusb/src/portable/raspberrypi/rp2040/rp2040_usb.c.obj
                                          0x7 (size before relaxing)
 *fill*         0x000000001000d675        0x3 
 .rodata.tud_task
                0x000000001000d678       0x8c CMakeFiles/test.dir/Users/jonah/pico/pico-sdk/lib/tinyusb/src/device/usbd.c.obj
 .rodata._usbd_driver
                0x000000001000d704       0x18 CMakeFiles/test.dir/Users/jonah/pico/pico-sdk/lib/tinyusb/src/device/usbd.c.obj
 .rodata.DAYS_IN_MONTH
                0x000000001000d71c       0x30 /opt/homebrew/Cellar/arm-none-eabi-gcc/10.3-2021.07/gcc/bin/../lib/gcc/arm-none-eabi/10.3.1/../../../../arm-none-eabi/lib/thumb/v6-m/nofp/libc.a(lib_a-mktime.o)
 .rodata._DAYS_BEFORE_MONTH
                0x000000001000d74c       0x30 /opt/homebrew/Cellar/arm-none-eabi-gcc/10.3-2021.07/gcc/bin/../lib/gcc/arm-none-eabi/10.3.1/../../../../arm-none-eabi/lib/thumb/v6-m/nofp/libc.a(lib_a-mktime.o)
 .rodata._tzset_unlocked_r.str1.4
                0x000000001000d77c       0x53 /opt/homebrew/Cellar/arm-none-eabi-gcc/10.3-2021.07/gcc/bin/../lib/gcc/arm-none-eabi/10.3.1/../../../../arm-none-eabi/lib/thumb/v6-m/nofp/libc.a(lib_a-tzset_r.o)
 .rodata.str1.4
                0x000000001000d7cf        0x4 /opt/homebrew/Cellar/arm-none-eabi-gcc/10.3-2021.07/gcc/bin/../lib/gcc/arm-none-eabi/10.3.1/../../../../arm-none-eabi/lib/thumb/v6-m/nofp/libc.a(lib_a-tzvars.o)
 *fill*         0x000000001000d7cf        0x1 
 .rodata.__month_lengths
                0x000000001000d7d0       0x60 /opt/homebrew/Cellar/arm-none-eabi-gcc/10.3-2021.07/gcc/bin/../lib/gcc/arm-none-eabi/10.3.1/../../../../arm-none-eabi/lib/thumb/v6-m/nofp/libc.a(lib_a-month_lengths.o)
                0x000000001000d7d0                __month_lengths
 .rodata.__ssvfiscanf_r
                0x000000001000d830      0x290 /opt/homebrew/Cellar/arm-none-eabi-gcc/10.3-2021.07/gcc/bin/../lib/gcc/arm-none-eabi/10.3.1/../../../../arm-none-eabi/lib/thumb/v6-m/nofp/libc.a(lib_a-svfiscanf.o)
 .rodata.basefix.0
                0x000000001000dac0       0x22 /opt/homebrew/Cellar/arm-none-eabi-gcc/10.3-2021.07/gcc/bin/../lib/gcc/arm-none-eabi/10.3.1/../../../../arm-none-eabi/lib/thumb/v6-m/nofp/libc.a(lib_a-svfiscanf.o)
 *fill*         0x000000001000dae2        0x2 
 .rodata._ctype_
                0x000000001000dae4      0x101 /opt/homebrew/Cellar/arm-none-eabi-gcc/10.3-2021.07/gcc/bin/../lib/gcc/arm-none-eabi/10.3.1/../../../../arm-none-eabi/lib/thumb/v6-m/nofp/libc.a(lib_a-ctype_.o)
                0x000000001000dae4                _ctype_
 *fill*         0x000000001000dbe5        0x3 
 .rodata._setlocale_r.str1.4
                0x000000001000dbe8        0x6 /opt/homebrew/Cellar/arm-none-eabi-gcc/10.3-2021.07/gcc/bin/../lib/gcc/arm-none-eabi/10.3.1/../../../../arm-none-eabi/lib/thumb/v6-m/nofp/libc.a(lib_a-locale.o)
                                          0xd (size before relaxing)
 *fill*         0x000000001000dbee        0x2 
 .rodata.str1.4
                0x000000001000dbf0        0x2 /opt/homebrew/Cellar/arm-none-eabi-gcc/10.3-2021.07/gcc/bin/../lib/gcc/arm-none-eabi/10.3.1/../../../../arm-none-eabi/lib/thumb/v6-m/nofp/libc.a(lib_a-locale.o)
 .rodata._mbrtowc_r.str1.4
                0x000000001000dbf2        0x1 /opt/homebrew/Cellar/arm-none-eabi-gcc/10.3-2021.07/gcc/bin/../lib/gcc/arm-none-eabi/10.3.1/../../../../arm-none-eabi/lib/thumb/v6-m/nofp/libc.a(lib_a-mbrtowc.o)
                0x000000001000dbf4                . = ALIGN (0x4)
 *fill*         0x000000001000dbf2        0x2 
 *(SORT_BY_ALIGNMENT(SORT_BY_NAME(.flashdata*)))
                0x000000001000dbf4                . = ALIGN (0x4)

.rel.dyn        0x000000001000dbf4        0x0
 .rel.iplt      0x000000001000dbf4        0x0 /opt/homebrew/Cellar/arm-none-eabi-gcc/10.3-2021.07/gcc/bin/../lib/gcc/arm-none-eabi/10.3.1/thumb/v6-m/nofp/crtbegin.o

.ARM.extab
 *(.ARM.extab* .gnu.linkonce.armextab.*)
                0x000000001000dbf4                __exidx_start = .

.ARM.exidx
 *(.ARM.exidx* .gnu.linkonce.armexidx.*)
                0x000000001000dbf4                __exidx_end = .
                0x000000001000dbf4                . = ALIGN (0x4)
                0x000000001000dbf4                __binary_info_start = .

.binary_info    0x000000001000dbf4       0x2c
 *(.binary_info.keep.*)
 .binary_info.keep.__bi_ptr34
                0x000000001000dbf4        0x4 CMakeFiles/test.dir/Clock.cpp.obj
 .binary_info.keep.__bi_ptr22
                0x000000001000dbf8        0x4 CMakeFiles/test.dir/Users/jonah/pico/pico-sdk/src/rp2_common/pico_standard_link/binary_info.c.obj
 .binary_info.keep.__bi_ptr30
                0x000000001000dbfc        0x4 CMakeFiles/test.dir/Users/jonah/pico/pico-sdk/src/rp2_common/pico_standard_link/binary_info.c.obj
 .binary_info.keep.__bi_ptr38
                0x000000001000dc00        0x4 CMakeFiles/test.dir/Users/jonah/pico/pico-sdk/src/rp2_common/pico_standard_link/binary_info.c.obj
 .binary_info.keep.__bi_ptr44
                0x000000001000dc04        0x4 CMakeFiles/test.dir/Users/jonah/pico/pico-sdk/src/rp2_common/pico_standard_link/binary_info.c.obj
 .binary_info.keep.__bi_ptr50
                0x000000001000dc08        0x4 CMakeFiles/test.dir/Users/jonah/pico/pico-sdk/src/rp2_common/pico_standard_link/binary_info.c.obj
 .binary_info.keep.__bi_ptr75
                0x000000001000dc0c        0x4 CMakeFiles/test.dir/Users/jonah/pico/pico-sdk/src/rp2_common/pico_standard_link/binary_info.c.obj
 .binary_info.keep.__bi_ptr81
                0x000000001000dc10        0x4 CMakeFiles/test.dir/Users/jonah/pico/pico-sdk/src/rp2_common/pico_standard_link/binary_info.c.obj
 *(.binary_info.*)
 .binary_info.__bi_ptr28
                0x000000001000dc14        0x4 CMakeFiles/test.dir/Users/jonah/pico/pico-sdk/src/rp2_common/pico_stdio_uart/stdio_uart.c.obj
 .binary_info.__bi_ptr29
                0x000000001000dc18        0x4 CMakeFiles/test.dir/Users/jonah/pico/pico-sdk/src/rp2_common/pico_stdio_uart/stdio_uart.c.obj
 .binary_info.__bi_ptr118
                0x000000001000dc1c        0x4 CMakeFiles/test.dir/Users/jonah/pico/pico-sdk/src/rp2_common/pico_stdio_usb/stdio_usb.c.obj
                0x000000001000dc20                __binary_info_end = .
                0x000000001000dc20                . = ALIGN (0x4)
                0x000000001000dc20                __etext = .

.ram_vector_table
                0x0000000020000000       0xc0
 *(.ram_vector_table)
 .ram_vector_table
                0x0000000020000000       0xc0 CMakeFiles/test.dir/Users/jonah/pico/pico-sdk/src/rp2_common/pico_runtime/runtime.c.obj
                0x0000000020000000                ram_vector_table

.data           0x00000000200000c0     0x9d7c load address 0x000000001000dc20
                0x00000000200000c0                __data_start__ = .
 *(vtable)
 *(.time_critical*)
 .time_critical.mutex_enter_blocking
                0x00000000200000c0       0x48 CMakeFiles/test.dir/Users/jonah/pico/pico-sdk/src/common/pico_sync/mutex.c.obj
                0x00000000200000c0                mutex_enter_blocking
 .time_critical.mutex_try_enter
                0x0000000020000108       0x44 CMakeFiles/test.dir/Users/jonah/pico/pico-sdk/src/common/pico_sync/mutex.c.obj
                0x0000000020000108                mutex_try_enter
 .time_critical.mutex_enter_timeout_ms
                0x000000002000014c       0xa0 CMakeFiles/test.dir/Users/jonah/pico/pico-sdk/src/common/pico_sync/mutex.c.obj
                0x000000002000014c                mutex_enter_timeout_ms
 .time_critical.mutex_exit
                0x00000000200001ec       0x28 CMakeFiles/test.dir/Users/jonah/pico/pico-sdk/src/common/pico_sync/mutex.c.obj
                0x00000000200001ec                mutex_exit
 .time_critical.flash_init_boot2_copyout
                0x0000000020000214       0x30 CMakeFiles/test.dir/Users/jonah/pico/pico-sdk/src/rp2_common/hardware_flash/flash.c.obj
 .time_critical.flash_enable_xip_via_boot2
                0x0000000020000244       0x10 CMakeFiles/test.dir/Users/jonah/pico/pico-sdk/src/rp2_common/hardware_flash/flash.c.obj
 .time_critical.flash_cs_force
                0x0000000020000254       0x38 CMakeFiles/test.dir/Users/jonah/pico/pico-sdk/src/rp2_common/hardware_flash/flash.c.obj
 .time_critical.flash_do_cmd
                0x000000002000028c       0xc4 CMakeFiles/test.dir/Users/jonah/pico/pico-sdk/src/rp2_common/hardware_flash/flash.c.obj
                0x000000002000028c                flash_do_cmd
 *(.text*)