Archive member included to satisfy reference by file (symbol)

/opt/homebrew/Cellar/arm-none-eabi-gcc/10.3-2021.07/gcc/bin/../lib/gcc/arm-none-eabi/10.3.1/thumb/v6-m/nofp/libgcc.a(_dvmd_tls.o)
                              CMakeFiles/test.dir/Users/jonah/pico/pico-sdk/src/rp2_common/pico_divider/divider.S.obj (__aeabi_idiv0)
/opt/homebrew/Cellar/arm-none-eabi-gcc/10.3-2021.07/gcc/bin/../lib/gcc/arm-none-eabi/10.3.1/../../../../arm-none-eabi/lib/thumb/v6-m/nofp/libc.a(lib_a-calloc.o)
                              CMakeFiles/test.dir/Users/jonah/pico/pico-sdk/src/rp2_common/pico_malloc/pico_malloc.c.obj (calloc)
/opt/homebrew/Cellar/arm-none-eabi-gcc/10.3-2021.07/gcc/bin/../lib/gcc/arm-none-eabi/10.3.1/../../../../arm-none-eabi/lib/thumb/v6-m/nofp/libc.a(lib_a-callocr.o)
                              /opt/homebrew/Cellar/arm-none-eabi-gcc/10.3-2021.07/gcc/bin/../lib/gcc/arm-none-eabi/10.3.1/../../../../arm-none-eabi/lib/thumb/v6-m/nofp/libc.a(lib_a-calloc.o) (_calloc_r)
/opt/homebrew/Cellar/arm-none-eabi-gcc/10.3-2021.07/gcc/bin/../lib/gcc/arm-none-eabi/10.3.1/../../../../arm-none-eabi/lib/thumb/v6-m/nofp/libc.a(lib_a-difftime.o)
                              CMakeFiles/test.dir/main.cpp.obj (difftime)
/opt/homebrew/Cellar/arm-none-eabi-gcc/10.3-2021.07/gcc/bin/../lib/gcc/arm-none-eabi/10.3.1/../../../../arm-none-eabi/lib/thumb/v6-m/nofp/libc.a(lib_a-errno.o)
                              /opt/homebrew/Cellar/arm-none-eabi-gcc/10.3-2021.07/gcc/bin/../lib/gcc/arm-none-eabi/10.3.1/../../../../arm-none-eabi/lib/thumb/v6-m/nofp/libc.a(lib_a-callocr.o) (__errno)
/opt/homebrew/Cellar/arm-none-eabi-gcc/10.3-2021.07/gcc/bin/../lib/gcc/arm-none-eabi/10.3.1/../../../../arm-none-eabi/lib/thumb/v6-m/nofp/libc.a(lib_a-impure.o)
                              /opt/homebrew/Cellar/arm-none-eabi-gcc/10.3-2021.07/gcc/bin/../lib/gcc/arm-none-eabi/10.3.1/../../../../arm-none-eabi/lib/thumb/v6-m/nofp/libc.a(lib_a-calloc.o) (_impure_ptr)
/opt/homebrew/Cellar/arm-none-eabi-gcc/10.3-2021.07/gcc/bin/../lib/gcc/arm-none-eabi/10.3.1/../../../../arm-none-eabi/lib/thumb/v6-m/nofp/libc.a(lib_a-init.o)
                              /opt/homebrew/Cellar/arm-none-eabi-gcc/10.3-2021.07/gcc/bin/../lib/gcc/arm-none-eabi/10.3.1/../../../../arm-none-eabi/lib/thumb/v6-m/nofp/crt0.o (__libc_init_array)
/opt/homebrew/Cellar/arm-none-eabi-gcc/10.3-2021.07/gcc/bin/../lib/gcc/arm-none-eabi/10.3.1/../../../../arm-none-eabi/lib/thumb/v6-m/nofp/libc.a(lib_a-malloc.o)
                              CMakeFiles/test.dir/Users/jonah/pico/pico-sdk/src/rp2_common/pico_malloc/pico_malloc.c.obj (malloc)
/opt/homebrew/Cellar/arm-none-eabi-gcc/10.3-2021.07/gcc/bin/../lib/gcc/arm-none-eabi/10.3.1/../../../../arm-none-eabi/lib/thumb/v6-m/nofp/libc.a(lib_a-mallocr.o)
                              /opt/homebrew/Cellar/arm-none-eabi-gcc/10.3-2021.07/gcc/bin/../lib/gcc/arm-none-eabi/10.3.1/../../../../arm-none-eabi/lib/thumb/v6-m/nofp/libc.a(lib_a-callocr.o) (_malloc_r)
/opt/homebrew/Cellar/arm-none-eabi-gcc/10.3-2021.07/gcc/bin/../lib/gcc/arm-none-eabi/10.3.1/../../../../arm-none-eabi/lib/thumb/v6-m/nofp/libc.a(lib_a-memmove.o)
                              CMakeFiles/test.dir/AlgoOver.cpp.obj (memmove)
/opt/homebrew/Cellar/arm-none-eabi-gcc/10.3-2021.07/gcc/bin/../lib/gcc/arm-none-eabi/10.3.1/../../../../arm-none-eabi/lib/thumb/v6-m/nofp/libc.a(lib_a-mktime.o)
                              CMakeFiles/test.dir/main.cpp.obj (mktime)
/opt/homebrew/Cellar/arm-none-eabi-gcc/10.3-2021.07/gcc/bin/../lib/gcc/arm-none-eabi/10.3.1/../../../../arm-none-eabi/lib/thumb/v6-m/nofp/libc.a(lib_a-mlock.o)
                              /opt/homebrew/Cellar/arm-none-eabi-gcc/10.3-2021.07/gcc/bin/../lib/gcc/arm-none-eabi/10.3.1/../../../../arm-none-eabi/lib/thumb/v6-m/nofp/libc.a(lib_a-mallocr.o) (__malloc_lock)
/opt/homebrew/Cellar/arm-none-eabi-gcc/10.3-2021.07/gcc/bin/../lib/gcc/arm-none-eabi/10.3.1/../../../../arm-none-eabi/lib/thumb/v6-m/nofp/libc.a(lib_a-rand.o)
                              CMakeFiles/test.dir/main.cpp.obj (srand)
/opt/homebrew/Cellar/arm-none-eabi-gcc/10.3-2021.07/gcc/bin/../lib/gcc/arm-none-eabi/10.3.1/../../../../arm-none-eabi/lib/thumb/v6-m/nofp/libc.a(lib_a-random.o)
                              CMakeFiles/test.dir/jfunc.cpp.obj (srandom)
/opt/homebrew/Cellar/arm-none-eabi-gcc/10.3-2021.07/gcc/bin/../lib/gcc/arm-none-eabi/10.3.1/../../../../arm-none-eabi/lib/thumb/v6-m/nofp/libc.a(lib_a-realloc.o)
                              CMakeFiles/test.dir/Users/jonah/pico/pico-sdk/src/rp2_common/pico_malloc/pico_malloc.c.obj (realloc)
/opt/homebrew/Cellar/arm-none-eabi-gcc/10.3-2021.07/gcc/bin/../lib/gcc/arm-none-eabi/10.3.1/../../../../arm-none-eabi/lib/thumb/v6-m/nofp/libc.a(lib_a-reallocr.o)
                              /opt/homebrew/Cellar/arm-none-eabi-gcc/10.3-2021.07/gcc/bin/../lib/gcc/arm-none-eabi/10.3.1/../../../../arm-none-eabi/lib/thumb/v6-m/nofp/libc.a(lib_a-realloc.o) (_realloc_r)
[...]
Memory Configuration

Name             Origin             Length             Attributes
FLASH            0x0000000010000000 0x0000000000200000 xr
RAM              0x0000000020000000 0x0000000000040000 xrw
SCRATCH_X        0x0000000020040000 0x0000000000001000 xrw
SCRATCH_Y        0x0000000020041000 0x0000000000001000 xrw
*default*        0x0000000000000000 0xffffffffffffffff

Linker script and memory map

LOAD /opt/homebrew/Cellar/arm-none-eabi-gcc/10.3-2021.07/gcc/bin/../lib/gcc/arm-none-eabi/10.3.1/thumb/v6-m/nofp/crti.o
LOAD /opt/homebrew/Cellar/arm-none-eabi-gcc/10.3-2021.07/gcc/bin/../lib/gcc/arm-none-eabi/10.3.1/thumb/v6-m/nofp/crtbegin.o
LOAD /opt/homebrew/Cellar/arm-none-eabi-gcc/10.3-2021.07/gcc/bin/../lib/gcc/arm-none-eabi/10.3.1/../../../../arm-none-eabi/lib/thumb/v6-m/nofp/crt0.o

.flash_begin    0x0000000010000000        0x0
                0x0000000010000000                __flash_binary_start = .

.boot2          0x0000000010000000      0x100
                0x0000000010000000                __boot2_start__ = .
 *(.boot2)
 .boot2         0x0000000010000000      0x100 /var/folders/fq/wmz1g5w10fx__flx76qdnhl00000gn/T//cc1ZmZLm.o
                0x0000000010000100                __boot2_end__ = .
                0x0000000000000001                ASSERT (((__boot2_end__ - __boot2_start__) == 0x100), ERROR: Pico second stage bootloader must be 256 bytes in size)

.text           0x0000000010000100     0xddc0
                0x0000000010000100                __logical_binary_start = .
 *(.vectors)
 .vectors       0x0000000010000100       0xd4 CMakeFiles/test.dir/Users/jonah/pico/pico-sdk/src/rp2_common/pico_standard_link/crt0.S.obj
                0x0000000010000100                __VECTOR_TABLE
                0x0000000010000100                __vectors
                0x00000000100001c0                __default_isrs_start
                0x00000000100001c0                isr_invalid
                0x00000000100001c2                isr_nmi
                0x00000000100001c4                isr_hardfault
                0x00000000100001c6                isr_svcall
                0x00000000100001c8                isr_pendsv
                0x00000000100001ca                isr_systick
                0x00000000100001cc                isr_irq28
                0x00000000100001cc                isr_irq19
                0x00000000100001cc                isr_irq0
                0x00000000100001cc                isr_irq6
                0x00000000100001cc                isr_irq22
                0x00000000100001cc                isr_irq17
                0x00000000100001cc                isr_irq14
                0x00000000100001cc                isr_irq2
                0x00000000100001cc                isr_irq10
                0x00000000100001cc                isr_irq8
                0x00000000100001cc                isr_irq24
                0x00000000100001cc                isr_irq1
                0x00000000100001cc                isr_irq7
                0x00000000100001cc                isr_irq21
                0x00000000100001cc                isr_irq20
                0x00000000100001cc                isr_irq15
                0x00000000100001cc                isr_irq25
                0x00000000100001cc                isr_irq4
                0x00000000100001cc                isr_irq16
                0x00000000100001cc                isr_irq29
                0x00000000100001cc                isr_irq26
                0x00000000100001cc                __default_isrs_end
                0x00000000100001cc                isr_irq3
                0x00000000100001cc                isr_irq9
                0x00000000100001cc                __unhandled_user_irq
                0x00000000100001cc                isr_irq13
                0x00000000100001cc                isr_irq27
                0x00000000100001cc                isr_irq31
                0x00000000100001cc                isr_irq5
                0x00000000100001cc                isr_irq11
                0x00000000100001cc                isr_irq23
                0x00000000100001cc                isr_irq18
                0x00000000100001cc                isr_irq30
                0x00000000100001cc                isr_irq12
                0x00000000100001d2                unhandled_user_irq_num_in_r0
 *(.binary_info_header)
 .binary_info_header
                0x00000000100001d4       0x14 CMakeFiles/test.dir/Users/jonah/pico/pico-sdk/src/rp2_common/pico_standard_link/crt0.S.obj
                0x00000000100001e8                __binary_info_header_end = .
 *(.reset)
 .reset         0x00000000100001e8       0xa8 CMakeFiles/test.dir/Users/jonah/pico/pico-sdk/src/rp2_common/pico_standard_link/crt0.S.obj
                0x00000000100001e8                _entry_point
                0x0000000010000266                __get_current_exception
 .reset         0x0000000010000290       0x30 CMakeFiles/test.dir/Users/jonah/pico/pico-sdk/src/rp2_common/pico_standard_link/binary_info.c.obj
 *(.init)
 .init          0x00000000100002c0        0x4 /opt/homebrew/Cellar/arm-none-eabi-gcc/10.3-2021.07/gcc/bin/../lib/gcc/arm-none-eabi/10.3.1/thumb/v6-m/nofp/crti.o
                0x00000000100002c0                _init
 *(EXCLUDE_FILE(*libm.a: *libc.a:*lib_a-mem*.o *libgcc.a:) .text*)
 .text          0x00000000100002c4       0x48 /opt/homebrew/Cellar/arm-none-eabi-gcc/10.3-2021.07/gcc/bin/../lib/gcc/arm-none-eabi/10.3.1/thumb/v6-m/nofp/crtbegin.o
 .text._Z6randoml
                0x000000001000030c       0x18 CMakeFiles/test.dir/jfunc.cpp.obj
                0x000000001000030c                random(long)
 .text._Z6randomll
                0x0000000010000324       0x1c CMakeFiles/test.dir/jfunc.cpp.obj
                0x0000000010000324                random(long, long)
 .text._Z3maplllll
                0x0000000010000340       0x18 CMakeFiles/test.dir/jfunc.cpp.obj
                0x0000000010000340                map(long, long, long, long, long)
 .text.set_sys_clock_khz.constprop.0.isra.0
                0x0000000010000358       0x24 CMakeFiles/test.dir/main.cpp.obj
 .text._ZN5Light9setLightsEiii
                0x000000001000037c      0x338 CMakeFiles/test.dir/main.cpp.obj
                0x000000001000037c                Light::setLights(int, int, int)
 .text._Z5setupv
                0x00000000100006b4      0x118 CMakeFiles/test.dir/main.cpp.obj
                0x00000000100006b4                setup()
 .text._Z10clockSetupv
                0x00000000100007cc      0x174 CMakeFiles/test.dir/main.cpp.obj
                0x00000000100007cc                clockSetup()
 .text._Z9algoSetupv
                0x0000000010000940      0x388 CMakeFiles/test.dir/main.cpp.obj
                0x0000000010000940                algoSetup()
 .text.startup.main
                0x0000000010000cc8      0x314 CMakeFiles/test.dir/main.cpp.obj
                0x0000000010000cc8                main
 .text.startup._GLOBAL__sub_I_usbWait
                0x0000000010000fdc       0x48 CMakeFiles/test.dir/main.cpp.obj
 .text._ZN8AlgoOverC2Ev
                0x0000000010001024       0x70 CMakeFiles/test.dir/AlgoOver.cpp.obj
                0x0000000010001024                AlgoOver::AlgoOver()
                0x0000000010001024                AlgoOver::AlgoOver()
 .text._ZN8AlgoOver4initEiiii
                0x0000000010001094      0x16c CMakeFiles/test.dir/AlgoOver.cpp.obj
                0x0000000010001094                AlgoOver::init(int, int, int, int)
 .text._ZN8AlgoOver4tickEv
                0x0000000010001200      0x118 CMakeFiles/test.dir/AlgoOver.cpp.obj
                0x0000000010001200                AlgoOver::tick()
 .text._ZN9AlgoPlainC2Eiiii
                0x0000000010001318       0x8c CMakeFiles/test.dir/AlgoPlain.cpp.obj
                0x0000000010001318                AlgoPlain::AlgoPlain(int, int, int, int)
                0x0000000010001318                AlgoPlain::AlgoPlain(int, int, int, int)
 .text._ZN9AlgoPlain4initEv
                0x00000000100013a4       0xc0 CMakeFiles/test.dir/AlgoPlain.cpp.obj
                0x00000000100013a4                AlgoPlain::init()
 .text._ZN9AlgoPlain4tickEv
                0x0000000010001464       0xc0 CMakeFiles/test.dir/AlgoPlain.cpp.obj
                0x0000000010001464                AlgoPlain::tick()
 .text._ZN9AlgoReichC2Eiiil
                0x0000000010001524       0x64 CMakeFiles/test.dir/AlgoReich.cpp.obj
                0x0000000010001524                AlgoReich::AlgoReich(int, int, int, long)
                0x0000000010001524                AlgoReich::AlgoReich(int, int, int, long)
 .text._ZN9AlgoReich4initEv
                0x0000000010001588      0x16c CMakeFiles/test.dir/AlgoReich.cpp.obj
                0x0000000010001588                AlgoReich::init()
 .text._ZN9AlgoReich4tickEv
                0x00000000100016f4      0x134 CMakeFiles/test.dir/AlgoReich.cpp.obj
                0x00000000100016f4                AlgoReich::tick()
 .text._ZN11AlgoCultureC2Ev
                0x0000000010001828       0xf8 CMakeFiles/test.dir/AlgoCulture.cpp.obj
                0x0000000010001828                AlgoCulture::AlgoCulture()
                0x0000000010001828                AlgoCulture::AlgoCulture()
 .text._ZN11AlgoCulture4initEiiii
                0x0000000010001920      0x100 CMakeFiles/test.dir/AlgoCulture.cpp.obj
                0x0000000010001920                AlgoCulture::init(int, int, int, int)
 .text._ZN11AlgoCulture4tickEv
                0x0000000010001a20       0xa0 CMakeFiles/test.dir/AlgoCulture.cpp.obj
                0x0000000010001a20                AlgoCulture::tick()
 .text._ZN10AlgoBlocksC2Ev
                0x0000000010001ac0       0x40 CMakeFiles/test.dir/AlgoBlocks.cpp.obj
                0x0000000010001ac0                AlgoBlocks::AlgoBlocks()
                0x0000000010001ac0                AlgoBlocks::AlgoBlocks()
 .text._ZN10AlgoBlocks4initEiiii
                0x0000000010001b00       0x68 CMakeFiles/test.dir/AlgoBlocks.cpp.obj
                0x0000000010001b00                AlgoBlocks::init(int, int, int, int)
 .text._ZN10AlgoBlocks4tickEv
                0x0000000010001b68       0x78 CMakeFiles/test.dir/AlgoBlocks.cpp.obj
                0x0000000010001b68                AlgoBlocks::tick()
 .text._ZN8AlgoWonkC2Ev
                0x0000000010001be0       0x28 CMakeFiles/test.dir/AlgoWonk.cpp.obj
                0x0000000010001be0                AlgoWonk::AlgoWonk()
                0x0000000010001be0                AlgoWonk::AlgoWonk()
 .text._ZN8AlgoWonk4initEiiii
                0x0000000010001c08       0xc8 CMakeFiles/test.dir/AlgoWonk.cpp.obj
                0x0000000010001c08                AlgoWonk::init(int, int, int, int)
 .text._ZN8AlgoWonk4tickEv
                0x0000000010001cd0       0x78 CMakeFiles/test.dir/AlgoWonk.cpp.obj
                0x0000000010001cd0                AlgoWonk::tick()
 .text._ZN10AlgoSparseC2Eiii
                0x0000000010001d48       0x5c CMakeFiles/test.dir/AlgoSparse.cpp.obj
                0x0000000010001d48                AlgoSparse::AlgoSparse(int, int, int)
                0x0000000010001d48                AlgoSparse::AlgoSparse(int, int, int)
 .text._ZN10AlgoSparse4initEv
                0x0000000010001da4      0x134 CMakeFiles/test.dir/AlgoSparse.cpp.obj
                0x0000000010001da4                AlgoSparse::init()
 .text._ZN10AlgoSparse4tickEv
                0x0000000010001ed8       0xc4 CMakeFiles/test.dir/AlgoSparse.cpp.obj
                0x0000000010001ed8                AlgoSparse::tick()
 .text._ZN8AlgoVariC2Eiii
                0x0000000010001f9c       0x94 CMakeFiles/test.dir/AlgoVari.cpp.obj
                0x0000000010001f9c                AlgoVari::AlgoVari(int, int, int)
                0x0000000010001f9c                AlgoVari::AlgoVari(int, int, int)
 .text._ZN8AlgoVari4initEv
                0x0000000010002030       0xfc CMakeFiles/test.dir/AlgoVari.cpp.obj
                0x0000000010002030                AlgoVari::init()
 .text._ZN8AlgoVari4tickEv
                0x000000001000212c       0xec CMakeFiles/test.dir/AlgoVari.cpp.obj
                0x000000001000212c                AlgoVari::tick()
 .text._ZN5Clock5resetEv
                0x0000000010002218       0x3c CMakeFiles/test.dir/Clock.cpp.obj
                0x0000000010002218                Clock::reset()
 .text._ZN5Clock9initClockEv
                0x0000000010002254       0x38 CMakeFiles/test.dir/Clock.cpp.obj
                0x0000000010002254                Clock::initClock()
 .text._ZN5Clock10writeClockEv
                0x000000001000228c       0x54 CMakeFiles/test.dir/Clock.cpp.obj
                0x000000001000228c                Clock::writeClock()
 .text._ZN5Clock9readClockEv
                0x00000000100022e0       0xac CMakeFiles/test.dir/Clock.cpp.obj
                0x00000000100022e0                Clock::readClock()
 .text.set_sys_clock_pll
                0x000000001000238c       0x78 CMakeFiles/test.dir/Users/jonah/pico/pico-sdk/src/rp2_common/pico_stdlib/stdlib.c.obj
                0x000000001000238c                set_sys_clock_pll
 .text.check_sys_clock_khz
                0x0000000010002404      0x178 CMakeFiles/test.dir/Users/jonah/pico/pico-sdk/src/rp2_common/pico_stdlib/stdlib.c.obj
                0x0000000010002404                check_sys_clock_khz
 .text.gpio_set_function
                0x000000001000257c       0x30 CMakeFiles/test.dir/Users/jonah/pico/pico-sdk/src/rp2_common/hardware_gpio/gpio.c.obj
                0x000000001000257c                gpio_set_function
 .text.gpio_set_pulls
                0x00000000100025ac       0x30 CMakeFiles/test.dir/Users/jonah/pico/pico-sdk/src/rp2_common/hardware_gpio/gpio.c.obj
                0x00000000100025ac                gpio_set_pulls
 .text.gpio_init
                0x00000000100025dc       0x3c CMakeFiles/test.dir/Users/jonah/pico/pico-sdk/src/rp2_common/hardware_gpio/gpio.c.obj
                0x00000000100025dc                gpio_init
 .text.hw_claim_or_assert
                0x0000000010002618       0x44 CMakeFiles/test.dir/Users/jonah/pico/pico-sdk/src/rp2_common/hardware_claim/claim.c.obj
                0x0000000010002618                hw_claim_or_assert
 .text.hw_claim_unused_from_range
                0x000000001000265c       0x9c CMakeFiles/test.dir/Users/jonah/pico/pico-sdk/src/rp2_common/hardware_claim/claim.c.obj
                0x000000001000265c                hw_claim_unused_from_range
 .text.running_on_fpga
                0x00000000100026f8       0x10 CMakeFiles/test.dir/Users/jonah/pico/pico-sdk/src/rp2_common/pico_platform/platform.c.obj
                0x00000000100026f8                running_on_fpga
 .text.spin_locks_reset
                0x0000000010002708       0x1c CMakeFiles/test.dir/Users/jonah/pico/pico-sdk/src/rp2_common/hardware_sync/sync.c.obj
                0x0000000010002708                spin_locks_reset
 .text.next_striped_spin_lock_num
                0x0000000010002724       0x18 CMakeFiles/test.dir/Users/jonah/pico/pico-sdk/src/rp2_common/hardware_sync/sync.c.obj
                0x0000000010002724                next_striped_spin_lock_num
 .text.spin_lock_claim_unused
                0x000000001000273c       0x20 CMakeFiles/test.dir/Users/jonah/pico/pico-sdk/src/rp2_common/hardware_sync/sync.c.obj
                0x000000001000273c                spin_lock_claim_unused
 .text.irq_set_enabled
                0x000000001000275c       0x24 CMakeFiles/test.dir/Users/jonah/pico/pico-sdk/src/rp2_common/hardware_irq/irq.c.obj
                0x000000001000275c                irq_set_enabled
 .text.irq_set_pending
                0x0000000010002780       0x10 CMakeFiles/test.dir/Users/jonah/pico/pico-sdk/src/rp2_common/hardware_irq/irq.c.obj
                0x0000000010002780                irq_set_pending
 .text.irq_has_shared_handler
                0x0000000010002790       0x2c CMakeFiles/test.dir/Users/jonah/pico/pico-sdk/src/rp2_common/hardware_irq/irq.c.obj
                0x0000000010002790                irq_has_shared_handler
 .text.irq_get_vtable_handler
                0x00000000100027bc       0x10 CMakeFiles/test.dir/Users/jonah/pico/pico-sdk/src/rp2_common/hardware_irq/irq.c.obj
                0x00000000100027bc                irq_get_vtable_handler
 .text.irq_set_exclusive_handler
                0x00000000100027cc       0x54 CMakeFiles/test.dir/Users/jonah/pico/pico-sdk/src/rp2_common/hardware_irq/irq.c.obj
                0x00000000100027cc                irq_set_exclusive_handler
 .text.irq_add_shared_handler
                0x0000000010002820      0x1e4 CMakeFiles/test.dir/Users/jonah/pico/pico-sdk/src/rp2_common/hardware_irq/irq.c.obj
                0x0000000010002820                irq_add_shared_handler
 .text.irq_remove_handler
                0x0000000010002a04      0x1b4 CMakeFiles/test.dir/Users/jonah/pico/pico-sdk/src/rp2_common/hardware_irq/irq.c.obj
                0x0000000010002a04                irq_remove_handler
 .text.irq_add_tail_to_free_list
                0x0000000010002bb8       0xb4 CMakeFiles/test.dir/Users/jonah/pico/pico-sdk/src/rp2_common/hardware_irq/irq.c.obj
                0x0000000010002bb8                irq_add_tail_to_free_list
 .text.irq_init_priorities
                0x0000000010002c6c       0x24 CMakeFiles/test.dir/Users/jonah/pico/pico-sdk/src/rp2_common/hardware_irq/irq.c.obj
                0x0000000010002c6c                irq_init_priorities
 .text.user_irq_claim_unused
                0x0000000010002c90       0x30 CMakeFiles/test.dir/Users/jonah/pico/pico-sdk/src/rp2_common/hardware_irq/irq.c.obj
                0x0000000010002c90                user_irq_claim_unused
 .text.lock_init
                0x0000000010002cc0       0x10 CMakeFiles/test.dir/Users/jonah/pico/pico-sdk/src/common/pico_sync/lock_core.c.obj
                0x0000000010002cc0                lock_init
 .text.timer_pool_entry_comparator
                0x0000000010002cd0       0x34 CMakeFiles/test.dir/Users/jonah/pico/pico-sdk/src/common/pico_time/time.c.obj
                0x0000000010002cd0                timer_pool_entry_comparator
 .text.sleep_until_callback
                0x0000000010002d04       0x30 CMakeFiles/test.dir/Users/jonah/pico/pico-sdk/src/common/pico_time/time.c.obj
 .text.add_alarm_under_lock.isra.0
                0x0000000010002d34      0x100 CMakeFiles/test.dir/Users/jonah/pico/pico-sdk/src/common/pico_time/time.c.obj
 .text.alarm_pool_alarm_callback
                0x0000000010002e34      0x1c8 CMakeFiles/test.dir/Users/jonah/pico/pico-sdk/src/common/pico_time/time.c.obj
 .text.alarm_pool_add_alarm_at.constprop.0
                0x0000000010002ffc      0x11c CMakeFiles/test.dir/Users/jonah/pico/pico-sdk/src/common/pico_time/time.c.obj
 .text.alarm_pool_init_default
                0x0000000010003118       0x64 CMakeFiles/test.dir/Users/jonah/pico/pico-sdk/src/common/pico_time/time.c.obj
                0x0000000010003118                alarm_pool_init_default
 .text.alarm_pool_get_default
                0x000000001000317c        0x8 CMakeFiles/test.dir/Users/jonah/pico/pico-sdk/src/common/pico_time/time.c.obj
                0x000000001000317c                alarm_pool_get_default
 .text.alarm_pool_add_alarm_at
                0x0000000010003184      0x194 CMakeFiles/test.dir/Users/jonah/pico/pico-sdk/src/common/pico_time/time.c.obj
                0x0000000010003184                alarm_pool_add_alarm_at
 .text.sleep_until
                0x0000000010003318       0xac CMakeFiles/test.dir/Users/jonah/pico/pico-sdk/src/common/pico_time/time.c.obj
                0x0000000010003318                sleep_until
 .text.sleep_ms
                0x00000000100033c4       0x38 CMakeFiles/test.dir/Users/jonah/pico/pico-sdk/src/common/pico_time/time.c.obj
                0x00000000100033c4                sleep_ms
 .text.best_effort_wfe_or_timeout
                0x00000000100033fc       0xd4 CMakeFiles/test.dir/Users/jonah/pico/pico-sdk/src/common/pico_time/time.c.obj
                0x00000000100033fc                best_effort_wfe_or_timeout
 .text.hardware_alarm_irq_handler
                0x00000000100034d0       0xb8 CMakeFiles/test.dir/Users/jonah/pico/pico-sdk/src/rp2_common/hardware_timer/timer.c.obj
 .text.hardware_alarm_claim
                0x0000000010003588       0x18 CMakeFiles/test.dir/Users/jonah/pico/pico-sdk/src/rp2_common/hardware_timer/timer.c.obj
                0x0000000010003588                hardware_alarm_claim
 .text.time_us_64
                0x00000000100035a0       0x14 CMakeFiles/test.dir/Users/jonah/pico/pico-sdk/src/rp2_common/hardware_timer/timer.c.obj
                0x00000000100035a0                time_us_64
 .text.busy_wait_until
                0x00000000100035b4       0x20 CMakeFiles/test.dir/Users/jonah/pico/pico-sdk/src/rp2_common/hardware_timer/timer.c.obj
                0x00000000100035b4                busy_wait_until
 .text.hardware_alarm_set_callback
                0x00000000100035d4       0x8c CMakeFiles/test.dir/Users/jonah/pico/pico-sdk/src/rp2_common/hardware_timer/timer.c.obj
                0x00000000100035d4                hardware_alarm_set_callback
 .text.hardware_alarm_set_target
                0x0000000010003660       0xe0 CMakeFiles/test.dir/Users/jonah/pico/pico-sdk/src/rp2_common/hardware_timer/timer.c.obj
                0x0000000010003660                hardware_alarm_set_target
 .text.hardware_alarm_cancel
                0x0000000010003740       0x3c CMakeFiles/test.dir/Users/jonah/pico/pico-sdk/src/rp2_common/hardware_timer/timer.c.obj
                0x0000000010003740                hardware_alarm_cancel
 .text.ph_merge_nodes
                0x000000001000377c       0x68 CMakeFiles/test.dir/Users/jonah/pico/pico-sdk/src/common/pico_util/pheap.c.obj
 .text.ph_post_alloc_init
                0x00000000100037e4       0x3c CMakeFiles/test.dir/Users/jonah/pico/pico-sdk/src/common/pico_util/pheap.c.obj
                0x00000000100037e4                ph_post_alloc_init
 .text.ph_merge_two_pass
                0x0000000010003820       0x90 CMakeFiles/test.dir/Users/jonah/pico/pico-sdk/src/common/pico_util/pheap.c.obj
                0x0000000010003820                ph_merge_two_pass
 .text.ph_remove_any_head
                0x00000000100038b0       0xf8 CMakeFiles/test.dir/Users/jonah/pico/pico-sdk/src/common/pico_util/pheap.c.obj
 .text.ph_remove_head
                0x00000000100039a8       0xfc CMakeFiles/test.dir/Users/jonah/pico/pico-sdk/src/common/pico_util/pheap.c.obj
                0x00000000100039a8                ph_remove_head
 .text.ph_remove_and_free_node
                0x0000000010003aa4       0x7c CMakeFiles/test.dir/Users/jonah/pico/pico-sdk/src/common/pico_util/pheap.c.obj
                0x0000000010003aa4                ph_remove_and_free_node
 .text.mutex_init
                0x0000000010003b20       0x1c CMakeFiles/test.dir/Users/jonah/pico/pico-sdk/src/common/pico_sync/mutex.c.obj
                0x0000000010003b20                mutex_init
 .text.recursive_mutex_init
                0x0000000010003b3c       0x1c CMakeFiles/test.dir/Users/jonah/pico/pico-sdk/src/common/pico_sync/mutex.c.obj
                0x0000000010003b3c                recursive_mutex_init
 .text.critical_section_init
                0x0000000010003b58       0x20 CMakeFiles/test.dir/Users/jonah/pico/pico-sdk/src/common/pico_sync/critical_section.c.obj
                0x0000000010003b58                critical_section_init
 .text.uart_init
                0x0000000010003b78       0xe0 CMakeFiles/test.dir/Users/jonah/pico/pico-sdk/src/rp2_common/hardware_uart/uart.c.obj
                0x0000000010003b78                uart_init
 .text.runtime_init
                0x0000000010003c58       0xf0 CMakeFiles/test.dir/Users/jonah/pico/pico-sdk/src/rp2_common/pico_runtime/runtime.c.obj
                0x0000000010003c58                runtime_init
 .text._sbrk    0x0000000010003d48       0x34 CMakeFiles/test.dir/Users/jonah/pico/pico-sdk/src/rp2_common/pico_runtime/runtime.c.obj
                0x0000000010003d48                _sbrk
 .text.exit     0x0000000010003d7c        0x4 CMakeFiles/test.dir/Users/jonah/pico/pico-sdk/src/rp2_common/pico_runtime/runtime.c.obj
                0x0000000010003d7c                exit
 .text.panic    0x0000000010003d80       0x30 CMakeFiles/test.dir/Users/jonah/pico/pico-sdk/src/rp2_common/pico_runtime/runtime.c.obj
                0x0000000010003d80                panic
 .text.hard_assertion_failure
                0x0000000010003db0        0xc CMakeFiles/test.dir/Users/jonah/pico/pico-sdk/src/rp2_common/pico_runtime/runtime.c.obj
                0x0000000010003db0                hard_assertion_failure
 .text.clock_configure
                0x0000000010003dbc      0x114 CMakeFiles/test.dir/Users/jonah/pico/pico-sdk/src/rp2_common/hardware_clocks/clocks.c.obj
                0x0000000010003dbc                clock_configure
 .text.clocks_init
                0x0000000010003ed0      0x2bc CMakeFiles/test.dir/Users/jonah/pico/pico-sdk/src/rp2_common/hardware_clocks/clocks.c.obj
                0x0000000010003ed0                clocks_init
 .text.clock_get_hz
                0x000000001000418c        0xc CMakeFiles/test.dir/Users/jonah/pico/pico-sdk/src/rp2_common/hardware_clocks/clocks.c.obj
                0x000000001000418c                clock_get_hz
 .text.pll_init
                0x0000000010004198       0xb0 CMakeFiles/test.dir/Users/jonah/pico/pico-sdk/src/rp2_common/hardware_pll/pll.c.obj
                0x0000000010004198                pll_init
 .text.watchdog_start_tick
                0x0000000010004248       0x10 CMakeFiles/test.dir/Users/jonah/pico/pico-sdk/src/rp2_common/hardware_watchdog/watchdog.c.obj
                0x0000000010004248                watchdog_start_tick
 .text.watchdog_reboot
                0x0000000010004258       0x98 CMakeFiles/test.dir/Users/jonah/pico/pico-sdk/src/rp2_common/hardware_watchdog/watchdog.c.obj
                0x0000000010004258                watchdog_reboot
 .text.xosc_init
                0x00000000100042f0       0x28 CMakeFiles/test.dir/Users/jonah/pico/pico-sdk/src/rp2_common/hardware_xosc/xosc.c.obj
                0x00000000100042f0                xosc_init
 .text._out_null
                0x0000000010004318        0x4 CMakeFiles/test.dir/Users/jonah/pico/pico-sdk/src/rp2_common/pico_printf/printf.c.obj
 .text._out_rev
                0x000000001000431c       0x9c CMakeFiles/test.dir/Users/jonah/pico/pico-sdk/src/rp2_common/pico_printf/printf.c.obj
 .text._ntoa_format
                0x00000000100043b8      0x1cc CMakeFiles/test.dir/Users/jonah/pico/pico-sdk/src/rp2_common/pico_printf/printf.c.obj
 .text._out_char
                0x0000000010004584       0x10 CMakeFiles/test.dir/Users/jonah/pico/pico-sdk/src/rp2_common/pico_printf/printf.c.obj
 .text._out_fct
                0x0000000010004594       0x10 CMakeFiles/test.dir/Users/jonah/pico/pico-sdk/src/rp2_common/pico_printf/printf.c.obj
 .text._etoa    0x00000000100045a4      0x44c CMakeFiles/test.dir/Users/jonah/pico/pico-sdk/src/rp2_common/pico_printf/printf.c.obj
 .text._ftoa    0x00000000100049f0      0x398 CMakeFiles/test.dir/Users/jonah/pico/pico-sdk/src/rp2_common/pico_printf/printf.c.obj
 .text._vsnprintf
                0x0000000010004d88      0xb04 CMakeFiles/test.dir/Users/jonah/pico/pico-sdk/src/rp2_common/pico_printf/printf.c.obj
 .text.vfctprintf
                0x000000001000588c       0x20 CMakeFiles/test.dir/Users/jonah/pico/pico-sdk/src/rp2_common/pico_printf/printf.c.obj
                0x000000001000588c                vfctprintf
 .text.weak_raw_vprintf
                0x00000000100058ac       0x30 CMakeFiles/test.dir/Users/jonah/pico/pico-sdk/src/rp2_common/pico_printf/printf.c.obj
                0x00000000100058ac                weak_raw_vprintf
 .text          0x00000000100058dc       0x10 CMakeFiles/test.dir/Users/jonah/pico/pico-sdk/src/rp2_common/pico_bit_ops/bit_ops_aeabi.S.obj
 .text.rom_func_lookup
                0x00000000100058ec       0x10 CMakeFiles/test.dir/Users/jonah/pico/pico-sdk/src/rp2_common/pico_bootrom/bootrom.c.obj
                0x00000000100058ec                rom_func_lookup
 .text.rom_data_lookup
                0x00000000100058fc       0x10 CMakeFiles/test.dir/Users/jonah/pico/pico-sdk/src/rp2_common/pico_bootrom/bootrom.c.obj
                0x00000000100058fc                rom_data_lookup
 .text.rom_funcs_lookup
                0x000000001000590c       0x44 CMakeFiles/test.dir/Users/jonah/pico/pico-sdk/src/rp2_common/pico_bootrom/bootrom.c.obj
                0x000000001000590c                rom_funcs_lookup
 .text.__wrap___aeabi_idiv
                0x0000000010005950       0x50 CMakeFiles/test.dir/Users/jonah/pico/pico-sdk/src/rp2_common/pico_divider/divider.S.obj
                0x0000000010005950                __wrap___aeabi_idivmod
                0x0000000010005950                divmod_s32s32
                0x0000000010005950                div_s32s32
                0x0000000010005950                __wrap___aeabi_idiv
                0x0000000010005958                divmod_s32s32_unsafe
                0x0000000010005984                divmod_s32s32_savestate
 .text.__wrap___aeabi_uidiv
                0x00000000100059a0       0x4c CMakeFiles/test.dir/Users/jonah/pico/pico-sdk/src/rp2_common/pico_divider/divider.S.obj
                0x00000000100059a0                __wrap___aeabi_uidiv
                0x00000000100059a0                __wrap___aeabi_uidivmod
                0x00000000100059a0                div_u32u32
                0x00000000100059a0                divmod_u32u32
                0x00000000100059a8                divmod_u32u32_unsafe
                0x00000000100059d0                divmod_u32u32_savestate
 .text.__wrap___aeabi_ldiv
                0x00000000100059ec      0x434 CMakeFiles/test.dir/Users/jonah/pico/pico-sdk/src/rp2_common/pico_divider/divider.S.obj
                0x00000000100059ec                __wrap___aeabi_ldivmod
                0x00000000100059ec                div_s64s64
                0x00000000100059ec                divmod_s64s64
                0x0000000010005a24                divmod_u64u64
                0x0000000010005a24                div_u64u64
                0x0000000010005a24                __wrap___aeabi_uldivmod
                0x0000000010005a34                divmod_u64u64_savestate
                0x0000000010005a5c                divmod_s64s64_unsafe
                0x0000000010005ae4                divmod_u64u64_unsafe
 .text.__wrap___aeabi_darithmetic
                0x0000000010005e20       0x80 CMakeFiles/test.dir/Users/jonah/pico/pico-sdk/src/rp2_common/pico_double/double_aeabi.S.obj
                0x0000000010005e20                __wrap___aeabi_drsub
                0x0000000010005e26                __wrap___aeabi_dsub
                0x0000000010005e38                __wrap___aeabi_dadd
                0x0000000010005e4a                __wrap___aeabi_ddiv
                0x0000000010005e86                __wrap___aeabi_dmul
 .text.__wrap___aeabi_cdcmple
                0x0000000010005ea0       0x6c CMakeFiles/test.dir/Users/jonah/pico/pico-sdk/src/rp2_common/pico_double/double_aeabi.S.obj
                0x0000000010005ea0                __wrap___aeabi_cdrcmple
                0x0000000010005eb0                __wrap___aeabi_cdcmple
                0x0000000010005eb0                __wrap___aeabi_cdcmpeq
 .text.__wrap___aeabi_dcmpeq
                0x0000000010005f0c       0x10 CMakeFiles/test.dir/Users/jonah/pico/pico-sdk/src/rp2_common/pico_double/double_aeabi.S.obj
                0x0000000010005f0c                __wrap___aeabi_dcmpeq
 .text.__wrap___aeabi_dcmplt
                0x0000000010005f1c        0xc CMakeFiles/test.dir/Users/jonah/pico/pico-sdk/src/rp2_common/pico_double/double_aeabi.S.obj
                0x0000000010005f1c                __wrap___aeabi_dcmplt
 .text.__wrap___aeabi_dcmple
                0x0000000010005f28       0x10 CMakeFiles/test.dir/Users/jonah/pico/pico-sdk/src/rp2_common/pico_double/double_aeabi.S.obj
                0x0000000010005f28                __wrap___aeabi_dcmple
 .text.__wrap___aeabi_dcmpge
                0x0000000010005f38       0x10 CMakeFiles/test.dir/Users/jonah/pico/pico-sdk/src/rp2_common/pico_double/double_aeabi.S.obj
                0x0000000010005f38                __wrap___aeabi_dcmpge
 .text.__wrap___aeabi_dcmpgt
                0x0000000010005f48        0xa CMakeFiles/test.dir/Users/jonah/pico/pico-sdk/src/rp2_common/pico_double/double_aeabi.S.obj
                0x0000000010005f48                __wrap___aeabi_dcmpgt
 .text.__wrap___aeabi_dcmpun
                0x0000000010005f52       0x1c CMakeFiles/test.dir/Users/jonah/pico/pico-sdk/src/rp2_common/pico_double/double_aeabi.S.obj
                0x0000000010005f52                __wrap___aeabi_dcmpun
 *fill*         0x0000000010005f6e        0x2 
 .text.__wrap___aeabi_i2d
                0x0000000010005f70       0x38 CMakeFiles/test.dir/Users/jonah/pico/pico-sdk/src/rp2_common/pico_double/double_aeabi.S.obj
                0x0000000010005f70                __wrap___aeabi_ui2d
                0x0000000010005f78                __wrap___aeabi_i2d
 .text.__wrap___aeabi_d2iz
                0x0000000010005fa8       0x48 CMakeFiles/test.dir/Users/jonah/pico/pico-sdk/src/rp2_common/pico_double/double_aeabi.S.obj
                0x0000000010005fa8                __wrap___aeabi_d2iz
                0x0000000010005fa8                double2int_z
 .text.__wrap___aeabi_d2uiz
                0x0000000010005ff0       0x18 CMakeFiles/test.dir/Users/jonah/pico/pico-sdk/src/rp2_common/pico_double/double_aeabi.S.obj
                0x0000000010005ff0                double2uint
                0x0000000010005ff0                __wrap___aeabi_d2uiz
 .text.__wrap___aeabi_l2d
                0x0000000010006008       0x18 CMakeFiles/test.dir/Users/jonah/pico/pico-sdk/src/rp2_common/pico_double/double_aeabi.S.obj
                0x0000000010006008                __wrap___aeabi_l2d
 .text.__wrap_exp
                0x0000000010006020       0x18 CMakeFiles/test.dir/Users/jonah/pico/pico-sdk/src/rp2_common/pico_double/double_aeabi.S.obj
                0x0000000010006020                __wrap_exp
 .text.__wrap_log
                0x0000000010006038       0x18 CMakeFiles/test.dir/Users/jonah/pico/pico-sdk/src/rp2_common/pico_double/double_aeabi.S.obj
                0x0000000010006038                __wrap_log
 .text.__aeabi_double_init
                0x0000000010006050       0x94 CMakeFiles/test.dir/Users/jonah/pico/pico-sdk/src/rp2_common/pico_double/double_init_rom.c.obj
                0x0000000010006050                __aeabi_double_init
 .text.dpow_1   0x00000000100060e4      0x274 CMakeFiles/test.dir/Users/jonah/pico/pico-sdk/src/rp2_common/pico_double/double_math.c.obj
 .text.dpow_int2
                0x0000000010006358       0xf8 CMakeFiles/test.dir/Users/jonah/pico/pico-sdk/src/rp2_common/pico_double/double_math.c.obj
 .text.dpow_0   0x0000000010006450      0x1cc CMakeFiles/test.dir/Users/jonah/pico/pico-sdk/src/rp2_common/pico_double/double_math.c.obj
 .text.__wrap_ldexp
                0x000000001000661c       0x4c CMakeFiles/test.dir/Users/jonah/pico/pico-sdk/src/rp2_common/pico_double/double_math.c.obj
                0x000000001000661c                __wrap_ldexp
 .text.__wrap_round
                0x0000000010006668       0xa0 CMakeFiles/test.dir/Users/jonah/pico/pico-sdk/src/rp2_common/pico_double/double_math.c.obj
                0x0000000010006668                __wrap_round
 .text.__wrap_exp2
                0x0000000010006708       0xbc CMakeFiles/test.dir/Users/jonah/pico/pico-sdk/src/rp2_common/pico_double/double_math.c.obj
                0x0000000010006708                __wrap_exp2
 .text.__wrap_pow
                0x00000000100067c4      0x314 CMakeFiles/test.dir/Users/jonah/pico/pico-sdk/src/rp2_common/pico_double/double_math.c.obj
                0x00000000100067c4                __wrap_pow
 .text.double_table_shim_on_use_helper
                0x0000000010006ad8       0x2c CMakeFiles/test.dir/Users/jonah/pico/pico-sdk/src/rp2_common/pico_double/double_v1_rom_shim.S.obj
                0x0000000010006ad8                double_table_shim_on_use_helper
 .text.__wrap___aeabi_dsub
                0x0000000010006b04       0x10 CMakeFiles/test.dir/Users/jonah/pico/pico-sdk/src/rp2_common/pico_double/double_v1_rom_shim.S.obj
                0x0000000010006b04                drsub_shim
                0x0000000010006b0a                dsub_shim
 .text.dadd_shim
                0x0000000010006b14      0x15c CMakeFiles/test.dir/Users/jonah/pico/pico-sdk/src/rp2_common/pico_double/double_v1_rom_shim.S.obj
                0x0000000010006b14                dadd_shim
 .text.dmul_shim
                0x0000000010006c70      0x15c CMakeFiles/test.dir/Users/jonah/pico/pico-sdk/src/rp2_common/pico_double/double_v1_rom_shim.S.obj
                0x0000000010006c70                dmul_shim
 .text.ddiv_shim
                0x0000000010006dcc      0x1b0 CMakeFiles/test.dir/Users/jonah/pico/pico-sdk/src/rp2_common/pico_double/double_v1_rom_shim.S.obj
                0x0000000010006dcc                ddiv_shim
 .text.double2uint_shim
                0x0000000010006f7c        0xe CMakeFiles/test.dir/Users/jonah/pico/pico-sdk/src/rp2_common/pico_double/double_v1_rom_shim.S.obj
                0x0000000010006f7c                double2uint_shim
                0x0000000010006f7e                double2ufix_shim
 *fill*         0x0000000010006f8a        0x2 
 .text.double2uint64_shim
                0x0000000010006f8c       0x70 CMakeFiles/test.dir/Users/jonah/pico/pico-sdk/src/rp2_common/pico_double/double_v1_rom_shim.S.obj
                0x0000000010006f8c                double2uint64_shim
                0x0000000010006f8e                double2ufix64_shim
                0x0000000010006fae                d2fix_a
 .text.x2double_shims
                0x0000000010006ffc       0x90 CMakeFiles/test.dir/Users/jonah/pico/pico-sdk/src/rp2_common/pico_double/double_v1_rom_shim.S.obj
                0x0000000010006ffc                uint2double_shim
                0x0000000010006ffe                ufix2double_shim
                0x0000000010007004                int2double_shim
                0x0000000010007006                fix2double_shim
                0x000000001000700c                uint642double_shim
                0x000000001000700e                ufix642double_shim
                0x0000000010007014                int642double_shim
                0x0000000010007016                fix642double_shim
 .text.dunpacks
                0x000000001000708c       0x3c CMakeFiles/test.dir/Users/jonah/pico/pico-sdk/src/rp2_common/pico_double/double_v1_rom_shim.S.obj
                0x000000001000708c                dunpacks
 .text.dreduce  0x00000000100070c8       0x82 CMakeFiles/test.dir/Users/jonah/pico/pico-sdk/src/rp2_common/pico_double/double_v1_rom_shim.S.obj
                0x00000000100070c8                dreduce
 *fill*         0x000000001000714a        0x2 
 .text.dexp_guts
                0x000000001000714c      0x268 CMakeFiles/test.dir/Users/jonah/pico/pico-sdk/src/rp2_common/pico_double/double_v1_rom_shim.S.obj
                0x000000001000714c                dexp_shim
                0x00000000100071e8                dln_shim
 .text.__aeabi_lmul
                0x00000000100073b4       0x32 CMakeFiles/test.dir/Users/jonah/pico/pico-sdk/src/rp2_common/pico_int64_ops/pico_int64_ops_aeabi.S.obj
                0x00000000100073b4                __wrap___aeabi_lmul
 *fill*         0x00000000100073e6        0x2 
 .text.__aeabi_float_init
                0x00000000100073e8       0x64 CMakeFiles/test.dir/Users/jonah/pico/pico-sdk/src/rp2_common/pico_float/float_init_rom.c.obj
                0x00000000100073e8                __aeabi_float_init
 .text.float_table_shim_on_use_helper
                0x000000001000744c       0x2c CMakeFiles/test.dir/Users/jonah/pico/pico-sdk/src/rp2_common/pico_float/float_v1_rom_shim.S.obj
                0x000000001000744c                float_table_shim_on_use_helper
 .text.__wrap_malloc
                0x0000000010007478       0x24 CMakeFiles/test.dir/Users/jonah/pico/pico-sdk/src/rp2_common/pico_malloc/pico_malloc.c.obj
                0x0000000010007478                __wrap_malloc
 .text.__wrap_realloc
                0x000000001000749c       0x24 CMakeFiles/test.dir/Users/jonah/pico/pico-sdk/src/rp2_common/pico_malloc/pico_malloc.c.obj
                0x000000001000749c                __wrap_realloc
 .text.__wrap_free
                0x00000000100074c0        0x8 CMakeFiles/test.dir/Users/jonah/pico/pico-sdk/src/rp2_common/pico_malloc/pico_malloc.c.obj
                0x00000000100074c0                __wrap_free
 .text          0x00000000100074c8       0x10 CMakeFiles/test.dir/Users/jonah/pico/pico-sdk/src/rp2_common/pico_mem_ops/mem_ops_aeabi.S.obj
                0x00000000100074c8                __aeabi_mem_init
 .text.memset   0x00000000100074d8        0xc CMakeFiles/test.dir/Users/jonah/pico/pico-sdk/src/rp2_common/pico_mem_ops/mem_ops_aeabi.S.obj
                0x00000000100074d8                __wrap_memset
 .text.memcpy   0x00000000100074e4        0xc CMakeFiles/test.dir/Users/jonah/pico/pico-sdk/src/rp2_common/pico_mem_ops/mem_ops_aeabi.S.obj
                0x00000000100074e4                __wrap___aeabi_memcpy
                0x00000000100074e4                __wrap_memcpy
 .text._Znwj    0x00000000100074f0        0x8 CMakeFiles/test.dir/Users/jonah/pico/pico-sdk/src/rp2_common/pico_standard_link/new_delete.cpp.obj
                0x00000000100074f0                operator new(unsigned int)
 .text.stdio_out_chars_no_crlf
                0x00000000100074f8       0x10 CMakeFiles/test.dir/Users/jonah/pico/pico-sdk/src/rp2_common/pico_stdio/stdio.c.obj
 .text.stdio_out_chars_crlf
                0x0000000010007508       0xb4 CMakeFiles/test.dir/Users/jonah/pico/pico-sdk/src/rp2_common/pico_stdio/stdio.c.obj
 .text.stdio_buffered_printer
                0x00000000100075bc       0x64 CMakeFiles/test.dir/Users/jonah/pico/pico-sdk/src/rp2_common/pico_stdio/stdio.c.obj
 .text.stdio_put_string.isra.0
                0x0000000010007620       0xfc CMakeFiles/test.dir/Users/jonah/pico/pico-sdk/src/rp2_common/pico_stdio/stdio.c.obj
 .text.__wrap_putchar
                0x000000001000771c       0xa0 CMakeFiles/test.dir/Users/jonah/pico/pico-sdk/src/rp2_common/pico_stdio/stdio.c.obj
                0x000000001000771c                __wrap_putchar
 .text.__wrap_puts
                0x00000000100077bc       0x3c CMakeFiles/test.dir/Users/jonah/pico/pico-sdk/src/rp2_common/pico_stdio/stdio.c.obj
                0x00000000100077bc                __wrap_puts
 .text.stdio_set_driver_enabled
                0x00000000100077f8       0x30 CMakeFiles/test.dir/Users/jonah/pico/pico-sdk/src/rp2_common/pico_stdio/stdio.c.obj
                0x00000000100077f8                stdio_set_driver_enabled
 .text.__wrap_vprintf
                0x0000000010007828       0xd8 CMakeFiles/test.dir/Users/jonah/pico/pico-sdk/src/rp2_common/pico_stdio/stdio.c.obj
                0x0000000010007828                __wrap_vprintf
 .text.__wrap_printf
                0x0000000010007900       0x18 CMakeFiles/test.dir/Users/jonah/pico/pico-sdk/src/rp2_common/pico_stdio/stdio.c.obj
                0x0000000010007900                __wrap_printf
 .text.stdio_init_all
                0x0000000010007918        0xc CMakeFiles/test.dir/Users/jonah/pico/pico-sdk/src/rp2_common/pico_stdio/stdio.c.obj
                0x0000000010007918                stdio_init_all
 .text.stdio_uart_out_chars
                0x0000000010007924       0x4c CMakeFiles/test.dir/Users/jonah/pico/pico-sdk/src/rp2_common/pico_stdio_uart/stdio_uart.c.obj
 .text.stdio_uart_in_chars
                0x0000000010007970       0x38 CMakeFiles/test.dir/Users/jonah/pico/pico-sdk/src/rp2_common/pico_stdio_uart/stdio_uart.c.obj
                0x0000000010007970                stdio_uart_in_chars
 .text.stdio_uart_init
                0x00000000100079a8       0x48 CMakeFiles/test.dir/Users/jonah/pico/pico-sdk/src/rp2_common/pico_stdio_uart/stdio_uart.c.obj
                0x00000000100079a8                stdio_uart_init
 .text.resetd_init
                0x00000000100079f0        0x4 CMakeFiles/test.dir/Users/jonah/pico/pico-sdk/src/rp2_common/pico_stdio_usb/reset_interface.c.obj
 .text.resetd_reset
                0x00000000100079f4        0xc CMakeFiles/test.dir/Users/jonah/pico/pico-sdk/src/rp2_common/pico_stdio_usb/reset_interface.c.obj
 .text.resetd_open
                0x0000000010007a00       0x28 CMakeFiles/test.dir/Users/jonah/pico/pico-sdk/src/rp2_common/pico_stdio_usb/reset_interface.c.obj
 .text.resetd_xfer_cb
                0x0000000010007a28        0x4 CMakeFiles/test.dir/Users/jonah/pico/pico-sdk/src/rp2_common/pico_stdio_usb/reset_interface.c.obj
 .text.resetd_control_xfer_cb
                0x0000000010007a2c       0x64 CMakeFiles/test.dir/Users/jonah/pico/pico-sdk/src/rp2_common/pico_stdio_usb/reset_interface.c.obj
 .text.usbd_app_driver_get_cb
                0x0000000010007a90        0xc CMakeFiles/test.dir/Users/jonah/pico/pico-sdk/src/rp2_common/pico_stdio_usb/reset_interface.c.obj
                0x0000000010007a90                usbd_app_driver_get_cb
 .text.tud_cdc_line_coding_cb
                0x0000000010007a9c       0x34 CMakeFiles/test.dir/Users/jonah/pico/pico-sdk/src/rp2_common/pico_stdio_usb/reset_interface.c.obj
                0x0000000010007a9c                tud_cdc_line_coding_cb
 .text.stdio_usb_in_chars
                0x0000000010007ad0       0x68 CMakeFiles/test.dir/Users/jonah/pico/pico-sdk/src/rp2_common/pico_stdio_usb/stdio_usb.c.obj
                0x0000000010007ad0                stdio_usb_in_chars
 .text.stdio_usb_out_chars
                0x0000000010007b38       0xe4 CMakeFiles/test.dir/Users/jonah/pico/pico-sdk/src/rp2_common/pico_stdio_usb/stdio_usb.c.obj
 .text.timer_task
                0x0000000010007c1c       0x18 CMakeFiles/test.dir/Users/jonah/pico/pico-sdk/src/rp2_common/pico_stdio_usb/stdio_usb.c.obj
 .text.usb_irq  0x0000000010007c34       0x10 CMakeFiles/test.dir/Users/jonah/pico/pico-sdk/src/rp2_common/pico_stdio_usb/stdio_usb.c.obj
 .text.low_priority_worker_irq
                0x0000000010007c44       0x24 CMakeFiles/test.dir/Users/jonah/pico/pico-sdk/src/rp2_common/pico_stdio_usb/stdio_usb.c.obj
 .text.stdio_usb_init
                0x0000000010007c68       0xb0 CMakeFiles/test.dir/Users/jonah/pico/pico-sdk/src/rp2_common/pico_stdio_usb/stdio_usb.c.obj
                0x0000000010007c68                stdio_usb_init
 .text.tud_descriptor_device_cb
                0x0000000010007d18        0x8 CMakeFiles/test.dir/Users/jonah/pico/pico-sdk/src/rp2_common/pico_stdio_usb/stdio_usb_descriptors.c.obj
                0x0000000010007d18                tud_descriptor_device_cb
 .text.tud_descriptor_configuration_cb
                0x0000000010007d20        0x8 CMakeFiles/test.dir/Users/jonah/pico/pico-sdk/src/rp2_common/pico_stdio_usb/stdio_usb_descriptors.c.obj
                0x0000000010007d20                tud_descriptor_configuration_cb
 .text.tud_descriptor_string_cb
                0x0000000010007d28       0x74 CMakeFiles/test.dir/Users/jonah/pico/pico-sdk/src/rp2_common/pico_stdio_usb/stdio_usb_descriptors.c.obj
                0x0000000010007d28                tud_descriptor_string_cb
 .text.dcd_rp2040_irq
                0x0000000010007d9c      0x21c CMakeFiles/test.dir/Users/jonah/pico/pico-sdk/lib/tinyusb/src/portable/raspberrypi/rp2040/dcd_rp2040.c.obj
 .text.dcd_int_enable
                0x0000000010007fb8        0xc CMakeFiles/test.dir/Users/jonah/pico/pico-sdk/lib/tinyusb/src/portable/raspberrypi/rp2040/dcd_rp2040.c.obj
                0x0000000010007fb8                dcd_int_enable
 .text.dcd_set_address
                0x0000000010007fc4       0x14 CMakeFiles/test.dir/Users/jonah/pico/pico-sdk/lib/tinyusb/src/portable/raspberrypi/rp2040/dcd_rp2040.c.obj
                0x0000000010007fc4                dcd_set_address
 .text.dcd_connect
                0x0000000010007fd8       0x10 CMakeFiles/test.dir/Users/jonah/pico/pico-sdk/lib/tinyusb/src/portable/raspberrypi/rp2040/dcd_rp2040.c.obj
                0x0000000010007fd8                dcd_connect
 .text.dcd_init
                0x0000000010007fe8      0x144 CMakeFiles/test.dir/Users/jonah/pico/pico-sdk/lib/tinyusb/src/portable/raspberrypi/rp2040/dcd_rp2040.c.obj
                0x0000000010007fe8                dcd_init
 .text.dcd_edpt0_status_complete
                0x000000001000812c       0x1c CMakeFiles/test.dir/Users/jonah/pico/pico-sdk/lib/tinyusb/src/portable/raspberrypi/rp2040/dcd_rp2040.c.obj
                0x000000001000812c                dcd_edpt0_status_complete
 .text.dcd_edpt_open
                0x0000000010008148       0xf0 CMakeFiles/test.dir/Users/jonah/pico/pico-sdk/lib/tinyusb/src/portable/raspberrypi/rp2040/dcd_rp2040.c.obj
                0x0000000010008148                dcd_edpt_open
 .text.dcd_edpt_close_all
                0x0000000010008238       0xbc CMakeFiles/test.dir/Users/jonah/pico/pico-sdk/lib/tinyusb/src/portable/raspberrypi/rp2040/dcd_rp2040.c.obj
                0x0000000010008238                dcd_edpt_close_all
 .text.dcd_edpt_xfer
                0x00000000100082f4       0x24 CMakeFiles/test.dir/Users/jonah/pico/pico-sdk/lib/tinyusb/src/portable/raspberrypi/rp2040/dcd_rp2040.c.obj
                0x00000000100082f4                dcd_edpt_xfer
 .text.dcd_edpt_stall
                0x0000000010008318       0x38 CMakeFiles/test.dir/Users/jonah/pico/pico-sdk/lib/tinyusb/src/portable/raspberrypi/rp2040/dcd_rp2040.c.obj
                0x0000000010008318                dcd_edpt_stall
 .text.dcd_edpt_clear_stall
                0x0000000010008350       0x30 CMakeFiles/test.dir/Users/jonah/pico/pico-sdk/lib/tinyusb/src/portable/raspberrypi/rp2040/dcd_rp2040.c.obj
                0x0000000010008350                dcd_edpt_clear_stall
 .text._hw_endpoint_buffer_control_update32.part.0.isra.0
                0x0000000010008380       0x1c CMakeFiles/test.dir/Users/jonah/pico/pico-sdk/lib/tinyusb/src/portable/raspberrypi/rp2040/rp2040_usb.c.obj
 .text.rp2040_usb_init
                0x000000001000839c       0x4c CMakeFiles/test.dir/Users/jonah/pico/pico-sdk/lib/tinyusb/src/portable/raspberrypi/rp2040/rp2040_usb.c.obj
                0x000000001000839c                rp2040_usb_init
 .text.hw_endpoint_reset_transfer
                0x00000000100083e8        0xc CMakeFiles/test.dir/Users/jonah/pico/pico-sdk/lib/tinyusb/src/portable/raspberrypi/rp2040/rp2040_usb.c.obj
                0x00000000100083e8                hw_endpoint_reset_transfer
 .text._hw_endpoint_buffer_control_update32
                0x00000000100083f4       0x44 CMakeFiles/test.dir/Users/jonah/pico/pico-sdk/lib/tinyusb/src/portable/raspberrypi/rp2040/rp2040_usb.c.obj
                0x00000000100083f4                _hw_endpoint_buffer_control_update32
 .text.hw_endpoint_xfer_start
                0x0000000010008438      0x138 CMakeFiles/test.dir/Users/jonah/pico/pico-sdk/lib/tinyusb/src/portable/raspberrypi/rp2040/rp2040_usb.c.obj
                0x0000000010008438                hw_endpoint_xfer_start
 .text.hw_endpoint_xfer_continue
                0x0000000010008570      0x1e4 CMakeFiles/test.dir/Users/jonah/pico/pico-sdk/lib/tinyusb/src/portable/raspberrypi/rp2040/rp2040_usb.c.obj
                0x0000000010008570                hw_endpoint_xfer_continue
 .text.tud_mounted
                0x0000000010008754       0x10 CMakeFiles/test.dir/Users/jonah/pico/pico-sdk/lib/tinyusb/src/device/usbd.c.obj
                0x0000000010008754                tud_mounted
 .text.tud_suspended
                0x0000000010008764       0x10 CMakeFiles/test.dir/Users/jonah/pico/pico-sdk/lib/tinyusb/src/device/usbd.c.obj
                0x0000000010008764                tud_suspended
 .text.tud_inited
                0x0000000010008774        0xc CMakeFiles/test.dir/Users/jonah/pico/pico-sdk/lib/tinyusb/src/device/usbd.c.obj
                0x0000000010008774                tud_inited
 .text.tud_init
                0x0000000010008780       0xd8 CMakeFiles/test.dir/Users/jonah/pico/pico-sdk/lib/tinyusb/src/device/usbd.c.obj
                0x0000000010008780                tud_init
 .text.tud_task
                0x0000000010008858      0x8ec CMakeFiles/test.dir/Users/jonah/pico/pico-sdk/lib/tinyusb/src/device/usbd.c.obj
                0x0000000010008858                tud_task
 .text.dcd_event_bus_signal
                0x0000000010009144      0x120 CMakeFiles/test.dir/Users/jonah/pico/pico-sdk/lib/tinyusb/src/device/usbd.c.obj
                0x0000000010009144                dcd_event_bus_signal
 .text.dcd_event_bus_reset
                0x0000000010009264       0x54 CMakeFiles/test.dir/Users/jonah/pico/pico-sdk/lib/tinyusb/src/device/usbd.c.obj
                0x0000000010009264                dcd_event_bus_reset
 .text.dcd_event_setup_received
                0x00000000100092b8       0x50 CMakeFiles/test.dir/Users/jonah/pico/pico-sdk/lib/tinyusb/src/device/usbd.c.obj
                0x00000000100092b8                dcd_event_setup_received
 .text.dcd_event_xfer_complete
                0x0000000010009308       0x68 CMakeFiles/test.dir/Users/jonah/pico/pico-sdk/lib/tinyusb/src/device/usbd.c.obj
                0x0000000010009308                dcd_event_xfer_complete
 .text.usbd_open_edpt_pair
                0x0000000010009370       0x80 CMakeFiles/test.dir/Users/jonah/pico/pico-sdk/lib/tinyusb/src/device/usbd.c.obj
                0x0000000010009370                usbd_open_edpt_pair
 .text.usbd_edpt_open
                0x00000000100093f0       0x30 CMakeFiles/test.dir/Users/jonah/pico/pico-sdk/lib/tinyusb/src/device/usbd.c.obj
                0x00000000100093f0                usbd_edpt_open
 .text.usbd_edpt_claim
                0x0000000010009420       0x64 CMakeFiles/test.dir/Users/jonah/pico/pico-sdk/lib/tinyusb/src/device/usbd.c.obj
                0x0000000010009420                usbd_edpt_claim
 .text.usbd_edpt_release
                0x0000000010009484       0x4c CMakeFiles/test.dir/Users/jonah/pico/pico-sdk/lib/tinyusb/src/device/usbd.c.obj
                0x0000000010009484                usbd_edpt_release
 .text.usbd_edpt_xfer
                0x00000000100094d0       0x48 CMakeFiles/test.dir/Users/jonah/pico/pico-sdk/lib/tinyusb/src/device/usbd.c.obj
                0x00000000100094d0                usbd_edpt_xfer
 .text.tud_control_status
                0x0000000010009518       0x30 CMakeFiles/test.dir/Users/jonah/pico/pico-sdk/lib/tinyusb/src/device/usbd_control.c.obj
                0x0000000010009518                tud_control_status
 .text.tud_control_xfer
                0x0000000010009548       0xbc CMakeFiles/test.dir/Users/jonah/pico/pico-sdk/lib/tinyusb/src/device/usbd_control.c.obj
                0x0000000010009548                tud_control_xfer
 .text.usbd_control_reset
                0x0000000010009604       0x14 CMakeFiles/test.dir/Users/jonah/pico/pico-sdk/lib/tinyusb/src/device/usbd_control.c.obj
                0x0000000010009604                usbd_control_reset
 .text.usbd_control_set_complete_callback
                0x0000000010009618        0xc CMakeFiles/test.dir/Users/jonah/pico/pico-sdk/lib/tinyusb/src/device/usbd_control.c.obj
                0x0000000010009618                usbd_control_set_complete_callback
 .text.usbd_control_set_request
                0x0000000010009624       0x1c CMakeFiles/test.dir/Users/jonah/pico/pico-sdk/lib/tinyusb/src/device/usbd_control.c.obj
                0x0000000010009624                usbd_control_set_request
 .text.usbd_control_xfer_cb
                0x0000000010009640       0xfc CMakeFiles/test.dir/Users/jonah/pico/pico-sdk/lib/tinyusb/src/device/usbd_control.c.obj
                0x0000000010009640                usbd_control_xfer_cb
 .text.tud_cdc_n_connected
                0x000000001000973c       0x30 CMakeFiles/test.dir/Users/jonah/pico/pico-sdk/lib/tinyusb/src/class/cdc/cdc_device.c.obj
                0x000000001000973c                tud_cdc_n_connected
 .text.tud_cdc_n_available
                0x000000001000976c       0x18 CMakeFiles/test.dir/Users/jonah/pico/pico-sdk/lib/tinyusb/src/class/cdc/cdc_device.c.obj
                0x000000001000976c                tud_cdc_n_available
 .text.tud_cdc_n_read
                0x0000000010009784       0x70 CMakeFiles/test.dir/Users/jonah/pico/pico-sdk/lib/tinyusb/src/class/cdc/cdc_device.c.obj
                0x0000000010009784                tud_cdc_n_read
 .text.tud_cdc_n_write_flush
                0x00000000100097f4       0x78 CMakeFiles/test.dir/Users/jonah/pico/pico-sdk/lib/tinyusb/src/class/cdc/cdc_device.c.obj
                0x00000000100097f4                tud_cdc_n_write_flush
 .text.tud_cdc_n_write
                0x000000001000986c       0x34 CMakeFiles/test.dir/Users/jonah/pico/pico-sdk/lib/tinyusb/src/class/cdc/cdc_device.c.obj
                0x000000001000986c                tud_cdc_n_write
 .text.tud_cdc_n_write_available
                0x00000000100098a0       0x18 CMakeFiles/test.dir/Users/jonah/pico/pico-sdk/lib/tinyusb/src/class/cdc/cdc_device.c.obj
                0x00000000100098a0                tud_cdc_n_write_available
 .text.cdcd_init
                0x00000000100098b8       0x7c CMakeFiles/test.dir/Users/jonah/pico/pico-sdk/lib/tinyusb/src/class/cdc/cdc_device.c.obj
                0x00000000100098b8                cdcd_init
 .text.cdcd_reset
                0x0000000010009934       0x2c CMakeFiles/test.dir/Users/jonah/pico/pico-sdk/lib/tinyusb/src/class/cdc/cdc_device.c.obj
                0x0000000010009934                cdcd_reset
 .text.cdcd_open
                0x0000000010009960       0xe4 CMakeFiles/test.dir/Users/jonah/pico/pico-sdk/lib/tinyusb/src/class/cdc/cdc_device.c.obj
                0x0000000010009960                cdcd_open
 .text.cdcd_control_xfer_cb
                0x0000000010009a44       0xe4 CMakeFiles/test.dir/Users/jonah/pico/pico-sdk/lib/tinyusb/src/class/cdc/cdc_device.c.obj
                0x0000000010009a44                cdcd_control_xfer_cb
 .text.cdcd_xfer_cb
                0x0000000010009b28      0x148 CMakeFiles/test.dir/Users/jonah/pico/pico-sdk/lib/tinyusb/src/class/cdc/cdc_device.c.obj
                0x0000000010009b28                cdcd_xfer_cb
 .text.tusb_init
                0x0000000010009c70        0xc CMakeFiles/test.dir/Users/jonah/pico/pico-sdk/lib/tinyusb/src/tusb.c.obj
                0x0000000010009c70                tusb_init
 .text.tusb_inited
                0x0000000010009c7c        0x8 CMakeFiles/test.dir/Users/jonah/pico/pico-sdk/lib/tinyusb/src/tusb.c.obj
                0x0000000010009c7c                tusb_inited
 .text.tu_edpt_validate
                0x0000000010009c84       0x78 CMakeFiles/test.dir/Users/jonah/pico/pico-sdk/lib/tinyusb/src/tusb.c.obj
                0x0000000010009c84                tu_edpt_validate
 .text.tu_edpt_bind_driver
                0x0000000010009cfc       0x2c CMakeFiles/test.dir/Users/jonah/pico/pico-sdk/lib/tinyusb/src/tusb.c.obj
                0x0000000010009cfc                tu_edpt_bind_driver
 .text.tu_fifo_config
                0x0000000010009d28       0x78 CMakeFiles/test.dir/Users/jonah/pico/pico-sdk/lib/tinyusb/src/common/tusb_fifo.c.obj
                0x0000000010009d28                tu_fifo_config
 .text.tu_fifo_count
                0x0000000010009da0       0x20 CMakeFiles/test.dir/Users/jonah/pico/pico-sdk/lib/tinyusb/src/common/tusb_fifo.c.obj
                0x0000000010009da0                tu_fifo_count
 .text.tu_fifo_empty
                0x0000000010009dc0       0x10 CMakeFiles/test.dir/Users/jonah/pico/pico-sdk/lib/tinyusb/src/common/tusb_fifo.c.obj
                0x0000000010009dc0                tu_fifo_empty
 .text.tu_fifo_remaining
                0x0000000010009dd0       0x1c CMakeFiles/test.dir/Users/jonah/pico/pico-sdk/lib/tinyusb/src/common/tusb_fifo.c.obj
                0x0000000010009dd0                tu_fifo_remaining
 .text.tu_fifo_read
                0x0000000010009dec       0x9c CMakeFiles/test.dir/Users/jonah/pico/pico-sdk/lib/tinyusb/src/common/tusb_fifo.c.obj
                0x0000000010009dec                tu_fifo_read
 .text.tu_fifo_read_n
                0x0000000010009e88      0x100 CMakeFiles/test.dir/Users/jonah/pico/pico-sdk/lib/tinyusb/src/common/tusb_fifo.c.obj
                0x0000000010009e88                tu_fifo_read_n
 .text.tu_fifo_write
                0x0000000010009f88       0x7c CMakeFiles/test.dir/Users/jonah/pico/pico-sdk/lib/tinyusb/src/common/tusb_fifo.c.obj
                0x0000000010009f88                tu_fifo_write
 .text.tu_fifo_write_n
                0x000000001000a004      0x100 CMakeFiles/test.dir/Users/jonah/pico/pico-sdk/lib/tinyusb/src/common/tusb_fifo.c.obj
                0x000000001000a004                tu_fifo_write_n
 .text.tu_fifo_clear
                0x000000001000a104       0x4c CMakeFiles/test.dir/Users/jonah/pico/pico-sdk/lib/tinyusb/src/common/tusb_fifo.c.obj
                0x000000001000a104                tu_fifo_clear
 .text.tu_fifo_set_overwritable
                0x000000001000a150       0x3c CMakeFiles/test.dir/Users/jonah/pico/pico-sdk/lib/tinyusb/src/common/tusb_fifo.c.obj
                0x000000001000a150                tu_fifo_set_overwritable
 .text.startup._retrieve_unique_id_on_boot
                0x000000001000a18c       0x10 CMakeFiles/test.dir/Users/jonah/pico/pico-sdk/src/rp2_common/pico_unique_id/unique_id.c.obj
 .text.pico_get_unique_board_id_string
                0x000000001000a19c      0x1a8 CMakeFiles/test.dir/Users/jonah/pico/pico-sdk/src/rp2_common/pico_unique_id/unique_id.c.obj
                0x000000001000a19c                pico_get_unique_board_id_string
 .text.flash_get_unique_id
                0x000000001000a344       0x40 CMakeFiles/test.dir/Users/jonah/pico/pico-sdk/src/rp2_common/hardware_flash/flash.c.obj
                0x000000001000a344                flash_get_unique_id
 .text.i2c_set_baudrate
                0x000000001000a384       0xc4 CMakeFiles/test.dir/Users/jonah/pico/pico-sdk/src/rp2_common/hardware_i2c/i2c.c.obj
                0x000000001000a384                i2c_set_baudrate
 .text.i2c_init
                0x000000001000a448       0x54 CMakeFiles/test.dir/Users/jonah/pico/pico-sdk/src/rp2_common/hardware_i2c/i2c.c.obj
                0x000000001000a448                i2c_init
 .text.i2c_write_blocking
                0x000000001000a49c       0xd0 CMakeFiles/test.dir/Users/jonah/pico/pico-sdk/src/rp2_common/hardware_i2c/i2c.c.obj
                0x000000001000a49c                i2c_write_blocking
 .text.i2c_read_blocking
                0x000000001000a56c       0xac CMakeFiles/test.dir/Users/jonah/pico/pico-sdk/src/rp2_common/hardware_i2c/i2c.c.obj
                0x000000001000a56c                i2c_read_blocking
 .text.difftime
                0x000000001000a618        0xc /opt/homebrew/Cellar/arm-none-eabi-gcc/10.3-2021.07/gcc/bin/../lib/gcc/arm-none-eabi/10.3.1/../../../../arm-none-eabi/lib/thumb/v6-m/nofp/libc.a(lib_a-difftime.o)
                0x000000001000a618                difftime
 .text.__errno  0x000000001000a624        0xc /opt/homebrew/Cellar/arm-none-eabi-gcc/10.3-2021.07/gcc/bin/../lib/gcc/arm-none-eabi/10.3.1/../../../../arm-none-eabi/lib/thumb/v6-m/nofp/libc.a(lib_a-errno.o)
                0x000000001000a624                __errno
 .text.malloc   0x000000001000a630       0x14 /opt/homebrew/Cellar/arm-none-eabi-gcc/10.3-2021.07/gcc/bin/../lib/gcc/arm-none-eabi/10.3.1/../../../../arm-none-eabi/lib/thumb/v6-m/nofp/libc.a(lib_a-malloc.o)
                0x000000001000a630                malloc
 .text.free     0x000000001000a644       0x14 /opt/homebrew/Cellar/arm-none-eabi-gcc/10.3-2021.07/gcc/bin/../lib/gcc/arm-none-eabi/10.3.1/../../../../arm-none-eabi/lib/thumb/v6-m/nofp/libc.a(lib_a-malloc.o)
                0x000000001000a644                free
 .text._malloc_r
                0x000000001000a658      0x584 /opt/homebrew/Cellar/arm-none-eabi-gcc/10.3-2021.07/gcc/bin/../lib/gcc/arm-none-eabi/10.3.1/../../../../arm-none-eabi/lib/thumb/v6-m/nofp/libc.a(lib_a-mallocr.o)
                0x000000001000a658                _malloc_r
 .text.validate_structure
                0x000000001000abdc      0x1e0 /opt/homebrew/Cellar/arm-none-eabi-gcc/10.3-2021.07/gcc/bin/../lib/gcc/arm-none-eabi/10.3.1/../../../../arm-none-eabi/lib/thumb/v6-m/nofp/libc.a(lib_a-mktime.o)
 .text.mktime   0x000000001000adbc      0x3f8 /opt/homebrew/Cellar/arm-none-eabi-gcc/10.3-2021.07/gcc/bin/../lib/gcc/arm-none-eabi/10.3.1/../../../../arm-none-eabi/lib/thumb/v6-m/nofp/libc.a(lib_a-mktime.o)
                0x000000001000adbc                mktime
 .text.__malloc_lock
                0x000000001000b1b4       0x10 /opt/homebrew/Cellar/arm-none-eabi-gcc/10.3-2021.07/gcc/bin/../lib/gcc/arm-none-eabi/10.3.1/../../../../arm-none-eabi/lib/thumb/v6-m/nofp/libc.a(lib_a-mlock.o)
                0x000000001000b1b4                __malloc_lock
 .text.__malloc_unlock
                0x000000001000b1c4       0x10 /opt/homebrew/Cellar/arm-none-eabi-gcc/10.3-2021.07/gcc/bin/../lib/gcc/arm-none-eabi/10.3.1/../../../../arm-none-eabi/lib/thumb/v6-m/nofp/libc.a(lib_a-mlock.o)
                0x000000001000b1c4                __malloc_unlock
 .text.srand    0x000000001000b1d4       0x14 /opt/homebrew/Cellar/arm-none-eabi-gcc/10.3-2021.07/gcc/bin/../lib/gcc/arm-none-eabi/10.3.1/../../../../arm-none-eabi/lib/thumb/v6-m/nofp/libc.a(lib_a-rand.o)
                0x000000001000b1d4                srand
 .text.rand     0x000000001000b1e8       0x34 /opt/homebrew/Cellar/arm-none-eabi-gcc/10.3-2021.07/gcc/bin/../lib/gcc/arm-none-eabi/10.3.1/../../../../arm-none-eabi/lib/thumb/v6-m/nofp/libc.a(lib_a-rand.o)
                0x000000001000b1e8                rand
 .text.random   0x000000001000b21c       0x34 /opt/homebrew/Cellar/arm-none-eabi-gcc/10.3-2021.07/gcc/bin/../lib/gcc/arm-none-eabi/10.3.1/../../../../arm-none-eabi/lib/thumb/v6-m/nofp/libc.a(lib_a-random.o)
                0x000000001000b21c                random
 .text.realloc  0x000000001000b250       0x18 /opt/homebrew/Cellar/arm-none-eabi-gcc/10.3-2021.07/gcc/bin/../lib/gcc/arm-none-eabi/10.3.1/../../../../arm-none-eabi/lib/thumb/v6-m/nofp/libc.a(lib_a-realloc.o)
                0x000000001000b250                realloc
 .text._realloc_r
                0x000000001000b268      0x354 /opt/homebrew/Cellar/arm-none-eabi-gcc/10.3-2021.07/gcc/bin/../lib/gcc/arm-none-eabi/10.3.1/../../../../arm-none-eabi/lib/thumb/v6-m/nofp/libc.a(lib_a-reallocr.o)
                0x000000001000b268                _realloc_r
 .text._sbrk_r  0x000000001000b5bc       0x24 /opt/homebrew/Cellar/arm-none-eabi-gcc/10.3-2021.07/gcc/bin/../lib/gcc/arm-none-eabi/10.3.1/../../../../arm-none-eabi/lib/thumb/v6-m/nofp/libc.a(lib_a-sbrkr.o)
                0x000000001000b5bc                _sbrk_r
 .text.strlen   0x000000001000b5e0       0x5c /opt/homebrew/Cellar/arm-none-eabi-gcc/10.3-2021.07/gcc/bin/../lib/gcc/arm-none-eabi/10.3.1/../../../../arm-none-eabi/lib/thumb/v6-m/nofp/libc.a(lib_a-strlen-stub.o)
                0x000000001000b5e0                strlen
 .text.__tzcalc_limits
                0x000000001000b63c      0x1a8 /opt/homebrew/Cellar/arm-none-eabi-gcc/10.3-2021.07/gcc/bin/../lib/gcc/arm-none-eabi/10.3.1/../../../../arm-none-eabi/lib/thumb/v6-m/nofp/libc.a(lib_a-tzcalc_limits.o)
                0x000000001000b63c                __tzcalc_limits
 .text.__tz_lock
                0x000000001000b7e4       0x10 /opt/homebrew/Cellar/arm-none-eabi-gcc/10.3-2021.07/gcc/bin/../lib/gcc/arm-none-eabi/10.3.1/../../../../arm-none-eabi/lib/thumb/v6-m/nofp/libc.a(lib_a-tzlock.o)
                0x000000001000b7e4                __tz_lock
 .text.__tz_unlock
                0x000000001000b7f4       0x10 /opt/homebrew/Cellar/arm-none-eabi-gcc/10.3-2021.07/gcc/bin/../lib/gcc/arm-none-eabi/10.3.1/../../../../arm-none-eabi/lib/thumb/v6-m/nofp/libc.a(lib_a-tzlock.o)
                0x000000001000b7f4                __tz_unlock
 .text._tzset_unlocked
                0x000000001000b804       0x10 /opt/homebrew/Cellar/arm-none-eabi-gcc/10.3-2021.07/gcc/bin/../lib/gcc/arm-none-eabi/10.3.1/../../../../arm-none-eabi/lib/thumb/v6-m/nofp/libc.a(lib_a-tzset.o)
                0x000000001000b804                _tzset_unlocked
 .text._tzset_unlocked_r
                0x000000001000b814      0x350 /opt/homebrew/Cellar/arm-none-eabi-gcc/10.3-2021.07/gcc/bin/../lib/gcc/arm-none-eabi/10.3.1/../../../../arm-none-eabi/lib/thumb/v6-m/nofp/libc.a(lib_a-tzset_r.o)
                0x000000001000b814                _tzset_unlocked_r
 .text.div      0x000000001000bb64       0x30 /opt/homebrew/Cellar/arm-none-eabi-gcc/10.3-2021.07/gcc/bin/../lib/gcc/arm-none-eabi/10.3.1/../../../../arm-none-eabi/lib/thumb/v6-m/nofp/libc.a(lib_a-div.o)
                0x000000001000bb64                div
 .text._malloc_trim_r
                0x000000001000bb94       0x9c /opt/homebrew/Cellar/arm-none-eabi-gcc/10.3-2021.07/gcc/bin/../lib/gcc/arm-none-eabi/10.3.1/../../../../arm-none-eabi/lib/thumb/v6-m/nofp/libc.a(lib_a-freer.o)
                0x000000001000bb94                _malloc_trim_r
 .text._free_r  0x000000001000bc30      0x1c4 /opt/homebrew/Cellar/arm-none-eabi-gcc/10.3-2021.07/gcc/bin/../lib/gcc/arm-none-eabi/10.3.1/../../../../arm-none-eabi/lib/thumb/v6-m/nofp/libc.a(lib_a-freer.o)
                0x000000001000bc30                _free_r
 .text._findenv_r
                0x000000001000bdf4       0x90 /opt/homebrew/Cellar/arm-none-eabi-gcc/10.3-2021.07/gcc/bin/../lib/gcc/arm-none-eabi/10.3.1/../../../../arm-none-eabi/lib/thumb/v6-m/nofp/libc.a(lib_a-getenv_r.o)
                0x000000001000bdf4                _findenv_r
 .text._getenv_r
                0x000000001000be84       0x10 /opt/homebrew/Cellar/arm-none-eabi-gcc/10.3-2021.07/gcc/bin/../lib/gcc/arm-none-eabi/10.3.1/../../../../arm-none-eabi/lib/thumb/v6-m/nofp/libc.a(lib_a-getenv_r.o)
                0x000000001000be84                _getenv_r
 .text.__gettzinfo
                0x000000001000be94        0x8 /opt/homebrew/Cellar/arm-none-eabi-gcc/10.3-2021.07/gcc/bin/../lib/gcc/arm-none-eabi/10.3.1/../../../../arm-none-eabi/lib/thumb/v6-m/nofp/libc.a(lib_a-gettzinfo.o)
                0x000000001000be94                __gettzinfo
 .text.__retarget_lock_acquire
                0x000000001000be9c        0x4 /opt/homebrew/Cellar/arm-none-eabi-gcc/10.3-2021.07/gcc/bin/../lib/gcc/arm-none-eabi/10.3.1/../../../../arm-none-eabi/lib/thumb/v6-m/nofp/libc.a(lib_a-lock.o)
                0x000000001000be9c                __retarget_lock_acquire
 .text.__retarget_lock_acquire_recursive
                0x000000001000bea0        0x4 /opt/homebrew/Cellar/arm-none-eabi-gcc/10.3-2021.07/gcc/bin/../lib/gcc/arm-none-eabi/10.3.1/../../../../arm-none-eabi/lib/thumb/v6-m/nofp/libc.a(lib_a-lock.o)
                0x000000001000bea0                __retarget_lock_acquire_recursive
 .text.__retarget_lock_release
                0x000000001000bea4        0x4 /opt/homebrew/Cellar/arm-none-eabi-gcc/10.3-2021.07/gcc/bin/../lib/gcc/arm-none-eabi/10.3.1/../../../../arm-none-eabi/lib/thumb/v6-m/nofp/libc.a(lib_a-lock.o)
                0x000000001000bea4                __retarget_lock_release
 .text.__retarget_lock_release_recursive
                0x000000001000bea8        0x4 /opt/homebrew/Cellar/arm-none-eabi-gcc/10.3-2021.07/gcc/bin/../lib/gcc/arm-none-eabi/10.3.1/../../../../arm-none-eabi/lib/thumb/v6-m/nofp/libc.a(lib_a-lock.o)
                0x000000001000bea8                __retarget_lock_release_recursive
 .text.siscanf  0x000000001000beac       0x50 /opt/homebrew/Cellar/arm-none-eabi-gcc/10.3-2021.07/gcc/bin/../lib/gcc/arm-none-eabi/10.3.1/../../../../arm-none-eabi/lib/thumb/v6-m/nofp/libc.a(lib_a-siscanf.o)
                0x000000001000beac                siscanf
 .text.__seofread
                0x000000001000befc        0x4 /opt/homebrew/Cellar/arm-none-eabi-gcc/10.3-2021.07/gcc/bin/../lib/gcc/arm-none-eabi/10.3.1/../../../../arm-none-eabi/lib/thumb/v6-m/nofp/libc.a(lib_a-stdio.o)
                0x000000001000befc                __seofread
 .text          0x000000001000bf00       0x88 /opt/homebrew/Cellar/arm-none-eabi-gcc/10.3-2021.07/gcc/bin/../lib/gcc/arm-none-eabi/10.3.1/../../../../arm-none-eabi/lib/thumb/v6-m/nofp/libc.a(lib_a-strcmp.o)
                0x000000001000bf00                strcmp
 .text.strcpy   0x000000001000bf88       0x10 /opt/homebrew/Cellar/arm-none-eabi-gcc/10.3-2021.07/gcc/bin/../lib/gcc/arm-none-eabi/10.3.1/../../../../arm-none-eabi/lib/thumb/v6-m/nofp/libc.a(lib_a-strcpy.o)
                0x000000001000bf88                strcpy
 .text.strncmp  0x000000001000bf98       0x74 /opt/homebrew/Cellar/arm-none-eabi-gcc/10.3-2021.07/gcc/bin/../lib/gcc/arm-none-eabi/10.3.1/../../../../arm-none-eabi/lib/thumb/v6-m/nofp/libc.a(lib_a-strncmp.o)
                0x000000001000bf98                strncmp
 .text._strtoul_l.constprop.0
                0x000000001000c00c      0x148 /opt/homebrew/Cellar/arm-none-eabi-gcc/10.3-2021.07/gcc/bin/../lib/gcc/arm-none-eabi/10.3.1/../../../../arm-none-eabi/lib/thumb/v6-m/nofp/libc.a(lib_a-strtoul.o)
 .text._strtoul_r
                0x000000001000c154        0x8 /opt/homebrew/Cellar/arm-none-eabi-gcc/10.3-2021.07/gcc/bin/../lib/gcc/arm-none-eabi/10.3.1/../../../../arm-none-eabi/lib/thumb/v6-m/nofp/libc.a(lib_a-strtoul.o)
                0x000000001000c154                _strtoul_r
 .text.strtoul  0x000000001000c15c       0x18 /opt/homebrew/Cellar/arm-none-eabi-gcc/10.3-2021.07/gcc/bin/../lib/gcc/arm-none-eabi/10.3.1/../../../../arm-none-eabi/lib/thumb/v6-m/nofp/libc.a(lib_a-strtoul.o)
                0x000000001000c15c                strtoul
 .text._sungetc_r
                0x000000001000c174       0x84 /opt/homebrew/Cellar/arm-none-eabi-gcc/10.3-2021.07/gcc/bin/../lib/gcc/arm-none-eabi/10.3.1/../../../../arm-none-eabi/lib/thumb/v6-m/nofp/libc.a(lib_a-svfiscanf.o)
                0x000000001000c174                _sungetc_r
 .text._sfread_r
                0x000000001000c1f8       0xc4 /opt/homebrew/Cellar/arm-none-eabi-gcc/10.3-2021.07/gcc/bin/../lib/gcc/arm-none-eabi/10.3.1/../../../../arm-none-eabi/lib/thumb/v6-m/nofp/libc.a(lib_a-svfiscanf.o)
                0x000000001000c1f8                _sfread_r
 .text.__ssvfiscanf_r
                0x000000001000c2bc     0x14d0 /opt/homebrew/Cellar/arm-none-eabi-gcc/10.3-2021.07/gcc/bin/../lib/gcc/arm-none-eabi/10.3.1/../../../../arm-none-eabi/lib/thumb/v6-m/nofp/libc.a(lib_a-svfiscanf.o)
                0x000000001000c2bc                __ssvfiscanf_r
 .text.__submore
                0x000000001000d78c       0x84 /opt/homebrew/Cellar/arm-none-eabi-gcc/10.3-2021.07/gcc/bin/../lib/gcc/arm-none-eabi/10.3.1/../../../../arm-none-eabi/lib/thumb/v6-m/nofp/libc.a(lib_a-ungetc.o)
                0x000000001000d78c                __submore
 .text.__env_lock
                0x000000001000d810       0x10 /opt/homebrew/Cellar/arm-none-eabi-gcc/10.3-2021.07/gcc/bin/../lib/gcc/arm-none-eabi/10.3.1/../../../../arm-none-eabi/lib/thumb/v6-m/nofp/libc.a(lib_a-envlock.o)
                0x000000001000d810                __env_lock
 .text.__env_unlock
                0x000000001000d820       0x10 /opt/homebrew/Cellar/arm-none-eabi-gcc/10.3-2021.07/gcc/bin/../lib/gcc/arm-none-eabi/10.3.1/../../../../arm-none-eabi/lib/thumb/v6-m/nofp/libc.a(lib_a-envlock.o)
                0x000000001000d820                __env_unlock
 .text.iswspace
                0x000000001000d830        0xc /opt/homebrew/Cellar/arm-none-eabi-gcc/10.3-2021.07/gcc/bin/../lib/gcc/arm-none-eabi/10.3.1/../../../../arm-none-eabi/lib/thumb/v6-m/nofp/libc.a(lib_a-iswspace.o)
                0x000000001000d830                iswspace
 .text.iswspace_l
                0x000000001000d83c       0x18 /opt/homebrew/Cellar/arm-none-eabi-gcc/10.3-2021.07/gcc/bin/../lib/gcc/arm-none-eabi/10.3.1/../../../../arm-none-eabi/lib/thumb/v6-m/nofp/libc.a(lib_a-iswspace_l.o)
                0x000000001000d83c                iswspace_l
 .text.__locale_mb_cur_max
                0x000000001000d854       0x10 /opt/homebrew/Cellar/arm-none-eabi-gcc/10.3-2021.07/gcc/bin/../lib/gcc/arm-none-eabi/10.3.1/../../../../arm-none-eabi/lib/thumb/v6-m/nofp/libc.a(lib_a-locale.o)
                0x000000001000d854                __locale_mb_cur_max
 .text._mbrtowc_r
                0x000000001000d864       0x4c /opt/homebrew/Cellar/arm-none-eabi-gcc/10.3-2021.07/gcc/bin/../lib/gcc/arm-none-eabi/10.3.1/../../../../arm-none-eabi/lib/thumb/v6-m/nofp/libc.a(lib_a-mbrtowc.o)
                0x000000001000d864                _mbrtowc_r
 .text.__ascii_mbtowc
                0x000000001000d8b0       0x2c /opt/homebrew/Cellar/arm-none-eabi-gcc/10.3-2021.07/gcc/bin/../lib/gcc/arm-none-eabi/10.3.1/../../../../arm-none-eabi/lib/thumb/v6-m/nofp/libc.a(lib_a-mbtowc_r.o)
                0x000000001000d8b0                __ascii_mbtowc
 .text.__sccl   0x000000001000d8dc       0x80 /opt/homebrew/Cellar/arm-none-eabi-gcc/10.3-2021.07/gcc/bin/../lib/gcc/arm-none-eabi/10.3.1/../../../../arm-none-eabi/lib/thumb/v6-m/nofp/libc.a(lib_a-sccl.o)
                0x000000001000d8dc                __sccl
 .text._strtol_l.part.0
                0x000000001000d95c      0x144 /opt/homebrew/Cellar/arm-none-eabi-gcc/10.3-2021.07/gcc/bin/../lib/gcc/arm-none-eabi/10.3.1/../../../../arm-none-eabi/lib/thumb/v6-m/nofp/libc.a(lib_a-strtol.o)
 .text._strtol_r
                0x000000001000daa0       0x1c /opt/homebrew/Cellar/arm-none-eabi-gcc/10.3-2021.07/gcc/bin/../lib/gcc/arm-none-eabi/10.3.1/../../../../arm-none-eabi/lib/thumb/v6-m/nofp/libc.a(lib_a-strtol.o)
                0x000000001000daa0                _strtol_r
 .text._strtoll_l.constprop.0
                0x000000001000dabc      0x198 /opt/homebrew/Cellar/arm-none-eabi-gcc/10.3-2021.07/gcc/bin/../lib/gcc/arm-none-eabi/10.3.1/../../../../arm-none-eabi/lib/thumb/v6-m/nofp/libc.a(lib_a-strtoll.o)
 .text._strtoll_r
                0x000000001000dc54        0x8 /opt/homebrew/Cellar/arm-none-eabi-gcc/10.3-2021.07/gcc/bin/../lib/gcc/arm-none-eabi/10.3.1/../../../../arm-none-eabi/lib/thumb/v6-m/nofp/libc.a(lib_a-strtoll.o)
                0x000000001000dc54                _strtoll_r
 .text._strtoull_l.constprop.0
                0x000000001000dc5c      0x1bc /opt/homebrew/Cellar/arm-none-eabi-gcc/10.3-2021.07/gcc/bin/../lib/gcc/arm-none-eabi/10.3.1/../../../../arm-none-eabi/lib/thumb/v6-m/nofp/libc.a(lib_a-strtoull.o)
 .text._strtoull_r
                0x000000001000de18        0x8 /opt/homebrew/Cellar/arm-none-eabi-gcc/10.3-2021.07/gcc/bin/../lib/gcc/arm-none-eabi/10.3.1/../../../../arm-none-eabi/lib/thumb/v6-m/nofp/libc.a(lib_a-strtoull.o)
                0x000000001000de18                _strtoull_r
 .text.__ascii_wctomb
                0x000000001000de20       0x1c /opt/homebrew/Cellar/arm-none-eabi-gcc/10.3-2021.07/gcc/bin/../lib/gcc/arm-none-eabi/10.3.1/../../../../arm-none-eabi/lib/thumb/v6-m/nofp/libc.a(lib_a-wctomb_r.o)
                0x000000001000de20                __ascii_wctomb
 *(.fini)
 .fini          0x000000001000de3c        0x4 /opt/homebrew/Cellar/arm-none-eabi-gcc/10.3-2021.07/gcc/bin/../lib/gcc/arm-none-eabi/10.3.1/thumb/v6-m/nofp/crti.o
                0x000000001000de3c                _fini
 .fini.__stub   0x000000001000de40       0x80 linker stubs
 *crtbegin.o(.ctors)
 *crtbegin?.o(.ctors)
 *(EXCLUDE_FILE(*crtend.o *crtend?.o) .ctors)
 *(SORT_BY_NAME(.ctors.*))
 *(.ctors)
 *crtbegin.o(.dtors)
 *crtbegin?.o(.dtors)
 *(EXCLUDE_FILE(*crtend.o *crtend?.o) .dtors)
 *(SORT_BY_NAME(.dtors.*))
 *(.dtors)
 *(.eh_frame*)
 .eh_frame      0x000000001000dec0        0x0 /opt/homebrew/Cellar/arm-none-eabi-gcc/10.3-2021.07/gcc/bin/../lib/gcc/arm-none-eabi/10.3.1/thumb/v6-m/nofp/crtbegin.o
                0x000000001000dec0                . = ALIGN (0x4)

.glue_7         0x000000001000dec0        0x0
 .glue_7        0x000000001000dec0        0x0 linker stubs

.glue_7t        0x000000001000dec0        0x0
 .glue_7t       0x000000001000dec0        0x0 linker stubs

.vfp11_veneer   0x000000001000dec0        0x0
 .vfp11_veneer  0x000000001000dec0        0x0 linker stubs

.v4_bx          0x000000001000dec0        0x0
 .v4_bx         0x000000001000dec0        0x0 linker stubs

.iplt           0x000000001000dec0        0x0
 .iplt          0x000000001000dec0        0x0 /opt/homebrew/Cellar/arm-none-eabi-gcc/10.3-2021.07/gcc/bin/../lib/gcc/arm-none-eabi/10.3.1/thumb/v6-m/nofp/crtbegin.o

.rodata         0x000000001000dec0     0x1204
 *(EXCLUDE_FILE(*libm.a: *libc.a:*lib_a-mem*.o *libgcc.a:) .rodata*)
 .rodata._ZN5Light9setLightsEiii.str1.4
                0x000000001000dec0       0x4f CMakeFiles/test.dir/main.cpp.obj
 *fill*         0x000000001000df0f        0x1 
 .rodata._ZN5Light9setLightsEiii
                0x000000001000df10       0x24 CMakeFiles/test.dir/main.cpp.obj
 .rodata._Z5setupv.str1.4
                0x000000001000df34       0x4d CMakeFiles/test.dir/main.cpp.obj
 *fill*         0x000000001000df81        0x3 
 .rodata._Z10clockSetupv.str1.4
                0x000000001000df84       0x9e CMakeFiles/test.dir/main.cpp.obj
 *fill*         0x000000001000e022        0x2 
 .rodata._Z9algoSetupv.str1.4
                0x000000001000e024       0xda CMakeFiles/test.dir/main.cpp.obj
 *fill*         0x000000001000e0fe        0x2 
 .rodata._Z9algoSetupv
                0x000000001000e100       0x20 CMakeFiles/test.dir/main.cpp.obj
 .rodata.main.str1.4
                0x000000001000e120       0x54 CMakeFiles/test.dir/main.cpp.obj
                                         0x58 (size before relaxing)
 .rodata.main   0x000000001000e174       0x20 CMakeFiles/test.dir/main.cpp.obj
 .rodata        0x000000001000e194       0x3c CMakeFiles/test.dir/main.cpp.obj
 .rodata._ZN8AlgoOver4initEiiii.str1.4
                0x000000001000e1d0       0x23 CMakeFiles/test.dir/AlgoOver.cpp.obj
 *fill*         0x000000001000e1f3        0x1 
 .rodata._ZN8AlgoOver4tickEv.str1.4
                0x000000001000e1f4        0xc CMakeFiles/test.dir/AlgoOver.cpp.obj
 .rodata        0x000000001000e200       0x80 CMakeFiles/test.dir/AlgoOver.cpp.obj
 .rodata._ZN9AlgoPlain4initEv.str1.4
                0x000000001000e280       0x1c CMakeFiles/test.dir/AlgoPlain.cpp.obj
                                         0x24 (size before relaxing)
 .rodata._ZN9AlgoPlain4initEv
                0x000000001000e29c       0x20 CMakeFiles/test.dir/AlgoPlain.cpp.obj
 .rodata._ZN9AlgoPlain4tickEv.str1.4
                0x000000001000e2bc        0x5 CMakeFiles/test.dir/AlgoPlain.cpp.obj
 *fill*         0x000000001000e2c1        0x3 
 .rodata._ZN9AlgoReich4initEv.str1.4
                0x000000001000e2c4       0x38 CMakeFiles/test.dir/AlgoReich.cpp.obj
                                         0x3c (size before relaxing)
 .rodata._ZN9AlgoReich4initEv
                0x000000001000e2fc       0x20 CMakeFiles/test.dir/AlgoReich.cpp.obj
 .rodata._ZN9AlgoReich4tickEv.str1.4
                0x000000001000e31c       0x16 CMakeFiles/test.dir/AlgoReich.cpp.obj
 *fill*         0x000000001000e332        0x2 
 .rodata._ZN11AlgoCulture4initEiiii.str1.4
                0x000000001000e334        0x6 CMakeFiles/test.dir/AlgoCulture.cpp.obj
                                          0xc (size before relaxing)
 *fill*         0x000000001000e33a        0x2 
 .rodata._ZN11AlgoCulture4initEiiii
                0x000000001000e33c       0x24 CMakeFiles/test.dir/AlgoCulture.cpp.obj
 .rodata._ZN11AlgoCulture4tickEv.str1.4
                0x000000001000e360       0x1c CMakeFiles/test.dir/AlgoCulture.cpp.obj
 .rodata        0x000000001000e37c      0x200 CMakeFiles/test.dir/AlgoCulture.cpp.obj
 .rodata        0x000000001000e57c       0x80 CMakeFiles/test.dir/AlgoBlocks.cpp.obj
 .rodata._ZN8AlgoWonk4tickEv.str1.4
                0x000000001000e5fc        0xa CMakeFiles/test.dir/AlgoWonk.cpp.obj
 *fill*         0x000000001000e606        0x2 
 .rodata._ZN10AlgoSparse4initEv.str1.4
                0x000000001000e608       0x2c CMakeFiles/test.dir/AlgoSparse.cpp.obj
                                         0x30 (size before relaxing)
 .rodata._ZN10AlgoSparse4initEv
                0x000000001000e634       0x20 CMakeFiles/test.dir/AlgoSparse.cpp.obj
 .rodata._ZN10AlgoSparse4tickEv.str1.4
                0x000000001000e654       0x17 CMakeFiles/test.dir/AlgoSparse.cpp.obj
 *fill*         0x000000001000e66b        0x1 
 .rodata._ZN8AlgoVari4initEv.str1.4
                0x000000001000e66c        0x4 CMakeFiles/test.dir/AlgoVari.cpp.obj
                                          0x8 (size before relaxing)
 .rodata._ZN8AlgoVari4initEv
                0x000000001000e670       0x20 CMakeFiles/test.dir/AlgoVari.cpp.obj
 .rodata._ZZN5Clock9initClockEvE7__bi_34
                0x000000001000e690        0x8 CMakeFiles/test.dir/Clock.cpp.obj
 .rodata.spin_lock_claim_unused.str1.4
                0x000000001000e698       0x1b CMakeFiles/test.dir/Users/jonah/pico/pico-sdk/src/rp2_common/hardware_sync/sync.c.obj
 *fill*         0x000000001000e6b3        0x1 
 .rodata.user_irq_claim_unused.str1.4
                0x000000001000e6b4       0x1b CMakeFiles/test.dir/Users/jonah/pico/pico-sdk/src/rp2_common/hardware_irq/irq.c.obj
 *fill*         0x000000001000e6cf        0x1 
 .rodata.hardware_alarm_claim.str1.4
                0x000000001000e6d0       0x22 CMakeFiles/test.dir/Users/jonah/pico/pico-sdk/src/rp2_common/hardware_timer/timer.c.obj
 *fill*         0x000000001000e6f2        0x2 
 .rodata.panic.str1.4
                0x000000001000e6f4       0x10 CMakeFiles/test.dir/Users/jonah/pico/pico-sdk/src/rp2_common/pico_runtime/runtime.c.obj
                                         0x12 (size before relaxing)
 .rodata.hard_assertion_failure.str1.4
                0x000000001000e704        0xc CMakeFiles/test.dir/Users/jonah/pico/pico-sdk/src/rp2_common/pico_runtime/runtime.c.obj
 .rodata._ftoa.str1.4
                0x000000001000e710       0x15 CMakeFiles/test.dir/Users/jonah/pico/pico-sdk/src/rp2_common/pico_printf/printf.c.obj
 *fill*         0x000000001000e725        0x3 
 .rodata._vsnprintf
                0x000000001000e728      0x1e0 CMakeFiles/test.dir/Users/jonah/pico/pico-sdk/src/rp2_common/pico_printf/printf.c.obj
 .rodata.pow10.0
                0x000000001000e908       0x50 CMakeFiles/test.dir/Users/jonah/pico/pico-sdk/src/rp2_common/pico_printf/printf.c.obj
 .rodata.__wrap_malloc.str1.4
                0x000000001000e958        0xe CMakeFiles/test.dir/Users/jonah/pico/pico-sdk/src/rp2_common/pico_malloc/pico_malloc.c.obj
 *fill*         0x000000001000e966        0x2 
 .rodata.str1.4
                0x000000001000e968       0x3c CMakeFiles/test.dir/Users/jonah/pico/pico-sdk/src/rp2_common/pico_standard_link/binary_info.c.obj
 .rodata.__bi_44
                0x000000001000e9a4        0xc CMakeFiles/test.dir/Users/jonah/pico/pico-sdk/src/rp2_common/pico_standard_link/binary_info.c.obj
 .rodata.__bi_75
                0x000000001000e9b0        0xc CMakeFiles/test.dir/Users/jonah/pico/pico-sdk/src/rp2_common/pico_standard_link/binary_info.c.obj
 .rodata.__bi_81
                0x000000001000e9bc        0xc CMakeFiles/test.dir/Users/jonah/pico/pico-sdk/src/rp2_common/pico_standard_link/binary_info.c.obj
 .rodata.crlf_str.0
                0x000000001000e9c8        0x2 CMakeFiles/test.dir/Users/jonah/pico/pico-sdk/src/rp2_common/pico_stdio/stdio.c.obj
 *fill*         0x000000001000e9ca        0x2 
 .rodata.str1.4
                0x000000001000e9cc       0x2c CMakeFiles/test.dir/Users/jonah/pico/pico-sdk/src/rp2_common/pico_stdio_uart/stdio_uart.c.obj
 .rodata.__bi_28.4
                0x000000001000e9f8        0xc CMakeFiles/test.dir/Users/jonah/pico/pico-sdk/src/rp2_common/pico_stdio_uart/stdio_uart.c.obj
 .rodata.__bi_29.5
                0x000000001000ea04        0x8 CMakeFiles/test.dir/Users/jonah/pico/pico-sdk/src/rp2_common/pico_stdio_uart/stdio_uart.c.obj
 .rodata._resetd_driver
                0x000000001000ea0c       0x18 CMakeFiles/test.dir/Users/jonah/pico/pico-sdk/src/rp2_common/pico_stdio_usb/reset_interface.c.obj
 .rodata.str1.4
                0x000000001000ea24       0x13 CMakeFiles/test.dir/Users/jonah/pico/pico-sdk/src/rp2_common/pico_stdio_usb/stdio_usb.c.obj
 *fill*         0x000000001000ea37        0x1 
 .rodata.__bi_118.0
                0x000000001000ea38        0xc CMakeFiles/test.dir/Users/jonah/pico/pico-sdk/src/rp2_common/pico_stdio_usb/stdio_usb.c.obj
 .rodata.str1.4
                0x000000001000ea44       0x22 CMakeFiles/test.dir/Users/jonah/pico/pico-sdk/src/rp2_common/pico_stdio_usb/stdio_usb_descriptors.c.obj
                                         0x2a (size before relaxing)
 *fill*         0x000000001000ea66        0x2 
 .rodata.usbd_desc_cfg
                0x000000001000ea68       0x54 CMakeFiles/test.dir/Users/jonah/pico/pico-sdk/src/rp2_common/pico_stdio_usb/stdio_usb_descriptors.c.obj
 .rodata.usbd_desc_device
                0x000000001000eabc       0x12 CMakeFiles/test.dir/Users/jonah/pico/pico-sdk/src/rp2_common/pico_stdio_usb/stdio_usb_descriptors.c.obj
 *fill*         0x000000001000eace        0x2 
 .rodata.usbd_desc_str
                0x000000001000ead0       0x18 CMakeFiles/test.dir/Users/jonah/pico/pico-sdk/src/rp2_common/pico_stdio_usb/stdio_usb_descriptors.c.obj
 .rodata.dcd_rp2040_irq.str1.4
                0x000000001000eae8       0x14 CMakeFiles/test.dir/Users/jonah/pico/pico-sdk/lib/tinyusb/src/portable/raspberrypi/rp2040/dcd_rp2040.c.obj
 .rodata._hw_endpoint_buffer_control_update32.part.0.isra.0.str1.4
                0x000000001000eafc       0x1f CMakeFiles/test.dir/Users/jonah/pico/pico-sdk/lib/tinyusb/src/portable/raspberrypi/rp2040/rp2040_usb.c.obj
 *fill*         0x000000001000eb1b        0x1 
 .rodata.hw_endpoint_xfer_continue.str1.4
                0x000000001000eb1c       0x29 CMakeFiles/test.dir/Users/jonah/pico/pico-sdk/lib/tinyusb/src/portable/raspberrypi/rp2040/rp2040_usb.c.obj
 .rodata.str1.4
                0x000000001000eb45       0x29 CMakeFiles/test.dir/Users/jonah/pico/pico-sdk/lib/tinyusb/src/portable/raspberrypi/rp2040/rp2040_usb.c.obj
                                          0x7 (size before relaxing)
 *fill*         0x000000001000eb45        0x3 
 .rodata.tud_task
                0x000000001000eb48       0x8c CMakeFiles/test.dir/Users/jonah/pico/pico-sdk/lib/tinyusb/src/device/usbd.c.obj
 .rodata._usbd_driver
                0x000000001000ebd4       0x18 CMakeFiles/test.dir/Users/jonah/pico/pico-sdk/lib/tinyusb/src/device/usbd.c.obj
 .rodata.DAYS_IN_MONTH
                0x000000001000ebec       0x30 /opt/homebrew/Cellar/arm-none-eabi-gcc/10.3-2021.07/gcc/bin/../lib/gcc/arm-none-eabi/10.3.1/../../../../arm-none-eabi/lib/thumb/v6-m/nofp/libc.a(lib_a-mktime.o)
 .rodata._DAYS_BEFORE_MONTH
                0x000000001000ec1c       0x30 /opt/homebrew/Cellar/arm-none-eabi-gcc/10.3-2021.07/gcc/bin/../lib/gcc/arm-none-eabi/10.3.1/../../../../arm-none-eabi/lib/thumb/v6-m/nofp/libc.a(lib_a-mktime.o)
 .rodata._tzset_unlocked_r.str1.4
                0x000000001000ec4c       0x53 /opt/homebrew/Cellar/arm-none-eabi-gcc/10.3-2021.07/gcc/bin/../lib/gcc/arm-none-eabi/10.3.1/../../../../arm-none-eabi/lib/thumb/v6-m/nofp/libc.a(lib_a-tzset_r.o)
 .rodata.str1.4
                0x000000001000ec9f        0x4 /opt/homebrew/Cellar/arm-none-eabi-gcc/10.3-2021.07/gcc/bin/../lib/gcc/arm-none-eabi/10.3.1/../../../../arm-none-eabi/lib/thumb/v6-m/nofp/libc.a(lib_a-tzvars.o)
 *fill*         0x000000001000ec9f        0x1 
 .rodata.__month_lengths
                0x000000001000eca0       0x60 /opt/homebrew/Cellar/arm-none-eabi-gcc/10.3-2021.07/gcc/bin/../lib/gcc/arm-none-eabi/10.3.1/../../../../arm-none-eabi/lib/thumb/v6-m/nofp/libc.a(lib_a-month_lengths.o)
                0x000000001000eca0                __month_lengths
 .rodata.__ssvfiscanf_r
                0x000000001000ed00      0x290 /opt/homebrew/Cellar/arm-none-eabi-gcc/10.3-2021.07/gcc/bin/../lib/gcc/arm-none-eabi/10.3.1/../../../../arm-none-eabi/lib/thumb/v6-m/nofp/libc.a(lib_a-svfiscanf.o)
 .rodata.basefix.0
                0x000000001000ef90       0x22 /opt/homebrew/Cellar/arm-none-eabi-gcc/10.3-2021.07/gcc/bin/../lib/gcc/arm-none-eabi/10.3.1/../../../../arm-none-eabi/lib/thumb/v6-m/nofp/libc.a(lib_a-svfiscanf.o)
 *fill*         0x000000001000efb2        0x2 
 .rodata._ctype_
                0x000000001000efb4      0x101 /opt/homebrew/Cellar/arm-none-eabi-gcc/10.3-2021.07/gcc/bin/../lib/gcc/arm-none-eabi/10.3.1/../../../../arm-none-eabi/lib/thumb/v6-m/nofp/libc.a(lib_a-ctype_.o)
                0x000000001000efb4                _ctype_
 *fill*         0x000000001000f0b5        0x3 
 .rodata._setlocale_r.str1.4
                0x000000001000f0b8        0x6 /opt/homebrew/Cellar/arm-none-eabi-gcc/10.3-2021.07/gcc/bin/../lib/gcc/arm-none-eabi/10.3.1/../../../../arm-none-eabi/lib/thumb/v6-m/nofp/libc.a(lib_a-locale.o)
                                          0xd (size before relaxing)
 *fill*         0x000000001000f0be        0x2 
 .rodata.str1.4
                0x000000001000f0c0        0x2 /opt/homebrew/Cellar/arm-none-eabi-gcc/10.3-2021.07/gcc/bin/../lib/gcc/arm-none-eabi/10.3.1/../../../../arm-none-eabi/lib/thumb/v6-m/nofp/libc.a(lib_a-locale.o)
 .rodata._mbrtowc_r.str1.4
                0x000000001000f0c2        0x1 /opt/homebrew/Cellar/arm-none-eabi-gcc/10.3-2021.07/gcc/bin/../lib/gcc/arm-none-eabi/10.3.1/../../../../arm-none-eabi/lib/thumb/v6-m/nofp/libc.a(lib_a-mbrtowc.o)
                0x000000001000f0c4                . = ALIGN (0x4)
 *fill*         0x000000001000f0c2        0x2 
 *(SORT_BY_ALIGNMENT(SORT_BY_NAME(.flashdata*)))
                0x000000001000f0c4                . = ALIGN (0x4)

.rel.dyn        0x000000001000f0c4        0x0
 .rel.iplt      0x000000001000f0c4        0x0 /opt/homebrew/Cellar/arm-none-eabi-gcc/10.3-2021.07/gcc/bin/../lib/gcc/arm-none-eabi/10.3.1/thumb/v6-m/nofp/crtbegin.o

.ARM.extab
 *(.ARM.extab* .gnu.linkonce.armextab.*)
                0x000000001000f0c4                __exidx_start = .

.ARM.exidx
 *(.ARM.exidx* .gnu.linkonce.armexidx.*)
                0x000000001000f0c4                __exidx_end = .
                0x000000001000f0c4                . = ALIGN (0x4)
                0x000000001000f0c4                __binary_info_start = .

.binary_info    0x000000001000f0c4       0x2c
 *(.binary_info.keep.*)
 .binary_info.keep.__bi_ptr34
                0x000000001000f0c4        0x4 CMakeFiles/test.dir/Clock.cpp.obj
 .binary_info.keep.__bi_ptr22